Archive member included because of file (symbol)

../../lib/jpeg-6b/libjpeg-6b_lpc2106-cmucam3.a(jcapimin.o)
                              lpc2106-cmucam3_buildfiles/relive.o (jpeg_finish_compress)
../../lib/jpeg-6b/libjpeg-6b_lpc2106-cmucam3.a(jcapistd.o)
                              lpc2106-cmucam3_buildfiles/relive.o (jpeg_write_scanlines)
../../lib/jpeg-6b/libjpeg-6b_lpc2106-cmucam3.a(jcinit.o)
                              ../../lib/jpeg-6b/libjpeg-6b_lpc2106-cmucam3.a(jcapistd.o) (jinit_compress_master)
../../lib/jpeg-6b/libjpeg-6b_lpc2106-cmucam3.a(jcmainct.o)
                              ../../lib/jpeg-6b/libjpeg-6b_lpc2106-cmucam3.a(jcinit.o) (jinit_c_main_controller)
../../lib/jpeg-6b/libjpeg-6b_lpc2106-cmucam3.a(jcmarker.o)
                              ../../lib/jpeg-6b/libjpeg-6b_lpc2106-cmucam3.a(jcapimin.o) (jinit_marker_writer)
../../lib/jpeg-6b/libjpeg-6b_lpc2106-cmucam3.a(jcmaster.o)
                              ../../lib/jpeg-6b/libjpeg-6b_lpc2106-cmucam3.a(jcinit.o) (jinit_c_master_control)
../../lib/jpeg-6b/libjpeg-6b_lpc2106-cmucam3.a(jcomapi.o)
                              ../../lib/jpeg-6b/libjpeg-6b_lpc2106-cmucam3.a(jcapimin.o) (jpeg_abort)
../../lib/jpeg-6b/libjpeg-6b_lpc2106-cmucam3.a(jcparam.o)
                              lpc2106-cmucam3_buildfiles/relive.o (jpeg_set_quality)
../../lib/jpeg-6b/libjpeg-6b_lpc2106-cmucam3.a(jcprepct.o)
                              ../../lib/jpeg-6b/libjpeg-6b_lpc2106-cmucam3.a(jcinit.o) (jinit_c_prep_controller)
../../lib/jpeg-6b/libjpeg-6b_lpc2106-cmucam3.a(jcsample.o)
                              ../../lib/jpeg-6b/libjpeg-6b_lpc2106-cmucam3.a(jcinit.o) (jinit_downsampler)
../../lib/jpeg-6b/libjpeg-6b_lpc2106-cmucam3.a(jdatadst.o)
                              lpc2106-cmucam3_buildfiles/relive.o (jpeg_stdio_dest)
../../lib/jpeg-6b/libjpeg-6b_lpc2106-cmucam3.a(jerror.o)
                              lpc2106-cmucam3_buildfiles/relive.o (jpeg_std_error)
../../lib/jpeg-6b/libjpeg-6b_lpc2106-cmucam3.a(jutils.o)
                              ../../lib/jpeg-6b/libjpeg-6b_lpc2106-cmucam3.a(jcmaster.o) (jdiv_round_up)
../../lib/jpeg-6b/libjpeg-6b_lpc2106-cmucam3.a(jmemmgr.o)
                              ../../lib/jpeg-6b/libjpeg-6b_lpc2106-cmucam3.a(jcapimin.o) (jinit_memory_mgr)
../../lib/jpeg-6b/libjpeg-6b_lpc2106-cmucam3.a(jmemnobs.o)
                              ../../lib/jpeg-6b/libjpeg-6b_lpc2106-cmucam3.a(jmemmgr.o) (jpeg_mem_available)
../../lib/jpeg-6b/libjpeg-6b_lpc2106-cmucam3.a(jccoefct.o)
                              ../../lib/jpeg-6b/libjpeg-6b_lpc2106-cmucam3.a(jcinit.o) (jinit_c_coef_controller)
../../lib/jpeg-6b/libjpeg-6b_lpc2106-cmucam3.a(jccolor.o)
                              ../../lib/jpeg-6b/libjpeg-6b_lpc2106-cmucam3.a(jcinit.o) (jinit_color_converter)
../../lib/jpeg-6b/libjpeg-6b_lpc2106-cmucam3.a(jcdctmgr.o)
                              ../../lib/jpeg-6b/libjpeg-6b_lpc2106-cmucam3.a(jcinit.o) (jinit_forward_dct)
../../lib/jpeg-6b/libjpeg-6b_lpc2106-cmucam3.a(jchuff.o)
                              ../../lib/jpeg-6b/libjpeg-6b_lpc2106-cmucam3.a(jcinit.o) (jinit_huff_encoder)
../../lib/jpeg-6b/libjpeg-6b_lpc2106-cmucam3.a(jfdctint.o)
                              ../../lib/jpeg-6b/libjpeg-6b_lpc2106-cmucam3.a(jcdctmgr.o) (jpeg_fdct_islow)
../../hal/lpc2106-cmucam3/libhal-lpc2106-cmucam3.a(interrupt.o)
                              (--whole-archive)
../../hal/lpc2106-cmucam3/libhal-lpc2106-cmucam3.a(cc3.o)
                              (--whole-archive)
../../hal/lpc2106-cmucam3/libhal-lpc2106-cmucam3.a(cc3_hal.o)
                              (--whole-archive)
../../hal/lpc2106-cmucam3/libhal-lpc2106-cmucam3.a(syscalls.o)
                              (--whole-archive)
../../hal/lpc2106-cmucam3/libhal-lpc2106-cmucam3.a(serial.o)
                              (--whole-archive)
../../hal/lpc2106-cmucam3/libhal-lpc2106-cmucam3.a(servo.o)
                              (--whole-archive)
../../hal/lpc2106-cmucam3/libhal-lpc2106-cmucam3.a(rdcf2.o)
                              (--whole-archive)
../../hal/lpc2106-cmucam3/libhal-lpc2106-cmucam3.a(mmc_hardware.o)
                              (--whole-archive)
../../hal/lpc2106-cmucam3/libhal-lpc2106-cmucam3.a(mmc_driver.o)
                              (--whole-archive)
../../hal/lpc2106-cmucam3/libhal-lpc2106-cmucam3.a(gpio.o)
                              (--whole-archive)
../../hal/lpc2106-cmucam3/libhal-lpc2106-cmucam3.a(devices.o)
                              (--whole-archive)
../../hal/lpc2106-cmucam3/libhal-lpc2106-cmucam3.a(uart_driver.o)
                              (--whole-archive)
../../hal/lpc2106-cmucam3/libhal-lpc2106-cmucam3.a(startup.o)
                              (--whole-archive)
/media/sda4/Documents/Visual Studio 2005/483/CMUCam/arm-2006q3/bin/../lib/gcc/arm-none-eabi/4.1.1/../../../../arm-none-eabi/lib/libm.a(s_cos.o)
                              lpc2106-cmucam3_buildfiles/parser.o (cos)
[...]
Memory Configuration

Name             Origin             Length             Attributes
ROM              0x00000000         0x0001e000         xr
RAM              0x40000000         0x00010000         rw
*default*        0x00000000         0xffffffff

Linker script and memory map

LOAD lpc2106-cmucam3_buildfiles/relive.o
LOAD lpc2106-cmucam3_buildfiles/parser.o
LOAD lpc2106-cmucam3_buildfiles/main.o
LOAD ../../lib/cc3-ilp/libcc3-ilp_lpc2106-cmucam3.a
LOAD ../../lib/jpeg-6b/libjpeg-6b_lpc2106-cmucam3.a
LOAD ../../hal/lpc2106-cmucam3/libhal-lpc2106-cmucam3.a
LOAD /media/sda4/Documents/Visual Studio 2005/483/CMUCam/arm-2006q3/bin/../lib/gcc/arm-none-eabi/4.1.1/../../../../arm-none-eabi/lib/libm.a
START GROUP
LOAD /media/sda4/Documents/Visual Studio 2005/483/CMUCam/arm-2006q3/bin/../lib/gcc/arm-none-eabi/4.1.1/libgcc.a
LOAD /media/sda4/Documents/Visual Studio 2005/483/CMUCam/arm-2006q3/bin/../lib/gcc/arm-none-eabi/4.1.1/../../../../arm-none-eabi/lib/libc.a
END GROUP
                0x00002400                STACK_SIZE = 0x2400

.text           0x00000000    0x186fc
 *(.init)
 .init          0x00000000      0x140 ../../hal/lpc2106-cmucam3/libhal-lpc2106-cmucam3.a(startup.o)
                0x00000000                _boot
                0x0000006c                _mainCRTStartup
                0x0000006c                _start
                0x0000006c                start
 *(.text)
 .text          0x00000140       0x30 /media/sda4/Documents/Visual Studio 2005/483/CMUCam/arm-2006q3/bin/../lib/gcc/arm-none-eabi/4.1.1/../../../../arm-none-eabi/lib/libm.a(s_isnand.o)
                0x00000140                __isnand
 .text          0x00000170      0x114 /media/sda4/Documents/Visual Studio 2005/483/CMUCam/arm-2006q3/bin/../lib/gcc/arm-none-eabi/4.1.1/libgcc.a(_udivsi3.o)
                0x00000170                __udivsi3
                0x00000170                __aeabi_uidiv
                0x0000026c                __aeabi_uidivmod
 .text          0x00000284      0x144 /media/sda4/Documents/Visual Studio 2005/483/CMUCam/arm-2006q3/bin/../lib/gcc/arm-none-eabi/4.1.1/libgcc.a(_divsi3.o)
                0x00000284                __aeabi_idiv
                0x00000284                __divsi3
                0x000003b0                __aeabi_idivmod
 .text          0x000003c8        0x4 /media/sda4/Documents/Visual Studio 2005/483/CMUCam/arm-2006q3/bin/../lib/gcc/arm-none-eabi/4.1.1/libgcc.a(_dvmd_tls.o)
                0x000003c8                __aeabi_ldiv0
                0x000003c8                __div0
                0x000003c8                __aeabi_idiv0
 .text          0x000003cc      0x41c /media/sda4/Documents/Visual Studio 2005/483/CMUCam/arm-2006q3/bin/../lib/gcc/arm-none-eabi/4.1.1/libgcc.a(_addsubdf3.o)
                0x00000788                __floatdidf
                0x0000070c                __floatsidf
                0x000006e8                __aeabi_ui2d
                0x000003cc                __aeabi_drsub
                0x00000734                __extendsfdf2
                0x000003d8                __adddf3
                0x000006e8                __floatunsidf
                0x000003d8                __aeabi_dadd
                0x00000774                __aeabi_ul2d
                0x000003d4                __aeabi_dsub
                0x00000774                __floatundidf
                0x0000070c                __aeabi_i2d
                0x00000788                __aeabi_l2d
                0x00000734                __aeabi_f2d
                0x000003d4                __subdf3
 .text          0x000007e8      0x49c /media/sda4/Documents/Visual Studio 2005/483/CMUCam/arm-2006q3/bin/../lib/gcc/arm-none-eabi/4.1.1/libgcc.a(_muldivdf3.o)
                0x00000a78                __aeabi_ddiv
                0x000007e8                __aeabi_dmul
                0x00000a78                __divdf3
                0x000007e8                __muldf3
 .text          0x00000c84      0x140 /media/sda4/Documents/Visual Studio 2005/483/CMUCam/arm-2006q3/bin/../lib/gcc/arm-none-eabi/4.1.1/libgcc.a(_cmpdf2.o)
                0x00000d7c                __aeabi_dcmple
                0x00000c94                __cmpdf2
                0x00000c94                __eqdf2
                0x00000c84                __gtdf2
                0x00000d34                __aeabi_cdcmple
                0x00000d18                __aeabi_cdrcmple
                0x00000c8c                __ltdf2
                0x00000d64                __aeabi_dcmplt
                0x00000c8c                __ledf2
                0x00000dac                __aeabi_dcmpgt
                0x00000d94                __aeabi_dcmpge
                0x00000c94                __nedf2
                0x00000d4c                __aeabi_dcmpeq
                0x00000d34                __aeabi_cdcmpeq
                0x00000c84                __gedf2
 .text          0x00000dc4       0x5c /media/sda4/Documents/Visual Studio 2005/483/CMUCam/arm-2006q3/bin/../lib/gcc/arm-none-eabi/4.1.1/libgcc.a(_fixdfsi.o)
                0x00000dc4                __fixdfsi
                0x00000dc4                __aeabi_d2iz
 .text          0x00000e20       0x30 /media/sda4/Documents/Visual Studio 2005/483/CMUCam/arm-2006q3/bin/../lib/gcc/arm-none-eabi/4.1.1/../../../../arm-none-eabi/lib/libc.a(calloc.o)
                0x00000e20                calloc
 .text          0x00000e50       0xa0 /media/sda4/Documents/Visual Studio 2005/483/CMUCam/arm-2006q3/bin/../lib/gcc/arm-none-eabi/4.1.1/../../../../arm-none-eabi/lib/libc.a(callocr.o)
                0x00000e50                _calloc_r
 .text          0x00000ef0       0x30 /media/sda4/Documents/Visual Studio 2005/483/CMUCam/arm-2006q3/bin/../lib/gcc/arm-none-eabi/4.1.1/../../../../arm-none-eabi/lib/libc.a(exit.o)
                0x00000ef0                exit
 .text          0x00000f20      0x12c /media/sda4/Documents/Visual Studio 2005/483/CMUCam/arm-2006q3/bin/../lib/gcc/arm-none-eabi/4.1.1/../../../../arm-none-eabi/lib/libc.a(fclose.o)
                0x00000f20                _fclose_r
                0x00001038                fclose
 .text          0x0000104c       0x48 /media/sda4/Documents/Visual Studio 2005/483/CMUCam/arm-2006q3/bin/../lib/gcc/arm-none-eabi/4.1.1/../../../../arm-none-eabi/lib/libc.a(ferror.o)
                0x0000104c                ferror
 .text          0x00001094       0xf0 /media/sda4/Documents/Visual Studio 2005/483/CMUCam/arm-2006q3/bin/../lib/gcc/arm-none-eabi/4.1.1/../../../../arm-none-eabi/lib/libc.a(fflush.o)
                0x00001094                fflush
 .text          0x00001184      0x2c4 /media/sda4/Documents/Visual Studio 2005/483/CMUCam/arm-2006q3/bin/../lib/gcc/arm-none-eabi/4.1.1/../../../../arm-none-eabi/lib/libc.a(findfp.o)
                0x000011f0                __sinit
                0x00001308                __sfmoreglue
                0x000012f8                _cleanup
                0x000012d8                _cleanup_r
                0x000012ac                __fp_lock_all
                0x000011e0                __sfp_lock_acquire
                0x00001360                __sfp
                0x000011ec                __sinit_lock_release
                0x00001280                __fp_unlock_all
                0x000011e4                __sfp_lock_release
                0x000011e8                __sinit_lock_acquire
 .text          0x00001448       0xfc /media/sda4/Documents/Visual Studio 2005/483/CMUCam/arm-2006q3/bin/../lib/gcc/arm-none-eabi/4.1.1/../../../../arm-none-eabi/lib/libc.a(fopen.o)
                0x00001528                fopen
                0x00001448                _fopen_r
 .text          0x00001544       0x30 /media/sda4/Documents/Visual Studio 2005/483/CMUCam/arm-2006q3/bin/../lib/gcc/arm-none-eabi/4.1.1/../../../../arm-none-eabi/lib/libc.a(fprintf.o)
                0x00001544                fprintf
 .text          0x00001574      0x3c0 /media/sda4/Documents/Visual Studio 2005/483/CMUCam/arm-2006q3/bin/../lib/gcc/arm-none-eabi/4.1.1/../../../../arm-none-eabi/lib/libc.a(freer.o)
                0x0000167c                _free_r
                0x00001574                _malloc_trim_r
 .text          0x00001934      0x480 /media/sda4/Documents/Visual Studio 2005/483/CMUCam/arm-2006q3/bin/../lib/gcc/arm-none-eabi/4.1.1/../../../../arm-none-eabi/lib/libc.a(fseek.o)
                0x00001d88                fseek
                0x00001934                _fseek_r
 .text          0x00001db4       0x48 /media/sda4/Documents/Visual Studio 2005/483/CMUCam/arm-2006q3/bin/../lib/gcc/arm-none-eabi/4.1.1/../../../../arm-none-eabi/lib/libc.a(fstatr.o)
                0x00001db4                _fstat_r
 .text          0x00001dfc      0x11c /media/sda4/Documents/Visual Studio 2005/483/CMUCam/arm-2006q3/bin/../lib/gcc/arm-none-eabi/4.1.1/../../../../arm-none-eabi/lib/libc.a(fwalk.o)
                0x00001e88                _fwalk
                0x00001dfc                _fwalk_reent
 .text          0x00001f18       0x94 /media/sda4/Documents/Visual Studio 2005/483/CMUCam/arm-2006q3/bin/../lib/gcc/arm-none-eabi/4.1.1/../../../../arm-none-eabi/lib/libc.a(fwrite.o)
                0x00001f18                fwrite
 .text          0x00001fac       0x1c /media/sda4/Documents/Visual Studio 2005/483/CMUCam/arm-2006q3/bin/../lib/gcc/arm-none-eabi/4.1.1/../../../../arm-none-eabi/lib/libc.a(lcltime_r.o)
                0x00001fac                localtime_r
 .text          0x00001fc8      0x158 /media/sda4/Documents/Visual Studio 2005/483/CMUCam/arm-2006q3/bin/../lib/gcc/arm-none-eabi/4.1.1/../../../../arm-none-eabi/lib/libc.a(makebuf.o)
                0x00001fc8                __smakebuf
 .text          0x00002120       0x50 /media/sda4/Documents/Visual Studio 2005/483/CMUCam/arm-2006q3/bin/../lib/gcc/arm-none-eabi/4.1.1/../../../../arm-none-eabi/lib/libc.a(malloc.o)
                0x00002148                malloc
                0x00002120                free
 .text          0x00002170      0x77c /media/sda4/Documents/Visual Studio 2005/483/CMUCam/arm-2006q3/bin/../lib/gcc/arm-none-eabi/4.1.1/../../../../arm-none-eabi/lib/libc.a(mallocr.o)
                0x00002170                _malloc_r
 .text          0x000028ec       0x98 /media/sda4/Documents/Visual Studio 2005/483/CMUCam/arm-2006q3/bin/../lib/gcc/arm-none-eabi/4.1.1/../../../../arm-none-eabi/lib/libc.a(memcmp.o)
                0x000028ec                memcmp
 .text          0x00002984       0x9c /media/sda4/Documents/Visual Studio 2005/483/CMUCam/arm-2006q3/bin/../lib/gcc/arm-none-eabi/4.1.1/../../../../arm-none-eabi/lib/libc.a(memcpy.o)
                0x00002984                memcpy
 .text          0x00002a20       0x98 /media/sda4/Documents/Visual Studio 2005/483/CMUCam/arm-2006q3/bin/../lib/gcc/arm-none-eabi/4.1.1/../../../../arm-none-eabi/lib/libc.a(memset.o)
                0x00002a20                memset
 .text          0x00002ab8      0x848 /media/sda4/Documents/Visual Studio 2005/483/CMUCam/arm-2006q3/bin/../lib/gcc/arm-none-eabi/4.1.1/../../../../arm-none-eabi/lib/libc.a(mktm_r.o)
                0x00002ab8                __tzcalc_limits
                0x00002d28                _mktm_r
 .text          0x00003300        0x8 /media/sda4/Documents/Visual Studio 2005/483/CMUCam/arm-2006q3/bin/../lib/gcc/arm-none-eabi/4.1.1/../../../../arm-none-eabi/lib/libc.a(mlock.o)
                0x00003304                __malloc_unlock
                0x00003300                __malloc_lock
 .text          0x00003308       0x4c /media/sda4/Documents/Visual Studio 2005/483/CMUCam/arm-2006q3/bin/../lib/gcc/arm-none-eabi/4.1.1/../../../../arm-none-eabi/lib/libc.a(openr.o)
                0x00003308                _open_r
 .text          0x00003354       0x78 /media/sda4/Documents/Visual Studio 2005/483/CMUCam/arm-2006q3/bin/../lib/gcc/arm-none-eabi/4.1.1/../../../../arm-none-eabi/lib/libc.a(perror.o)
                0x000033b8                perror
                0x00003354                _perror_r
 .text          0x000033cc       0x74 /media/sda4/Documents/Visual Studio 2005/483/CMUCam/arm-2006q3/bin/../lib/gcc/arm-none-eabi/4.1.1/../../../../arm-none-eabi/lib/libc.a(printf.o)
                0x000033cc                printf
                0x0000340c                _printf_r
 .text          0x00003440      0x1c4 /media/sda4/Documents/Visual Studio 2005/483/CMUCam/arm-2006q3/bin/../lib/gcc/arm-none-eabi/4.1.1/../../../../arm-none-eabi/lib/libc.a(refill.o)
                0x00003478                __srefill
 .text          0x00003604       0x48 /media/sda4/Documents/Visual Studio 2005/483/CMUCam/arm-2006q3/bin/../lib/gcc/arm-none-eabi/4.1.1/../../../../arm-none-eabi/lib/libc.a(sbrkr.o)
                0x00003604                _sbrk_r
 .text          0x0000364c       0x28 /media/sda4/Documents/Visual Studio 2005/483/CMUCam/arm-2006q3/bin/../lib/gcc/arm-none-eabi/4.1.1/../../../../arm-none-eabi/lib/libc.a(setbuf.o)
                0x0000364c                setbuf
 .text          0x00003674       0x2c /media/sda4/Documents/Visual Studio 2005/483/CMUCam/arm-2006q3/bin/../lib/gcc/arm-none-eabi/4.1.1/../../../../arm-none-eabi/lib/libc.a(setjmp.o)
                0x00003688                longjmp
                0x00003674                setjmp
 .text          0x000036a0      0x1ac /media/sda4/Documents/Visual Studio 2005/483/CMUCam/arm-2006q3/bin/../lib/gcc/arm-none-eabi/4.1.1/../../../../arm-none-eabi/lib/libc.a(setvbuf.o)
                0x000036a0                setvbuf
 .text          0x0000384c      0x150 /media/sda4/Documents/Visual Studio 2005/483/CMUCam/arm-2006q3/bin/../lib/gcc/arm-none-eabi/4.1.1/../../../../arm-none-eabi/lib/libc.a(snprintf.o)
                0x0000384c                snprintf
                0x000038fc                _snprintf_r
 .text          0x0000399c       0xdc /media/sda4/Documents/Visual Studio 2005/483/CMUCam/arm-2006q3/bin/../lib/gcc/arm-none-eabi/4.1.1/../../../../arm-none-eabi/lib/libc.a(sprintf.o)
                0x00003a10                _sprintf_r
                0x0000399c                sprintf
 .text          0x00003a78      0x128 /media/sda4/Documents/Visual Studio 2005/483/CMUCam/arm-2006q3/bin/../lib/gcc/arm-none-eabi/4.1.1/../../../../arm-none-eabi/lib/libc.a(stdio.o)
                0x00003aa0                __sseek
                0x00003b58                __sread
                0x00003a78                __sclose
                0x00003aec                __swrite
 .text          0x00003ba0       0xd0 /media/sda4/Documents/Visual Studio 2005/483/CMUCam/arm-2006q3/bin/../lib/gcc/arm-none-eabi/4.1.1/../../../../arm-none-eabi/lib/libc.a(strcmp.o)
                0x00003ba0                strcmp
 .text          0x00003c70       0x28 /media/sda4/Documents/Visual Studio 2005/483/CMUCam/arm-2006q3/bin/../lib/gcc/arm-none-eabi/4.1.1/../../../../arm-none-eabi/lib/libc.a(strdup.o)
                0x00003c70                strdup
 .text          0x00003c98       0x40 /media/sda4/Documents/Visual Studio 2005/483/CMUCam/arm-2006q3/bin/../lib/gcc/arm-none-eabi/4.1.1/../../../../arm-none-eabi/lib/libc.a(strdup_r.o)
                0x00003c98                _strdup_r
 .text          0x00003cd8      0x64c /media/sda4/Documents/Visual Studio 2005/483/CMUCam/arm-2006q3/bin/../lib/gcc/arm-none-eabi/4.1.1/../../../../arm-none-eabi/lib/libc.a(strerror.o)
                0x00003cd8                strerror
 .text          0x00004324       0x90 /media/sda4/Documents/Visual Studio 2005/483/CMUCam/arm-2006q3/bin/../lib/gcc/arm-none-eabi/4.1.1/../../../../arm-none-eabi/lib/libc.a(strlen.o)
                0x00004324                strlen
 .text          0x000043b4      0x1f0 /media/sda4/Documents/Visual Studio 2005/483/CMUCam/arm-2006q3/bin/../lib/gcc/arm-none-eabi/4.1.1/../../../../arm-none-eabi/lib/libc.a(strtol.o)
                0x00004578                strtol
                0x000043b4                _strtol_r
 .text          0x000045a4       0x18 /media/sda4/Documents/Visual Studio 2005/483/CMUCam/arm-2006q3/bin/../lib/gcc/arm-none-eabi/4.1.1/../../../../arm-none-eabi/lib/libc.a(sysgettod.o)
                0x000045a4                gettimeofday
 .text          0x000045bc        0x8 /media/sda4/Documents/Visual Studio 2005/483/CMUCam/arm-2006q3/bin/../lib/gcc/arm-none-eabi/4.1.1/../../../../arm-none-eabi/lib/libc.a(tzlock.o)
                0x000045c0                __tz_unlock
                0x000045bc                __tz_lock
 .text          0x000045c4        0x8 /media/sda4/Documents/Visual Studio 2005/483/CMUCam/arm-2006q3/bin/../lib/gcc/arm-none-eabi/4.1.1/../../../../arm-none-eabi/lib/libc.a(u_strerr.o)
                0x000045c4                _user_strerror
 .text          0x000045cc     0x2170 /media/sda4/Documents/Visual Studio 2005/483/CMUCam/arm-2006q3/bin/../lib/gcc/arm-none-eabi/4.1.1/../../../../arm-none-eabi/lib/libc.a(vfprintf.o)
                0x0000460c                _vfprintf_r
                0x00006710                vfprintf
 .text          0x0000673c       0x84 /media/sda4/Documents/Visual Studio 2005/483/CMUCam/arm-2006q3/bin/../lib/gcc/arm-none-eabi/4.1.1/../../../../arm-none-eabi/lib/libc.a(wcrtomb.o)
                0x0000673c                _wcrtomb_r
                0x00006794                wcrtomb
 .text          0x000067c0      0x180 /media/sda4/Documents/Visual Studio 2005/483/CMUCam/arm-2006q3/bin/../lib/gcc/arm-none-eabi/4.1.1/../../../../arm-none-eabi/lib/libc.a(wcsrtombs.o)
                0x000067c0                _wcsrtombs_r
                0x000068fc                wcsrtombs
 .text          0x00006940      0x428 /media/sda4/Documents/Visual Studio 2005/483/CMUCam/arm-2006q3/bin/../lib/gcc/arm-none-eabi/4.1.1/../../../../arm-none-eabi/lib/libc.a(wctomb_r.o)
                0x00006940                _wctomb_r
 .text          0x00006d68       0x4c /media/sda4/Documents/Visual Studio 2005/483/CMUCam/arm-2006q3/bin/../lib/gcc/arm-none-eabi/4.1.1/../../../../arm-none-eabi/lib/libc.a(writer.o)
                0x00006d68                _write_r
 .text          0x00006db4      0x10c /media/sda4/Documents/Visual Studio 2005/483/CMUCam/arm-2006q3/bin/../lib/gcc/arm-none-eabi/4.1.1/../../../../arm-none-eabi/lib/libc.a(wsetup.o)
                0x00006db4                __swsetup
 .text          0x00006ec0      0x164 /media/sda4/Documents/Visual Studio 2005/483/CMUCam/arm-2006q3/bin/../lib/gcc/arm-none-eabi/4.1.1/../../../../arm-none-eabi/lib/libc.a(__call_atexit.o)
                0x00006ec0                __call_exitprocs
 .text          0x00007024       0x44 /media/sda4/Documents/Visual Studio 2005/483/CMUCam/arm-2006q3/bin/../lib/gcc/arm-none-eabi/4.1.1/../../../../arm-none-eabi/lib/libc.a(closer.o)
                0x00007024                _close_r
 .text          0x00007068     0x1658 /media/sda4/Documents/Visual Studio 2005/483/CMUCam/arm-2006q3/bin/../lib/gcc/arm-none-eabi/4.1.1/../../../../arm-none-eabi/lib/libc.a(dtoa.o)
                0x00007274                _dtoa_r
 .text          0x000086c0       0xa4 /media/sda4/Documents/Visual Studio 2005/483/CMUCam/arm-2006q3/bin/../lib/gcc/arm-none-eabi/4.1.1/../../../../arm-none-eabi/lib/libc.a(flags.o)
                0x000086c0                __sflags
 .text          0x00008764       0xc0 /media/sda4/Documents/Visual Studio 2005/483/CMUCam/arm-2006q3/bin/../lib/gcc/arm-none-eabi/4.1.1/../../../../arm-none-eabi/lib/libc.a(fputc.o)
                0x00008764                fputc
 .text          0x00008824       0x6c /media/sda4/Documents/Visual Studio 2005/483/CMUCam/arm-2006q3/bin/../lib/gcc/arm-none-eabi/4.1.1/../../../../arm-none-eabi/lib/libc.a(fputs.o)
                0x00008824                fputs
 .text          0x00008890      0x3fc /media/sda4/Documents/Visual Studio 2005/483/CMUCam/arm-2006q3/bin/../lib/gcc/arm-none-eabi/4.1.1/../../../../arm-none-eabi/lib/libc.a(fvwrite.o)
                0x00008890                __sfvwrite
 .text          0x00008c8c        0xc /media/sda4/Documents/Visual Studio 2005/483/CMUCam/arm-2006q3/bin/../lib/gcc/arm-none-eabi/4.1.1/../../../../arm-none-eabi/lib/libc.a(gettzinfo.o)
                0x00008c8c                __gettzinfo
 .text          0x00008c98       0xb0 /media/sda4/Documents/Visual Studio 2005/483/CMUCam/arm-2006q3/bin/../lib/gcc/arm-none-eabi/4.1.1/../../../../arm-none-eabi/lib/libc.a(locale.o)
                0x00008cc4                _setlocale_r
                0x00008c98                __locale_charset
                0x00008ca8                _localeconv_r
                0x00008d2c                setlocale
                0x00008cb4                localeconv
 .text          0x00008d48       0x4c /media/sda4/Documents/Visual Studio 2005/483/CMUCam/arm-2006q3/bin/../lib/gcc/arm-none-eabi/4.1.1/../../../../arm-none-eabi/lib/libc.a(lseekr.o)
                0x00008d48                _lseek_r
 .text          0x00008d94      0x108 /media/sda4/Documents/Visual Studio 2005/483/CMUCam/arm-2006q3/bin/../lib/gcc/arm-none-eabi/4.1.1/../../../../arm-none-eabi/lib/libc.a(memchr.o)
                0x00008d94                memchr
 .text          0x00008e9c       0xfc /media/sda4/Documents/Visual Studio 2005/483/CMUCam/arm-2006q3/bin/../lib/gcc/arm-none-eabi/4.1.1/../../../../arm-none-eabi/lib/libc.a(memmove.o)
                0x00008e9c                memmove
 .text          0x00008f98      0xc5c /media/sda4/Documents/Visual Studio 2005/483/CMUCam/arm-2006q3/bin/../lib/gcc/arm-none-eabi/4.1.1/../../../../arm-none-eabi/lib/libc.a(mprec.o)
                0x000092a0                _mprec_log10
                0x00008fb4                _hi0bits
                0x0000930c                _Balloc
                0x000093a8                _d2b
                0x0000973c                _multiply
                0x0000921c                _ratio
                0x00009b00                _s2b
                0x0000990c                _i2b
                0x0000900c                _lo0bits
                0x000090a0                __mcmp
                0x00009a04                _pow5mult
                0x00009100                _ulp
                0x00009160                _b2d
                0x00009930                _multadd
                0x000094e8                __mdiff
                0x0000962c                _lshift
                0x00008f98                _Bfree
 .text          0x00009bf4       0x4c /media/sda4/Documents/Visual Studio 2005/483/CMUCam/arm-2006q3/bin/../lib/gcc/arm-none-eabi/4.1.1/../../../../arm-none-eabi/lib/libc.a(readr.o)
                0x00009bf4                _read_r
 .text          0x00009c40      0x61c /media/sda4/Documents/Visual Studio 2005/483/CMUCam/arm-2006q3/bin/../lib/gcc/arm-none-eabi/4.1.1/../../../../arm-none-eabi/lib/libc.a(reallocr.o)
                0x00009c40                _realloc_r
 .text          0x0000a25c       0x3c /media/sda4/Documents/Visual Studio 2005/483/CMUCam/arm-2006q3/bin/../lib/gcc/arm-none-eabi/4.1.1/../../../../arm-none-eabi/lib/libc.a(s_isinfd.o)
                0x0000a25c                __isinfd
 .text          0x0000a298      0x10c /media/sda4/Documents/Visual Studio 2005/483/CMUCam/arm-2006q3/bin/../lib/gcc/arm-none-eabi/4.1.1/../../../../arm-none-eabi/lib/libc.a(wbuf.o)
                0x0000a298                __swbuf
 .text          0x0000a3a4       0x1c /media/sda4/Documents/Visual Studio 2005/483/CMUCam/arm-2006q3/bin/../lib/gcc/arm-none-eabi/4.1.1/libgcc.a(_aeabi_uldivmod.o)
                0x0000a3a4                __aeabi_uldivmod
 .text          0x0000a3c0       0x90 /media/sda4/Documents/Visual Studio 2005/483/CMUCam/arm-2006q3/bin/../lib/gcc/arm-none-eabi/4.1.1/libgcc.a(bpabi.o)
                0x0000a3c0                __gnu_uldivmod_helper
                0x0000a408                __gnu_ldivmod_helper
 .text          0x0000a450      0x590 /media/sda4/Documents/Visual Studio 2005/483/CMUCam/arm-2006q3/bin/../lib/gcc/arm-none-eabi/4.1.1/libgcc.a(_divdi3.o)
                0x0000a450                __divdi3
 .text          0x0000a9e0      0x530 /media/sda4/Documents/Visual Studio 2005/483/CMUCam/arm-2006q3/bin/../lib/gcc/arm-none-eabi/4.1.1/libgcc.a(_udivdi3.o)
                0x0000a9e0                __udivdi3
 *(.text.*)
 .text.capture_current_jpeg
                0x0000af10       0x90 lpc2106-cmucam3_buildfiles/relive.o
                0x0000af10                capture_current_jpeg
 .text.init_jpeg
                0x0000afa0       0xc0 lpc2106-cmucam3_buildfiles/relive.o
                0x0000afa0                init_jpeg
 .text.main     0x0000b060      0x294 lpc2106-cmucam3_buildfiles/main.o
                0x0000b060                main
 .text.jpeg_suppress_tables
                0x0000b2f4       0x60 ../../lib/jpeg-6b/libjpeg-6b_lpc2106-cmucam3.a(jcapimin.o)
                0x0000b2f4                jpeg_suppress_tables
 .text.jpeg_finish_compress
                0x0000b354      0x180 ../../lib/jpeg-6b/libjpeg-6b_lpc2106-cmucam3.a(jcapimin.o)
                0x0000b354                jpeg_finish_compress
 .text.jpeg_CreateCompress
                0x0000b4d4      0x120 ../../lib/jpeg-6b/libjpeg-6b_lpc2106-cmucam3.a(jcapimin.o)
                0x0000b4d4                jpeg_CreateCompress
 .text.jpeg_write_scanlines
                0x0000b5f4      0x114 ../../lib/jpeg-6b/libjpeg-6b_lpc2106-cmucam3.a(jcapistd.o)
                0x0000b5f4                jpeg_write_scanlines
 .text.jpeg_start_compress
                0x0000b708       0xc4 ../../lib/jpeg-6b/libjpeg-6b_lpc2106-cmucam3.a(jcapistd.o)
                0x0000b708                jpeg_start_compress
 .text.jinit_compress_master
                0x0000b7cc      0x124 ../../lib/jpeg-6b/libjpeg-6b_lpc2106-cmucam3.a(jcinit.o)
                0x0000b7cc                jinit_compress_master
 .text.start_pass_main
                0x0000b8f0       0x64 ../../lib/jpeg-6b/libjpeg-6b_lpc2106-cmucam3.a(jcmainct.o)
 .text.process_data_simple_main
                0x0000b954      0x118 ../../lib/jpeg-6b/libjpeg-6b_lpc2106-cmucam3.a(jcmainct.o)
 .text.jinit_c_main_controller
                0x0000ba6c       0xd0 ../../lib/jpeg-6b/libjpeg-6b_lpc2106-cmucam3.a(jcmainct.o)
                0x0000ba6c                jinit_c_main_controller
 .text.emit_byte
                0x0000bb3c       0x64 ../../lib/jpeg-6b/libjpeg-6b_lpc2106-cmucam3.a(jcmarker.o)
 .text.emit_marker
                0x0000bba0       0x2c ../../lib/jpeg-6b/libjpeg-6b_lpc2106-cmucam3.a(jcmarker.o)
 .text.emit_2bytes
                0x0000bbcc       0x34 ../../lib/jpeg-6b/libjpeg-6b_lpc2106-cmucam3.a(jcmarker.o)
 .text.emit_dqt
                0x0000bc00      0x11c ../../lib/jpeg-6b/libjpeg-6b_lpc2106-cmucam3.a(jcmarker.o)
 .text.emit_dht
                0x0000bd1c      0x100 ../../lib/jpeg-6b/libjpeg-6b_lpc2106-cmucam3.a(jcmarker.o)
 .text.emit_sof
                0x0000be1c       0xfc ../../lib/jpeg-6b/libjpeg-6b_lpc2106-cmucam3.a(jcmarker.o)
 .text.write_marker_header
                0x0000bf18       0x54 ../../lib/jpeg-6b/libjpeg-6b_lpc2106-cmucam3.a(jcmarker.o)
 .text.write_marker_byte
                0x0000bf6c        0x4 ../../lib/jpeg-6b/libjpeg-6b_lpc2106-cmucam3.a(jcmarker.o)
 .text.write_file_header
                0x0000bf70      0x18c ../../lib/jpeg-6b/libjpeg-6b_lpc2106-cmucam3.a(jcmarker.o)
 .text.write_frame_header
                0x0000c0fc      0x16c ../../lib/jpeg-6b/libjpeg-6b_lpc2106-cmucam3.a(jcmarker.o)
 .text.write_scan_header
                0x0000c268      0x1e4 ../../lib/jpeg-6b/libjpeg-6b_lpc2106-cmucam3.a(jcmarker.o)
 .text.write_file_trailer
                0x0000c44c        0x8 ../../lib/jpeg-6b/libjpeg-6b_lpc2106-cmucam3.a(jcmarker.o)
 .text.write_tables_only
                0x0000c454       0xa0 ../../lib/jpeg-6b/libjpeg-6b_lpc2106-cmucam3.a(jcmarker.o)
 .text.jinit_marker_writer
                0x0000c4f4       0x84 ../../lib/jpeg-6b/libjpeg-6b_lpc2106-cmucam3.a(jcmarker.o)
                0x0000c4f4                jinit_marker_writer
 .text.select_scan_parameters
                0x0000c578       0xa4 ../../lib/jpeg-6b/libjpeg-6b_lpc2106-cmucam3.a(jcmaster.o)
 .text.pass_startup
                0x0000c61c       0x40 ../../lib/jpeg-6b/libjpeg-6b_lpc2106-cmucam3.a(jcmaster.o)
 .text.finish_pass_master
                0x0000c65c       0x8c ../../lib/jpeg-6b/libjpeg-6b_lpc2106-cmucam3.a(jcmaster.o)
 .text.per_scan_setup
                0x0000c6e8      0x1f0 ../../lib/jpeg-6b/libjpeg-6b_lpc2106-cmucam3.a(jcmaster.o)
 .text.prepare_for_pass
                0x0000c8d8      0x1e4 ../../lib/jpeg-6b/libjpeg-6b_lpc2106-cmucam3.a(jcmaster.o)
 .text.jinit_c_master_control
                0x0000cabc      0x34c ../../lib/jpeg-6b/libjpeg-6b_lpc2106-cmucam3.a(jcmaster.o)
                0x0000cabc                jinit_c_master_control
 .text.jpeg_abort
                0x0000ce08       0x4c ../../lib/jpeg-6b/libjpeg-6b_lpc2106-cmucam3.a(jcomapi.o)
                0x0000ce08                jpeg_abort
 .text.jpeg_destroy
                0x0000ce54       0x30 ../../lib/jpeg-6b/libjpeg-6b_lpc2106-cmucam3.a(jcomapi.o)
                0x0000ce54                jpeg_destroy
 .text.jpeg_alloc_quant_table
                0x0000ce84       0x34 ../../lib/jpeg-6b/libjpeg-6b_lpc2106-cmucam3.a(jcomapi.o)
                0x0000ce84                jpeg_alloc_quant_table
 .text.jpeg_alloc_huff_table
                0x0000ceb8       0x34 ../../lib/jpeg-6b/libjpeg-6b_lpc2106-cmucam3.a(jcomapi.o)
                0x0000ceb8                jpeg_alloc_huff_table
 .text.jpeg_quality_scaling
                0x0000ceec       0x5c ../../lib/jpeg-6b/libjpeg-6b_lpc2106-cmucam3.a(jcparam.o)
                0x0000ceec                jpeg_quality_scaling
 .text.jpeg_set_colorspace
                0x0000cf48      0x37c ../../lib/jpeg-6b/libjpeg-6b_lpc2106-cmucam3.a(jcparam.o)
                0x0000cf48                jpeg_set_colorspace
 .text.jpeg_default_colorspace
                0x0000d2c4       0xa4 ../../lib/jpeg-6b/libjpeg-6b_lpc2106-cmucam3.a(jcparam.o)
                0x0000d2c4                jpeg_default_colorspace
 .text.add_huff_table
                0x0000d368       0xac ../../lib/jpeg-6b/libjpeg-6b_lpc2106-cmucam3.a(jcparam.o)
 .text.jpeg_add_quant_table
                0x0000d414      0x130 ../../lib/jpeg-6b/libjpeg-6b_lpc2106-cmucam3.a(jcparam.o)
                0x0000d414                jpeg_add_quant_table
 .text.jpeg_set_linear_quality
                0x0000d544       0x54 ../../lib/jpeg-6b/libjpeg-6b_lpc2106-cmucam3.a(jcparam.o)
                0x0000d544                jpeg_set_linear_quality
 .text.jpeg_set_quality
                0x0000d598       0x30 ../../lib/jpeg-6b/libjpeg-6b_lpc2106-cmucam3.a(jcparam.o)
                0x0000d598                jpeg_set_quality
 .text.jpeg_set_defaults
                0x0000d5c8      0x174 ../../lib/jpeg-6b/libjpeg-6b_lpc2106-cmucam3.a(jcparam.o)
                0x0000d5c8                jpeg_set_defaults
 .text.start_pass_prep
                0x0000d73c       0x48 ../../lib/jpeg-6b/libjpeg-6b_lpc2106-cmucam3.a(jcprepct.o)
 .text.jinit_c_prep_controller
                0x0000d784      0x110 ../../lib/jpeg-6b/libjpeg-6b_lpc2106-cmucam3.a(jcprepct.o)
                0x0000d784                jinit_c_prep_controller
 .text.expand_bottom_edge
                0x0000d894       0x60 ../../lib/jpeg-6b/libjpeg-6b_lpc2106-cmucam3.a(jcprepct.o)
 .text.pre_process_data
                0x0000d8f4      0x1d8 ../../lib/jpeg-6b/libjpeg-6b_lpc2106-cmucam3.a(jcprepct.o)
 .text.start_pass_downsample
                0x0000dacc        0x4 ../../lib/jpeg-6b/libjpeg-6b_lpc2106-cmucam3.a(jcsample.o)
 .text.expand_right_edge
                0x0000dad0       0x50 ../../lib/jpeg-6b/libjpeg-6b_lpc2106-cmucam3.a(jcsample.o)
 .text.sep_downsample
                0x0000db20       0x90 ../../lib/jpeg-6b/libjpeg-6b_lpc2106-cmucam3.a(jcsample.o)
 .text.int_downsample
                0x0000dbb0      0x154 ../../lib/jpeg-6b/libjpeg-6b_lpc2106-cmucam3.a(jcsample.o)
 .text.h2v1_downsample
                0x0000dd04       0xa8 ../../lib/jpeg-6b/libjpeg-6b_lpc2106-cmucam3.a(jcsample.o)
 .text.h2v2_downsample
                0x0000ddac       0xbc ../../lib/jpeg-6b/libjpeg-6b_lpc2106-cmucam3.a(jcsample.o)
 .text.jinit_downsampler
                0x0000de68      0x168 ../../lib/jpeg-6b/libjpeg-6b_lpc2106-cmucam3.a(jcsample.o)
                0x0000de68                jinit_downsampler
 .text.fullsize_downsample
                0x0000dfd0       0x58 ../../lib/jpeg-6b/libjpeg-6b_lpc2106-cmucam3.a(jcsample.o)
 .text.init_destination
                0x0000e028       0x34 ../../lib/jpeg-6b/libjpeg-6b_lpc2106-cmucam3.a(jdatadst.o)
 .text.jpeg_stdio_dest
                0x0000e05c       0x74 ../../lib/jpeg-6b/libjpeg-6b_lpc2106-cmucam3.a(jdatadst.o)
                0x0000e05c                jpeg_stdio_dest
 .text.empty_output_buffer
                0x0000e0d0       0x60 ../../lib/jpeg-6b/libjpeg-6b_lpc2106-cmucam3.a(jdatadst.o)
 .text.term_destination
                0x0000e130       0x8c ../../lib/jpeg-6b/libjpeg-6b_lpc2106-cmucam3.a(jdatadst.o)
 .text.emit_message
                0x0000e1bc       0x68 ../../lib/jpeg-6b/libjpeg-6b_lpc2106-cmucam3.a(jerror.o)
 .text.reset_error_mgr
                0x0000e224       0x14 ../../lib/jpeg-6b/libjpeg-6b_lpc2106-cmucam3.a(jerror.o)
 .text.jpeg_std_error
                0x0000e238       0x70 ../../lib/jpeg-6b/libjpeg-6b_lpc2106-cmucam3.a(jerror.o)
                0x0000e238                jpeg_std_error
 .text.format_message
                0x0000e2a8      0x104 ../../lib/jpeg-6b/libjpeg-6b_lpc2106-cmucam3.a(jerror.o)
 .text.output_message
                0x0000e3ac       0x4c ../../lib/jpeg-6b/libjpeg-6b_lpc2106-cmucam3.a(jerror.o)
 .text.error_exit
                0x0000e3f8       0x28 ../../lib/jpeg-6b/libjpeg-6b_lpc2106-cmucam3.a(jerror.o)
 .text.jdiv_round_up
                0x0000e420       0x20 ../../lib/jpeg-6b/libjpeg-6b_lpc2106-cmucam3.a(jutils.o)
                0x0000e420                jdiv_round_up
 .text.jzero_far
                0x0000e440       0x20 ../../lib/jpeg-6b/libjpeg-6b_lpc2106-cmucam3.a(jutils.o)
                0x0000e440                jzero_far
 .text.jcopy_sample_rows
                0x0000e460       0x58 ../../lib/jpeg-6b/libjpeg-6b_lpc2106-cmucam3.a(jutils.o)
                0x0000e460                jcopy_sample_rows
 .text.out_of_memory
                0x0000e4b8       0x30 ../../lib/jpeg-6b/libjpeg-6b_lpc2106-cmucam3.a(jmemmgr.o)
 .text.do_sarray_io
                0x0000e4e8      0x140 ../../lib/jpeg-6b/libjpeg-6b_lpc2106-cmucam3.a(jmemmgr.o)
 .text.do_barray_io
                0x0000e628      0x144 ../../lib/jpeg-6b/libjpeg-6b_lpc2106-cmucam3.a(jmemmgr.o)
 .text.alloc_small
                0x0000e76c      0x1a4 ../../lib/jpeg-6b/libjpeg-6b_lpc2106-cmucam3.a(jmemmgr.o)
 .text.request_virt_barray
                0x0000e910       0x84 ../../lib/jpeg-6b/libjpeg-6b_lpc2106-cmucam3.a(jmemmgr.o)
 .text.request_virt_sarray
                0x0000e994       0x84 ../../lib/jpeg-6b/libjpeg-6b_lpc2106-cmucam3.a(jmemmgr.o)
 .text.jinit_memory_mgr
                0x0000ea18      0x128 ../../lib/jpeg-6b/libjpeg-6b_lpc2106-cmucam3.a(jmemmgr.o)
                0x0000ea18                jinit_memory_mgr
 .text.free_pool
                0x0000eb40      0x1a0 ../../lib/jpeg-6b/libjpeg-6b_lpc2106-cmucam3.a(jmemmgr.o)
 .text.self_destruct
                0x0000ece0       0x54 ../../lib/jpeg-6b/libjpeg-6b_lpc2106-cmucam3.a(jmemmgr.o)
 .text.access_virt_barray
                0x0000ed34      0x224 ../../lib/jpeg-6b/libjpeg-6b_lpc2106-cmucam3.a(jmemmgr.o)
 .text.access_virt_sarray
                0x0000ef58      0x220 ../../lib/jpeg-6b/libjpeg-6b_lpc2106-cmucam3.a(jmemmgr.o)
 .text.alloc_large
                0x0000f178       0xc4 ../../lib/jpeg-6b/libjpeg-6b_lpc2106-cmucam3.a(jmemmgr.o)
 .text.alloc_barray
                0x0000f23c       0xe0 ../../lib/jpeg-6b/libjpeg-6b_lpc2106-cmucam3.a(jmemmgr.o)
 .text.alloc_sarray
                0x0000f31c       0xe0 ../../lib/jpeg-6b/libjpeg-6b_lpc2106-cmucam3.a(jmemmgr.o)
 .text.realize_virt_arrays
                0x0000f3fc      0x25c ../../lib/jpeg-6b/libjpeg-6b_lpc2106-cmucam3.a(jmemmgr.o)
 .text.jpeg_mem_available
                0x0000f658        0x8 ../../lib/jpeg-6b/libjpeg-6b_lpc2106-cmucam3.a(jmemnobs.o)
                0x0000f658                jpeg_mem_available
 .text.jpeg_open_backing_store
                0x0000f660       0x2c ../../lib/jpeg-6b/libjpeg-6b_lpc2106-cmucam3.a(jmemnobs.o)
                0x0000f660                jpeg_open_backing_store
 .text.jpeg_mem_init
                0x0000f68c        0x8 ../../lib/jpeg-6b/libjpeg-6b_lpc2106-cmucam3.a(jmemnobs.o)
                0x0000f68c                jpeg_mem_init
 .text.jpeg_mem_term
                0x0000f694        0x4 ../../lib/jpeg-6b/libjpeg-6b_lpc2106-cmucam3.a(jmemnobs.o)
                0x0000f694                jpeg_mem_term
 .text.jpeg_free_large
                0x0000f698       0x1c ../../lib/jpeg-6b/libjpeg-6b_lpc2106-cmucam3.a(jmemnobs.o)
                0x0000f698                jpeg_free_large
 .text.jpeg_free_small
                0x0000f6b4       0x1c ../../lib/jpeg-6b/libjpeg-6b_lpc2106-cmucam3.a(jmemnobs.o)
                0x0000f6b4                jpeg_free_small
 .text.jpeg_get_large
                0x0000f6d0       0x1c ../../lib/jpeg-6b/libjpeg-6b_lpc2106-cmucam3.a(jmemnobs.o)
                0x0000f6d0                jpeg_get_large
 .text.jpeg_get_small
                0x0000f6ec       0x1c ../../lib/jpeg-6b/libjpeg-6b_lpc2106-cmucam3.a(jmemnobs.o)
                0x0000f6ec                jpeg_get_small
 .text.start_iMCU_row
                0x0000f708       0x60 ../../lib/jpeg-6b/libjpeg-6b_lpc2106-cmucam3.a(jccoefct.o)
 .text.start_pass_coef
                0x0000f768       0x78 ../../lib/jpeg-6b/libjpeg-6b_lpc2106-cmucam3.a(jccoefct.o)
 .text.jinit_c_coef_controller
                0x0000f7e0       0xa8 ../../lib/jpeg-6b/libjpeg-6b_lpc2106-cmucam3.a(jccoefct.o)
                0x0000f7e0                jinit_c_coef_controller
 .text.compress_data
                0x0000f888      0x2dc ../../lib/jpeg-6b/libjpeg-6b_lpc2106-cmucam3.a(jccoefct.o)
 .text.rgb_ycc_start
                0x0000fb64       0xd0 ../../lib/jpeg-6b/libjpeg-6b_lpc2106-cmucam3.a(jccolor.o)
 .text.rgb_ycc_convert
                0x0000fc34      0x138 ../../lib/jpeg-6b/libjpeg-6b_lpc2106-cmucam3.a(jccolor.o)
 .text.rgb_gray_convert
                0x0000fd6c       0xa0 ../../lib/jpeg-6b/libjpeg-6b_lpc2106-cmucam3.a(jccolor.o)
 .text.cmyk_ycck_convert
                0x0000fe0c      0x150 ../../lib/jpeg-6b/libjpeg-6b_lpc2106-cmucam3.a(jccolor.o)
 .text.grayscale_convert
                0x0000ff5c       0x64 ../../lib/jpeg-6b/libjpeg-6b_lpc2106-cmucam3.a(jccolor.o)
 .text.null_convert
                0x0000ffc0       0x88 ../../lib/jpeg-6b/libjpeg-6b_lpc2106-cmucam3.a(jccolor.o)
 .text.null_method
                0x00010048        0x4 ../../lib/jpeg-6b/libjpeg-6b_lpc2106-cmucam3.a(jccolor.o)
 .text.jinit_color_converter
                0x0001004c      0x308 ../../lib/jpeg-6b/libjpeg-6b_lpc2106-cmucam3.a(jccolor.o)
                0x0001004c                jinit_color_converter
 .text.start_pass_fdctmgr
                0x00010354      0x134 ../../lib/jpeg-6b/libjpeg-6b_lpc2106-cmucam3.a(jcdctmgr.o)
 .text.forward_DCT
                0x00010488      0x1a4 ../../lib/jpeg-6b/libjpeg-6b_lpc2106-cmucam3.a(jcdctmgr.o)
 .text.jinit_forward_dct
                0x0001062c       0x9c ../../lib/jpeg-6b/libjpeg-6b_lpc2106-cmucam3.a(jcdctmgr.o)
                0x0001062c                jinit_forward_dct
 .text.dump_buffer
                0x000106c8       0x48 ../../lib/jpeg-6b/libjpeg-6b_lpc2106-cmucam3.a(jchuff.o)
 .text.jinit_huff_encoder
                0x00010710       0x58 ../../lib/jpeg-6b/libjpeg-6b_lpc2106-cmucam3.a(jchuff.o)
                0x00010710                jinit_huff_encoder
 .text.jpeg_make_c_derived_tbl
                0x00010768      0x2f8 ../../lib/jpeg-6b/libjpeg-6b_lpc2106-cmucam3.a(jchuff.o)
                0x00010768                jpeg_make_c_derived_tbl
 .text.start_pass_huff
                0x00010a60      0x104 ../../lib/jpeg-6b/libjpeg-6b_lpc2106-cmucam3.a(jchuff.o)
 .text.flush_bits
                0x00010b64       0xe0 ../../lib/jpeg-6b/libjpeg-6b_lpc2106-cmucam3.a(jchuff.o)
 .text.finish_pass_huff
                0x00010c44       0xa0 ../../lib/jpeg-6b/libjpeg-6b_lpc2106-cmucam3.a(jchuff.o)
 .text.encode_mcu_huff
                0x00010ce4      0x91c ../../lib/jpeg-6b/libjpeg-6b_lpc2106-cmucam3.a(jchuff.o)
 .text.jpeg_fdct_islow
                0x00011600      0x944 ../../lib/jpeg-6b/libjpeg-6b_lpc2106-cmucam3.a(jfdctint.o)
                0x00011600                jpeg_fdct_islow
 .text.disable_ext_interrupt
                0x00011f44       0x2c ../../hal/lpc2106-cmucam3/libhal-lpc2106-cmucam3.a(interrupt.o)
                0x00011f44                disable_ext_interrupt
 .text.enable_ext_interrupt
                0x00011f70       0x20 ../../hal/lpc2106-cmucam3/libhal-lpc2106-cmucam3.a(interrupt.o)
                0x00011f70                enable_ext_interrupt
 .text.enable_button_interrupt
                0x00011f90       0x28 ../../hal/lpc2106-cmucam3/libhal-lpc2106-cmucam3.a(interrupt.o)
                0x00011f90                enable_button_interrupt
 .text.disable_button_interrupt
                0x00011fb8       0x30 ../../hal/lpc2106-cmucam3/libhal-lpc2106-cmucam3.a(interrupt.o)
                0x00011fb8                disable_button_interrupt
 .text.panic_blink
                0x00011fe8       0x70 ../../hal/lpc2106-cmucam3/libhal-lpc2106-cmucam3.a(interrupt.o)
 .text.data_abort
                0x00012058       0x2c ../../hal/lpc2106-cmucam3/libhal-lpc2106-cmucam3.a(interrupt.o)
                0x00012058                data_abort
 .text.prefetch_abort
                0x00012084       0x2c ../../hal/lpc2106-cmucam3/libhal-lpc2106-cmucam3.a(interrupt.o)
                0x00012084                prefetch_abort
 .text.undefined
                0x000120b0        0x8 ../../hal/lpc2106-cmucam3/libhal-lpc2106-cmucam3.a(interrupt.o)
                0x000120b0                undefined
 .text.swi      0x000120b8       0x1c ../../hal/lpc2106-cmucam3/libhal-lpc2106-cmucam3.a(interrupt.o)
                0x000120b8                swi
 .text.interrupt
                0x000120d4       0x94 ../../hal/lpc2106-cmucam3/libhal-lpc2106-cmucam3.a(interrupt.o)
                0x000120d4                interrupt
 .text.cc3_pixbuf_rewind
                0x00012168       0x84 ../../hal/lpc2106-cmucam3/libhal-lpc2106-cmucam3.a(cc3.o)
                0x00012168                cc3_pixbuf_rewind
 .text.cc3_led_set_state
                0x000121ec       0x90 ../../hal/lpc2106-cmucam3/libhal-lpc2106-cmucam3.a(cc3.o)
                0x000121ec                cc3_led_set_state
 .text.cc3_timer_get_current_ms
                0x0001227c       0x10 ../../hal/lpc2106-cmucam3/libhal-lpc2106-cmucam3.a(cc3.o)
                0x0001227c                cc3_timer_get_current_ms
 .text.cc3_timer_wait_ms
                0x0001228c       0x24 ../../hal/lpc2106-cmucam3/libhal-lpc2106-cmucam3.a(cc3.o)
                0x0001228c                cc3_timer_wait_ms
 .text.cc3_pixbuf_frame_set_coi
                0x000122b0       0x34 ../../hal/lpc2106-cmucam3/libhal-lpc2106-cmucam3.a(cc3.o)
                0x000122b0                cc3_pixbuf_frame_set_coi
 .text._cc3_update_frame_bounds
                0x000122e4       0x40 ../../hal/lpc2106-cmucam3/libhal-lpc2106-cmucam3.a(cc3.o)
 .text.cc3_pixbuf_frame_reset
                0x00012324       0x50 ../../hal/lpc2106-cmucam3/libhal-lpc2106-cmucam3.a(cc3.o)
                0x00012324                cc3_pixbuf_frame_reset
 .text.cc3_button_get_state
                0x00012374       0x34 ../../hal/lpc2106-cmucam3/libhal-lpc2106-cmucam3.a(cc3.o)
                0x00012374                cc3_button_get_state
 .text._cc3_set_cam_ddr
                0x000123a8       0x2c ../../hal/lpc2106-cmucam3/libhal-lpc2106-cmucam3.a(cc3.o)
 .text._cc3_set_cam_ddr_sccb_write
                0x000123d4       0x2c ../../hal/lpc2106-cmucam3/libhal-lpc2106-cmucam3.a(cc3.o)
 .text._cc3_set_cam_ddr_sccb_idle
                0x00012400       0x30 ../../hal/lpc2106-cmucam3/libhal-lpc2106-cmucam3.a(cc3.o)
 .text.cc3_camera_set_raw_register
                0x00012430      0x164 ../../hal/lpc2106-cmucam3/libhal-lpc2106-cmucam3.a(cc3.o)
                0x00012430                cc3_camera_set_raw_register
 .text._cc3_set_register_state
                0x00012594      0x178 ../../hal/lpc2106-cmucam3/libhal-lpc2106-cmucam3.a(cc3.o)
 .text.cc3_camera_set_auto_white_balance
                0x0001270c       0x10 ../../hal/lpc2106-cmucam3/libhal-lpc2106-cmucam3.a(cc3.o)
                0x0001270c                cc3_camera_set_auto_white_balance
 .text.cc3_camera_set_auto_exposure
                0x0001271c       0x10 ../../hal/lpc2106-cmucam3/libhal-lpc2106-cmucam3.a(cc3.o)
                0x0001271c                cc3_camera_set_auto_exposure
 .text.cc3_camera_set_colorspace
                0x0001272c       0x10 ../../hal/lpc2106-cmucam3/libhal-lpc2106-cmucam3.a(cc3.o)
                0x0001272c                cc3_camera_set_colorspace
 .text.cc3_camera_set_resolution
                0x0001273c       0x10 ../../hal/lpc2106-cmucam3/libhal-lpc2106-cmucam3.a(cc3.o)
                0x0001273c                cc3_camera_set_resolution
 .text.cc3_camera_init
                0x0001274c       0x94 ../../hal/lpc2106-cmucam3/libhal-lpc2106-cmucam3.a(cc3.o)
                0x0001274c                cc3_camera_init
 .text.cc3_malloc_rows
                0x000127e0       0x30 ../../hal/lpc2106-cmucam3/libhal-lpc2106-cmucam3.a(cc3.o)
                0x000127e0                cc3_malloc_rows
 .text.cc3_pixbuf_load
                0x00012810       0xb4 ../../hal/lpc2106-cmucam3/libhal-lpc2106-cmucam3.a(cc3.o)
                0x00012810                cc3_pixbuf_load
 .text.cc3_pixbuf_read_rows
                0x000128c4      0x690 ../../hal/lpc2106-cmucam3/libhal-lpc2106-cmucam3.a(cc3.o)
                0x000128c4                cc3_pixbuf_read_rows
 .text._cc3_delay_us_4
                0x00012f54       0x64 ../../hal/lpc2106-cmucam3/libhal-lpc2106-cmucam3.a(cc3_hal.o)
                0x00012f54                _cc3_delay_us_4
 .text._cc3_fifo_reset
                0x00012fb8       0x68 ../../hal/lpc2106-cmucam3/libhal-lpc2106-cmucam3.a(cc3_hal.o)
                0x00012fb8                _cc3_fifo_reset
 .text._cc3_camera_reset
                0x00013020       0x40 ../../hal/lpc2106-cmucam3/libhal-lpc2106-cmucam3.a(cc3_hal.o)
                0x00013020                _cc3_camera_reset
 .text._cc3_delay_sccb
                0x00013060       0x38 ../../hal/lpc2106-cmucam3/libhal-lpc2106-cmucam3.a(cc3_hal.o)
                0x00013060                _cc3_delay_sccb
 .text._cc3_pixbuf_write_rewind
                0x00013098       0x38 ../../hal/lpc2106-cmucam3/libhal-lpc2106-cmucam3.a(cc3_hal.o)
                0x00013098                _cc3_pixbuf_write_rewind
 .text._cc3_system_setup
                0x000130d0       0xb0 ../../hal/lpc2106-cmucam3/libhal-lpc2106-cmucam3.a(cc3_hal.o)
                0x000130d0                _cc3_system_setup
 .text._exit    0x00013180        0x4 ../../hal/lpc2106-cmucam3/libhal-lpc2106-cmucam3.a(syscalls.o)
                0x00013180                _exit
 .text.normalize_filename
                0x00013184       0x5c ../../hal/lpc2106-cmucam3/libhal-lpc2106-cmucam3.a(syscalls.o)
 .text._gettimeofday
                0x000131e0        0x8 ../../hal/lpc2106-cmucam3/libhal-lpc2106-cmucam3.a(syscalls.o)
                0x000131e0                _gettimeofday
 .text._sbrk    0x000131e8       0x54 ../../hal/lpc2106-cmucam3/libhal-lpc2106-cmucam3.a(syscalls.o)
                0x000131e8                _sbrk
 .text._open    0x0001323c       0x88 ../../hal/lpc2106-cmucam3/libhal-lpc2106-cmucam3.a(syscalls.o)
                0x0001323c                _open
 .text.isatty   0x000132c4       0x38 ../../hal/lpc2106-cmucam3/libhal-lpc2106-cmucam3.a(syscalls.o)
                0x000132c4                isatty
 .text._fstat   0x000132fc       0x5c ../../hal/lpc2106-cmucam3/libhal-lpc2106-cmucam3.a(syscalls.o)
                0x000132fc                _fstat
 .text._lseek   0x00013358       0x5c ../../hal/lpc2106-cmucam3/libhal-lpc2106-cmucam3.a(syscalls.o)
                0x00013358                _lseek
 .text._close   0x000133b4       0x4c ../../hal/lpc2106-cmucam3/libhal-lpc2106-cmucam3.a(syscalls.o)
                0x000133b4                _close
 .text._read    0x00013400       0x5c ../../hal/lpc2106-cmucam3/libhal-lpc2106-cmucam3.a(syscalls.o)
                0x00013400                _read
 .text._write   0x0001345c       0x5c ../../hal/lpc2106-cmucam3/libhal-lpc2106-cmucam3.a(syscalls.o)
                0x0001345c                _write
 .text._cc3_uart0_setup
                0x000134b8       0x5c ../../hal/lpc2106-cmucam3/libhal-lpc2106-cmucam3.a(serial.o)
                0x000134b8                _cc3_uart0_setup
 .text._cc3_uart1_setup
                0x00013514       0x5c ../../hal/lpc2106-cmucam3/libhal-lpc2106-cmucam3.a(serial.o)
                0x00013514                _cc3_uart1_setup
 .text.cc3_uart_get_count
                0x00013570        0x8 ../../hal/lpc2106-cmucam3/libhal-lpc2106-cmucam3.a(serial.o)
                0x00013570                cc3_uart_get_count
 .text.uart0_putc
                0x00013578       0x1c ../../hal/lpc2106-cmucam3/libhal-lpc2106-cmucam3.a(serial.o)
                0x00013578                uart0_putc
 .text.uart1_putc
                0x00013594       0x1c ../../hal/lpc2106-cmucam3/libhal-lpc2106-cmucam3.a(serial.o)
                0x00013594                uart1_putc
 .text.uart0_getc
                0x000135b0       0x1c ../../hal/lpc2106-cmucam3/libhal-lpc2106-cmucam3.a(serial.o)
                0x000135b0                uart0_getc
 .text.uart1_getc
                0x000135cc       0x1c ../../hal/lpc2106-cmucam3/libhal-lpc2106-cmucam3.a(serial.o)
                0x000135cc                uart1_getc
 .text.uart0_write
                0x000135e8       0x30 ../../hal/lpc2106-cmucam3/libhal-lpc2106-cmucam3.a(serial.o)
                0x000135e8                uart0_write
 .text.uart0_write_hex
                0x00013618       0x70 ../../hal/lpc2106-cmucam3/libhal-lpc2106-cmucam3.a(serial.o)
                0x00013618                uart0_write_hex
 .text.cc3_uart_init
                0x00013688      0x174 ../../hal/lpc2106-cmucam3/libhal-lpc2106-cmucam3.a(serial.o)
                0x00013688                cc3_uart_init
 .text.servo_lo
                0x000137fc       0x1c ../../hal/lpc2106-cmucam3/libhal-lpc2106-cmucam3.a(servo.o)
 .text._cc3_servo_int
                0x00013818      0x138 ../../hal/lpc2106-cmucam3/libhal-lpc2106-cmucam3.a(servo.o)
                0x00013818                _cc3_servo_int
 .text.name_extension_to_spec
                0x00013950       0x68 ../../hal/lpc2106-cmucam3/libhal-lpc2106-cmucam3.a(rdcf2.o)
 .text.initialize_fcb
                0x000139b8       0xac ../../hal/lpc2106-cmucam3/libhal-lpc2106-cmucam3.a(rdcf2.o)
 .text.rdcf_get_date_and_time
                0x00013a64       0x74 ../../hal/lpc2106-cmucam3/libhal-lpc2106-cmucam3.a(rdcf2.o)
 .text.error_exit
                0x00013ad8       0x10 ../../hal/lpc2106-cmucam3/libhal-lpc2106-cmucam3.a(rdcf2.o)
 .text.check_write_access
                0x00013ae8       0x14 ../../hal/lpc2106-cmucam3/libhal-lpc2106-cmucam3.a(rdcf2.o)
 .text.check_file_character
                0x00013afc       0x24 ../../hal/lpc2106-cmucam3/libhal-lpc2106-cmucam3.a(rdcf2.o)
 .text.spec_to_name_extension
                0x00013b20      0x134 ../../hal/lpc2106-cmucam3/libhal-lpc2106-cmucam3.a(rdcf2.o)
 .text.check_cluster
                0x00013c54       0x24 ../../hal/lpc2106-cmucam3/libhal-lpc2106-cmucam3.a(rdcf2.o)
 .text.first_sector_in_cluster
                0x00013c78       0x30 ../../hal/lpc2106-cmucam3/libhal-lpc2106-cmucam3.a(rdcf2.o)
 .text.write_sector
                0x00013ca8       0x48 ../../hal/lpc2106-cmucam3/libhal-lpc2106-cmucam3.a(rdcf2.o)
 .text.flush_buffer
                0x00013cf0       0x6c ../../hal/lpc2106-cmucam3/libhal-lpc2106-cmucam3.a(rdcf2.o)
 .text.read_sector
                0x00013d5c       0x48 ../../hal/lpc2106-cmucam3/libhal-lpc2106-cmucam3.a(rdcf2.o)
 .text.read_buffer
                0x00013da4       0x54 ../../hal/lpc2106-cmucam3/libhal-lpc2106-cmucam3.a(rdcf2.o)
 .text.find_directory
                0x00013df8       0x60 ../../hal/lpc2106-cmucam3/libhal-lpc2106-cmucam3.a(rdcf2.o)
 .text.update_directory_entry
                0x00013e58       0xe0 ../../hal/lpc2106-cmucam3/libhal-lpc2106-cmucam3.a(rdcf2.o)
 .text.rdcf_close
                0x00013f38       0xac ../../hal/lpc2106-cmucam3/libhal-lpc2106-cmucam3.a(rdcf2.o)
                0x00013f38                rdcf_close
 .text.set_FAT_entry
                0x00013fe4       0xf0 ../../hal/lpc2106-cmucam3/libhal-lpc2106-cmucam3.a(rdcf2.o)
 .text.FAT_entry
                0x000140d4       0xa8 ../../hal/lpc2106-cmucam3/libhal-lpc2106-cmucam3.a(rdcf2.o)
 .text.rdcf_seek
                0x0001417c       0xe4 ../../hal/lpc2106-cmucam3/libhal-lpc2106-cmucam3.a(rdcf2.o)
                0x0001417c                rdcf_seek
 .text.rdcf_read
                0x00014260      0x220 ../../hal/lpc2106-cmucam3/libhal-lpc2106-cmucam3.a(rdcf2.o)
                0x00014260                rdcf_read
 .text.add_new_cluster
                0x00014480       0xac ../../hal/lpc2106-cmucam3/libhal-lpc2106-cmucam3.a(rdcf2.o)
 .text.real_rdcf_write
                0x0001452c      0x2b0 ../../hal/lpc2106-cmucam3/libhal-lpc2106-cmucam3.a(rdcf2.o)
 .text.rdcf_write
                0x000147dc       0x34 ../../hal/lpc2106-cmucam3/libhal-lpc2106-cmucam3.a(rdcf2.o)
                0x000147dc                rdcf_write
 .text.release_FAT_entries
                0x00014810       0x94 ../../hal/lpc2106-cmucam3/libhal-lpc2106-cmucam3.a(rdcf2.o)
 .text.find_file_in_directory_or_find_volume
                0x000148a4      0x25c ../../hal/lpc2106-cmucam3/libhal-lpc2106-cmucam3.a(rdcf2.o)
 .text.find_file
                0x00014b00       0xb0 ../../hal/lpc2106-cmucam3/libhal-lpc2106-cmucam3.a(rdcf2.o)
 .text.rdcf_open
                0x00014bb0      0x1d4 ../../hal/lpc2106-cmucam3/libhal-lpc2106-cmucam3.a(rdcf2.o)
                0x00014bb0                rdcf_open
 .text.rdcf_rename
                0x00014d84      0x128 ../../hal/lpc2106-cmucam3/libhal-lpc2106-cmucam3.a(rdcf2.o)
                0x00014d84                rdcf_rename
 .text.rdcf_delete
                0x00014eac      0x1a8 ../../hal/lpc2106-cmucam3/libhal-lpc2106-cmucam3.a(rdcf2.o)
                0x00014eac                rdcf_delete
 .text.spiPutByte
                0x00015054       0x24 ../../hal/lpc2106-cmucam3/libhal-lpc2106-cmucam3.a(mmc_hardware.o)
 .text.spiGetByte
                0x00015078       0x2c ../../hal/lpc2106-cmucam3/libhal-lpc2106-cmucam3.a(mmc_hardware.o)
 .text.SPI_Send
                0x000150a4       0x30 ../../hal/lpc2106-cmucam3/libhal-lpc2106-cmucam3.a(mmc_hardware.o)
 .text.mmcStatus
                0x000150d4       0x54 ../../hal/lpc2106-cmucam3/libhal-lpc2106-cmucam3.a(mmc_hardware.o)
 .text._cc3_mmc_idle
                0x00015128       0x18 ../../hal/lpc2106-cmucam3/libhal-lpc2106-cmucam3.a(mmc_hardware.o)
                0x00015128                _cc3_mmc_idle
 .text.selectMMC
                0x00015140       0x34 ../../hal/lpc2106-cmucam3/libhal-lpc2106-cmucam3.a(mmc_hardware.o)
 .text.unselectMMC
                0x00015174       0x44 ../../hal/lpc2106-cmucam3/libhal-lpc2106-cmucam3.a(mmc_hardware.o)
 .text._cc3_mmc_block_write
                0x000151b8       0xd8 ../../hal/lpc2106-cmucam3/libhal-lpc2106-cmucam3.a(mmc_hardware.o)
                0x000151b8                _cc3_mmc_block_write
 .text._cc3_mmc_block_read
                0x00015290       0xb4 ../../hal/lpc2106-cmucam3/libhal-lpc2106-cmucam3.a(mmc_hardware.o)
                0x00015290                _cc3_mmc_block_read
 .text._cc3_mmc_init
                0x00015344      0x2a8 ../../hal/lpc2106-cmucam3/libhal-lpc2106-cmucam3.a(mmc_hardware.o)
                0x00015344                _cc3_mmc_init
 .text.mmc_recognize
                0x000155ec       0x34 ../../hal/lpc2106-cmucam3/libhal-lpc2106-cmucam3.a(mmc_driver.o)
 .text.remove_prefix
                0x00015620        0x8 ../../hal/lpc2106-cmucam3/libhal-lpc2106-cmucam3.a(mmc_driver.o)
 .text.mmc_fstat
                0x00015628       0x18 ../../hal/lpc2106-cmucam3/libhal-lpc2106-cmucam3.a(mmc_driver.o)
 .text.allocate_1_fcb
                0x00015640       0x3c ../../hal/lpc2106-cmucam3/libhal-lpc2106-cmucam3.a(mmc_driver.o)
 .text.mmc_rename
                0x0001567c       0xb8 ../../hal/lpc2106-cmucam3/libhal-lpc2106-cmucam3.a(mmc_driver.o)
 .text.mmc_unlink
                0x00015734       0xac ../../hal/lpc2106-cmucam3/libhal-lpc2106-cmucam3.a(mmc_driver.o)
 .text.mmc_lseek
                0x000157e0       0xb4 ../../hal/lpc2106-cmucam3/libhal-lpc2106-cmucam3.a(mmc_driver.o)
 .text.mmc_write
                0x00015894       0x8c ../../hal/lpc2106-cmucam3/libhal-lpc2106-cmucam3.a(mmc_driver.o)
 .text.mmc_read
                0x00015920       0x8c ../../hal/lpc2106-cmucam3/libhal-lpc2106-cmucam3.a(mmc_driver.o)
 .text.mmc_close
                0x000159ac       0xcc ../../hal/lpc2106-cmucam3/libhal-lpc2106-cmucam3.a(mmc_driver.o)
 .text.mmc_open
                0x00015a78      0x10c ../../hal/lpc2106-cmucam3/libhal-lpc2106-cmucam3.a(mmc_driver.o)
 .text.cc3_filesystem_init
                0x00015b84       0x18 ../../hal/lpc2106-cmucam3/libhal-lpc2106-cmucam3.a(devices.o)
                0x00015b84                cc3_filesystem_init
 .text._cc3_get_driver_for_name
                0x00015b9c       0x5c ../../hal/lpc2106-cmucam3/libhal-lpc2106-cmucam3.a(devices.o)
                0x00015b9c                _cc3_get_driver_for_name
 .text._cc3_get_internal_file_number
                0x00015bf8        0x8 ../../hal/lpc2106-cmucam3/libhal-lpc2106-cmucam3.a(devices.o)
                0x00015bf8                _cc3_get_internal_file_number
 .text._cc3_get_driver_for_file_number
                0x00015c00       0x24 ../../hal/lpc2106-cmucam3/libhal-lpc2106-cmucam3.a(devices.o)
                0x00015c00                _cc3_get_driver_for_file_number
 .text._cc3_make_file_number
                0x00015c24       0x14 ../../hal/lpc2106-cmucam3/libhal-lpc2106-cmucam3.a(devices.o)
                0x00015c24                _cc3_make_file_number
 .text.uart_close
                0x00015c38        0x8 ../../hal/lpc2106-cmucam3/libhal-lpc2106-cmucam3.a(uart_driver.o)
 .text.uart_read
                0x00015c40       0xe4 ../../hal/lpc2106-cmucam3/libhal-lpc2106-cmucam3.a(uart_driver.o)
 .text.uart_write
                0x00015d24      0x118 ../../hal/lpc2106-cmucam3/libhal-lpc2106-cmucam3.a(uart_driver.o)
 .text.uart_lseek
                0x00015e3c       0x18 ../../hal/lpc2106-cmucam3/libhal-lpc2106-cmucam3.a(uart_driver.o)
 .text.uart_fstat
                0x00015e54       0x10 ../../hal/lpc2106-cmucam3/libhal-lpc2106-cmucam3.a(uart_driver.o)
 .text.uart_unlink
                0x00015e64       0x18 ../../hal/lpc2106-cmucam3/libhal-lpc2106-cmucam3.a(uart_driver.o)
 .text.uart_rename
                0x00015e7c       0x18 ../../hal/lpc2106-cmucam3/libhal-lpc2106-cmucam3.a(uart_driver.o)
 .text.process_uart_filename
                0x00015e94       0x70 ../../hal/lpc2106-cmucam3/libhal-lpc2106-cmucam3.a(uart_driver.o)
 .text.uart_recognize
                0x00015f04       0x20 ../../hal/lpc2106-cmucam3/libhal-lpc2106-cmucam3.a(uart_driver.o)
 .text.uart_open
                0x00015f24       0x3c ../../hal/lpc2106-cmucam3/libhal-lpc2106-cmucam3.a(uart_driver.o)
 *(.gnu.linkonce.t.*)
 *(.glue_7)
 .glue_7        0x00015f60        0x0 lpc2106-cmucam3_buildfiles/relive.o
 .glue_7        0x00015f60        0x0 lpc2106-cmucam3_buildfiles/parser.o
 .glue_7        0x00015f60        0x0 lpc2106-cmucam3_buildfiles/main.o
 .glue_7        0x00015f60        0x0 ../../lib/jpeg-6b/libjpeg-6b_lpc2106-cmucam3.a(jcapimin.o)
 .glue_7        0x00015f60        0x0 ../../lib/jpeg-6b/libjpeg-6b_lpc2106-cmucam3.a(jcapistd.o)
 .glue_7        0x00015f60        0x0 ../../lib/jpeg-6b/libjpeg-6b_lpc2106-cmucam3.a(jcinit.o)
 .glue_7        0x00015f60        0x0 ../../lib/jpeg-6b/libjpeg-6b_lpc2106-cmucam3.a(jcmainct.o)
 .glue_7        0x00015f60        0x0 ../../lib/jpeg-6b/libjpeg-6b_lpc2106-cmucam3.a(jcmarker.o)
 .glue_7        0x00015f60        0x0 ../../lib/jpeg-6b/libjpeg-6b_lpc2106-cmucam3.a(jcmaster.o)
 .glue_7        0x00015f60        0x0 ../../lib/jpeg-6b/libjpeg-6b_lpc2106-cmucam3.a(jcomapi.o)
 .glue_7        0x00015f60        0x0 ../../lib/jpeg-6b/libjpeg-6b_lpc2106-cmucam3.a(jcparam.o)
 .glue_7        0x00015f60        0x0 ../../lib/jpeg-6b/libjpeg-6b_lpc2106-cmucam3.a(jcprepct.o)
 .glue_7        0x00015f60        0x0 ../../lib/jpeg-6b/libjpeg-6b_lpc2106-cmucam3.a(jcsample.o)
 .glue_7        0x00015f60        0x0 ../../lib/jpeg-6b/libjpeg-6b_lpc2106-cmucam3.a(jdatadst.o)
 .glue_7        0x00015f60        0x0 ../../lib/jpeg-6b/libjpeg-6b_lpc2106-cmucam3.a(jerror.o)
 .glue_7        0x00015f60        0x0 ../../lib/jpeg-6b/libjpeg-6b_lpc2106-cmucam3.a(jutils.o)
 .glue_7        0x00015f60        0x0 ../../lib/jpeg-6b/libjpeg-6b_lpc2106-cmucam3.a(jmemmgr.o)
 .glue_7        0x00015f60        0x0 ../../lib/jpeg-6b/libjpeg-6b_lpc2106-cmucam3.a(jmemnobs.o)
 .glue_7        0x00015f60        0x0 ../../lib/jpeg-6b/libjpeg-6b_lpc2106-cmucam3.a(jccoefct.o)
 .glue_7        0x00015f60        0x0 ../../lib/jpeg-6b/libjpeg-6b_lpc2106-cmucam3.a(jccolor.o)
 .glue_7        0x00015f60        0x0 ../../lib/jpeg-6b/libjpeg-6b_lpc2106-cmucam3.a(jcdctmgr.o)
 .glue_7        0x00015f60        0x0 ../../lib/jpeg-6b/libjpeg-6b_lpc2106-cmucam3.a(jchuff.o)
 .glue_7        0x00015f60        0x0 ../../lib/jpeg-6b/libjpeg-6b_lpc2106-cmucam3.a(jfdctint.o)
 .glue_7        0x00015f60        0x0 ../../hal/lpc2106-cmucam3/libhal-lpc2106-cmucam3.a(interrupt.o)
 .glue_7        0x00015f60        0x0 ../../hal/lpc2106-cmucam3/libhal-lpc2106-cmucam3.a(cc3.o)
 .glue_7        0x00015f60        0x0 ../../hal/lpc2106-cmucam3/libhal-lpc2106-cmucam3.a(cc3_hal.o)
 .glue_7        0x00015f60        0x0 ../../hal/lpc2106-cmucam3/libhal-lpc2106-cmucam3.a(syscalls.o)
 .glue_7        0x00015f60        0x0 ../../hal/lpc2106-cmucam3/libhal-lpc2106-cmucam3.a(serial.o)
 .glue_7        0x00015f60        0x0 ../../hal/lpc2106-cmucam3/libhal-lpc2106-cmucam3.a(servo.o)
 .glue_7        0x00015f60        0x0 ../../hal/lpc2106-cmucam3/libhal-lpc2106-cmucam3.a(rdcf2.o)
 .glue_7        0x00015f60        0x0 ../../hal/lpc2106-cmucam3/libhal-lpc2106-cmucam3.a(mmc_hardware.o)
 .glue_7        0x00015f60        0x0 ../../hal/lpc2106-cmucam3/libhal-lpc2106-cmucam3.a(mmc_driver.o)
 .glue_7        0x00015f60        0x0 ../../hal/lpc2106-cmucam3/libhal-lpc2106-cmucam3.a(gpio.o)
 .glue_7        0x00015f60        0x0 ../../hal/lpc2106-cmucam3/libhal-lpc2106-cmucam3.a(devices.o)
 .glue_7        0x00015f60        0x0 ../../hal/lpc2106-cmucam3/libhal-lpc2106-cmucam3.a(uart_driver.o)
 .glue_7        0x00015f60        0x0 ../../hal/lpc2106-cmucam3/libhal-lpc2106-cmucam3.a(startup.o)
 .glue_7        0x00015f60        0x0 /media/sda4/Documents/Visual Studio 2005/483/CMUCam/arm-2006q3/bin/../lib/gcc/arm-none-eabi/4.1.1/../../../../arm-none-eabi/lib/libm.a(s_cos.o)
 .glue_7        0x00015f60        0x0 /media/sda4/Documents/Visual Studio 2005/483/CMUCam/arm-2006q3/bin/../lib/gcc/arm-none-eabi/4.1.1/../../../../arm-none-eabi/lib/libm.a(s_sin.o)
 .glue_7        0x00015f60        0x0 /media/sda4/Documents/Visual Studio 2005/483/CMUCam/arm-2006q3/bin/../lib/gcc/arm-none-eabi/4.1.1/../../../../arm-none-eabi/lib/libm.a(w_atan2.o)
 .glue_7        0x00015f60        0x0 /media/sda4/Documents/Visual Studio 2005/483/CMUCam/arm-2006q3/bin/../lib/gcc/arm-none-eabi/4.1.1/../../../../arm-none-eabi/lib/libm.a(w_pow.o)
 .glue_7        0x00015f60        0x0 /media/sda4/Documents/Visual Studio 2005/483/CMUCam/arm-2006q3/bin/../lib/gcc/arm-none-eabi/4.1.1/../../../../arm-none-eabi/lib/libm.a(w_sqrt.o)
 .glue_7        0x00015f60        0x0 /media/sda4/Documents/Visual Studio 2005/483/CMUCam/arm-2006q3/bin/../lib/gcc/arm-none-eabi/4.1.1/../../../../arm-none-eabi/lib/libm.a(e_atan2.o)
 .glue_7        0x00015f60        0x0 /media/sda4/Documents/Visual Studio 2005/483/CMUCam/arm-2006q3/bin/../lib/gcc/arm-none-eabi/4.1.1/../../../../arm-none-eabi/lib/libm.a(e_pow.o)
 .glue_7        0x00015f60        0x0 /media/sda4/Documents/Visual Studio 2005/483/CMUCam/arm-2006q3/bin/../lib/gcc/arm-none-eabi/4.1.1/../../../../arm-none-eabi/lib/libm.a(e_rem_pio2.o)
 .glue_7        0x00015f60        0x0 /media/sda4/Documents/Visual Studio 2005/483/CMUCam/arm-2006q3/bin/../lib/gcc/arm-none-eabi/4.1.1/../../../../arm-none-eabi/lib/libm.a(e_sqrt.o)
 .glue_7        0x00015f60        0x0 /media/sda4/Documents/Visual Studio 2005/483/CMUCam/arm-2006q3/bin/../lib/gcc/arm-none-eabi/4.1.1/../../../../arm-none-eabi/lib/libm.a(k_cos.o)
 .glue_7        0x00015f60        0x0 /media/sda4/Documents/Visual Studio 2005/483/CMUCam/arm-2006q3/bin/../lib/gcc/arm-none-eabi/4.1.1/../../../../arm-none-eabi/lib/libm.a(k_rem_pio2.o)
 .glue_7        0x00015f60        0x0 /media/sda4/Documents/Visual Studio 2005/483/CMUCam/arm-2006q3/bin/../lib/gcc/arm-none-eabi/4.1.1/../../../../arm-none-eabi/lib/libm.a(k_sin.o)
 .glue_7        0x00015f60        0x0 /media/sda4/Documents/Visual Studio 2005/483/CMUCam/arm-2006q3/bin/../lib/gcc/arm-none-eabi/4.1.1/../../../../arm-none-eabi/lib/libm.a(s_atan.o)
 .glue_7        0x00015f60        0x0 /media/sda4/Documents/Visual Studio 2005/483/CMUCam/arm-2006q3/bin/../lib/gcc/arm-none-eabi/4.1.1/../../../../arm-none-eabi/lib/libm.a(s_fabs.o)
 .glue_7        0x00015f60        0x0 /media/sda4/Documents/Visual Studio 2005/483/CMUCam/arm-2006q3/bin/../lib/gcc/arm-none-eabi/4.1.1/../../../../arm-none-eabi/lib/libm.a(s_finite.o)
 .glue_7        0x00015f60        0x0 /media/sda4/Documents/Visual Studio 2005/483/CMUCam/arm-2006q3/bin/../lib/gcc/arm-none-eabi/4.1.1/../../../../arm-none-eabi/lib/libm.a(s_floor.o)
 .glue_7        0x00015f60        0x0 /media/sda4/Documents/Visual Studio 2005/483/CMUCam/arm-2006q3/bin/../lib/gcc/arm-none-eabi/4.1.1/../../../../arm-none-eabi/lib/libm.a(s_isnand.o)
 .glue_7        0x00015f60        0x0 /media/sda4/Documents/Visual Studio 2005/483/CMUCam/arm-2006q3/bin/../lib/gcc/arm-none-eabi/4.1.1/../../../../arm-none-eabi/lib/libm.a(s_lib_ver.o)
 .glue_7        0x00015f60        0x0 /media/sda4/Documents/Visual Studio 2005/483/CMUCam/arm-2006q3/bin/../lib/gcc/arm-none-eabi/4.1.1/../../../../arm-none-eabi/lib/libm.a(s_matherr.o)
 .glue_7        0x00015f60        0x0 /media/sda4/Documents/Visual Studio 2005/483/CMUCam/arm-2006q3/bin/../lib/gcc/arm-none-eabi/4.1.1/../../../../arm-none-eabi/lib/libm.a(s_rint.o)
 .glue_7        0x00015f60        0x0 /media/sda4/Documents/Visual Studio 2005/483/CMUCam/arm-2006q3/bin/../lib/gcc/arm-none-eabi/4.1.1/../../../../arm-none-eabi/lib/libm.a(s_scalbn.o)
 .glue_7        0x00015f60        0x0 /media/sda4/Documents/Visual Studio 2005/483/CMUCam/arm-2006q3/bin/../lib/gcc/arm-none-eabi/4.1.1/../../../../arm-none-eabi/lib/libm.a(s_copysign.o)
 .glue_7        0x00015f60        0x0 /media/sda4/Documents/Visual Studio 2005/483/CMUCam/arm-2006q3/bin/../lib/gcc/arm-none-eabi/4.1.1/libgcc.a(_udivsi3.o)
 .glue_7        0x00015f60        0x0 /media/sda4/Documents/Visual Studio 2005/483/CMUCam/arm-2006q3/bin/../lib/gcc/arm-none-eabi/4.1.1/libgcc.a(_divsi3.o)
 .glue_7        0x00015f60        0x0 /media/sda4/Documents/Visual Studio 2005/483/CMUCam/arm-2006q3/bin/../lib/gcc/arm-none-eabi/4.1.1/libgcc.a(_dvmd_tls.o)
 .glue_7        0x00015f60        0x0 /media/sda4/Documents/Visual Studio 2005/483/CMUCam/arm-2006q3/bin/../lib/gcc/arm-none-eabi/4.1.1/libgcc.a(_addsubdf3.o)
 .glue_7        0x00015f60        0x0 /media/sda4/Documents/Visual Studio 2005/483/CMUCam/arm-2006q3/bin/../lib/gcc/arm-none-eabi/4.1.1/libgcc.a(_muldivdf3.o)
 .glue_7        0x00015f60        0x0 /media/sda4/Documents/Visual Studio 2005/483/CMUCam/arm-2006q3/bin/../lib/gcc/arm-none-eabi/4.1.1/libgcc.a(_cmpdf2.o)
 .glue_7        0x00015f60        0x0 /media/sda4/Documents/Visual Studio 2005/483/CMUCam/arm-2006q3/bin/../lib/gcc/arm-none-eabi/4.1.1/libgcc.a(_fixdfsi.o)
 .glue_7        0x00015f60        0x0 /media/sda4/Documents/Visual Studio 2005/483/CMUCam/arm-2006q3/bin/../lib/gcc/arm-none-eabi/4.1.1/../../../../arm-none-eabi/lib/libc.a(atoi.o)
 .glue_7        0x00015f60        0x0 /media/sda4/Documents/Visual Studio 2005/483/CMUCam/arm-2006q3/bin/../lib/gcc/arm-none-eabi/4.1.1/../../../../arm-none-eabi/lib/libc.a(calloc.o)
 .glue_7        0x00015f60        0x0 /media/sda4/Documents/Visual Studio 2005/483/CMUCam/arm-2006q3/bin/../lib/gcc/arm-none-eabi/4.1.1/../../../../arm-none-eabi/lib/libc.a(callocr.o)
 .glue_7        0x00015f60        0x0 /media/sda4/Documents/Visual Studio 2005/483/CMUCam/arm-2006q3/bin/../lib/gcc/arm-none-eabi/4.1.1/../../../../arm-none-eabi/lib/libc.a(ctype_.o)
 .glue_7        0x00015f60        0x0 /media/sda4/Documents/Visual Studio 2005/483/CMUCam/arm-2006q3/bin/../lib/gcc/arm-none-eabi/4.1.1/../../../../arm-none-eabi/lib/libc.a(errno.o)
 .glue_7        0x00015f60        0x0 /media/sda4/Documents/Visual Studio 2005/483/CMUCam/arm-2006q3/bin/../lib/gcc/arm-none-eabi/4.1.1/../../../../arm-none-eabi/lib/libc.a(exit.o)
 .glue_7        0x00015f60        0x0 /media/sda4/Documents/Visual Studio 2005/483/CMUCam/arm-2006q3/bin/../lib/gcc/arm-none-eabi/4.1.1/../../../../arm-none-eabi/lib/libc.a(fclose.o)
 .glue_7        0x00015f60        0x0 /media/sda4/Documents/Visual Studio 2005/483/CMUCam/arm-2006q3/bin/../lib/gcc/arm-none-eabi/4.1.1/../../../../arm-none-eabi/lib/libc.a(ferror.o)
 .glue_7        0x00015f60        0x0 /media/sda4/Documents/Visual Studio 2005/483/CMUCam/arm-2006q3/bin/../lib/gcc/arm-none-eabi/4.1.1/../../../../arm-none-eabi/lib/libc.a(fflush.o)
 .glue_7        0x00015f60        0x0 /media/sda4/Documents/Visual Studio 2005/483/CMUCam/arm-2006q3/bin/../lib/gcc/arm-none-eabi/4.1.1/../../../../arm-none-eabi/lib/libc.a(findfp.o)
 .glue_7        0x00015f60        0x0 /media/sda4/Documents/Visual Studio 2005/483/CMUCam/arm-2006q3/bin/../lib/gcc/arm-none-eabi/4.1.1/../../../../arm-none-eabi/lib/libc.a(fopen.o)
 .glue_7        0x00015f60        0x0 /media/sda4/Documents/Visual Studio 2005/483/CMUCam/arm-2006q3/bin/../lib/gcc/arm-none-eabi/4.1.1/../../../../arm-none-eabi/lib/libc.a(fprintf.o)
 .glue_7        0x00015f60        0x0 /media/sda4/Documents/Visual Studio 2005/483/CMUCam/arm-2006q3/bin/../lib/gcc/arm-none-eabi/4.1.1/../../../../arm-none-eabi/lib/libc.a(freer.o)
 .glue_7        0x00015f60        0x0 /media/sda4/Documents/Visual Studio 2005/483/CMUCam/arm-2006q3/bin/../lib/gcc/arm-none-eabi/4.1.1/../../../../arm-none-eabi/lib/libc.a(fseek.o)
 .glue_7        0x00015f60        0x0 /media/sda4/Documents/Visual Studio 2005/483/CMUCam/arm-2006q3/bin/../lib/gcc/arm-none-eabi/4.1.1/../../../../arm-none-eabi/lib/libc.a(fstatr.o)
 .glue_7        0x00015f60        0x0 /media/sda4/Documents/Visual Studio 2005/483/CMUCam/arm-2006q3/bin/../lib/gcc/arm-none-eabi/4.1.1/../../../../arm-none-eabi/lib/libc.a(fwalk.o)
 .glue_7        0x00015f60        0x0 /media/sda4/Documents/Visual Studio 2005/483/CMUCam/arm-2006q3/bin/../lib/gcc/arm-none-eabi/4.1.1/../../../../arm-none-eabi/lib/libc.a(fwrite.o)
 .glue_7        0x00015f60        0x0 /media/sda4/Documents/Visual Studio 2005/483/CMUCam/arm-2006q3/bin/../lib/gcc/arm-none-eabi/4.1.1/../../../../arm-none-eabi/lib/libc.a(impure.o)
 .glue_7        0x00015f60        0x0 /media/sda4/Documents/Visual Studio 2005/483/CMUCam/arm-2006q3/bin/../lib/gcc/arm-none-eabi/4.1.1/../../../../arm-none-eabi/lib/libc.a(lcltime_r.o)
 .glue_7        0x00015f60        0x0 /media/sda4/Documents/Visual Studio 2005/483/CMUCam/arm-2006q3/bin/../lib/gcc/arm-none-eabi/4.1.1/../../../../arm-none-eabi/lib/libc.a(makebuf.o)
 .glue_7        0x00015f60        0x0 /media/sda4/Documents/Visual Studio 2005/483/CMUCam/arm-2006q3/bin/../lib/gcc/arm-none-eabi/4.1.1/../../../../arm-none-eabi/lib/libc.a(malloc.o)
 .glue_7        0x00015f60        0x0 /media/sda4/Documents/Visual Studio 2005/483/CMUCam/arm-2006q3/bin/../lib/gcc/arm-none-eabi/4.1.1/../../../../arm-none-eabi/lib/libc.a(mallocr.o)
 .glue_7        0x00015f60        0x0 /media/sda4/Documents/Visual Studio 2005/483/CMUCam/arm-2006q3/bin/../lib/gcc/arm-none-eabi/4.1.1/../../../../arm-none-eabi/lib/libc.a(memcmp.o)
 .glue_7        0x00015f60        0x0 /media/sda4/Documents/Visual Studio 2005/483/CMUCam/arm-2006q3/bin/../lib/gcc/arm-none-eabi/4.1.1/../../../../arm-none-eabi/lib/libc.a(memcpy.o)
 .glue_7        0x00015f60        0x0 /media/sda4/Documents/Visual Studio 2005/483/CMUCam/arm-2006q3/bin/../lib/gcc/arm-none-eabi/4.1.1/../../../../arm-none-eabi/lib/libc.a(memset.o)
 .glue_7        0x00015f60        0x0 /media/sda4/Documents/Visual Studio 2005/483/CMUCam/arm-2006q3/bin/../lib/gcc/arm-none-eabi/4.1.1/../../../../arm-none-eabi/lib/libc.a(mktm_r.o)
 .glue_7        0x00015f60        0x0 /media/sda4/Documents/Visual Studio 2005/483/CMUCam/arm-2006q3/bin/../lib/gcc/arm-none-eabi/4.1.1/../../../../arm-none-eabi/lib/libc.a(mlock.o)
 .glue_7        0x00015f60        0x0 /media/sda4/Documents/Visual Studio 2005/483/CMUCam/arm-2006q3/bin/../lib/gcc/arm-none-eabi/4.1.1/../../../../arm-none-eabi/lib/libc.a(openr.o)
 .glue_7        0x00015f60        0x0 /media/sda4/Documents/Visual Studio 2005/483/CMUCam/arm-2006q3/bin/../lib/gcc/arm-none-eabi/4.1.1/../../../../arm-none-eabi/lib/libc.a(perror.o)
 .glue_7        0x00015f60        0x0 /media/sda4/Documents/Visual Studio 2005/483/CMUCam/arm-2006q3/bin/../lib/gcc/arm-none-eabi/4.1.1/../../../../arm-none-eabi/lib/libc.a(printf.o)
 .glue_7        0x00015f60        0x0 /media/sda4/Documents/Visual Studio 2005/483/CMUCam/arm-2006q3/bin/../lib/gcc/arm-none-eabi/4.1.1/../../../../arm-none-eabi/lib/libc.a(reent.o)
 .glue_7        0x00015f60        0x0 /media/sda4/Documents/Visual Studio 2005/483/CMUCam/arm-2006q3/bin/../lib/gcc/arm-none-eabi/4.1.1/../../../../arm-none-eabi/lib/libc.a(refill.o)
 .glue_7        0x00015f60        0x0 /media/sda4/Documents/Visual Studio 2005/483/CMUCam/arm-2006q3/bin/../lib/gcc/arm-none-eabi/4.1.1/../../../../arm-none-eabi/lib/libc.a(sbrkr.o)
 .glue_7        0x00015f60        0x0 /media/sda4/Documents/Visual Studio 2005/483/CMUCam/arm-2006q3/bin/../lib/gcc/arm-none-eabi/4.1.1/../../../../arm-none-eabi/lib/libc.a(setbuf.o)
 .glue_7        0x00015f60        0x0 /media/sda4/Documents/Visual Studio 2005/483/CMUCam/arm-2006q3/bin/../lib/gcc/arm-none-eabi/4.1.1/../../../../arm-none-eabi/lib/libc.a(setjmp.o)
 .glue_7        0x00015f60        0x0 /media/sda4/Documents/Visual Studio 2005/483/CMUCam/arm-2006q3/bin/../lib/gcc/arm-none-eabi/4.1.1/../../../../arm-none-eabi/lib/libc.a(setvbuf.o)
 .glue_7        0x00015f60        0x0 /media/sda4/Documents/Visual Studio 2005/483/CMUCam/arm-2006q3/bin/../lib/gcc/arm-none-eabi/4.1.1/../../../../arm-none-eabi/lib/libc.a(snprintf.o)
 .glue_7        0x00015f60        0x0 /media/sda4/Documents/Visual Studio 2005/483/CMUCam/arm-2006q3/bin/../lib/gcc/arm-none-eabi/4.1.1/../../../../arm-none-eabi/lib/libc.a(sprintf.o)
 .glue_7        0x00015f60        0x0 /media/sda4/Documents/Visual Studio 2005/483/CMUCam/arm-2006q3/bin/../lib/gcc/arm-none-eabi/4.1.1/../../../../arm-none-eabi/lib/libc.a(stdio.o)
 .glue_7        0x00015f60        0x0 /media/sda4/Documents/Visual Studio 2005/483/CMUCam/arm-2006q3/bin/../lib/gcc/arm-none-eabi/4.1.1/../../../../arm-none-eabi/lib/libc.a(strcmp.o)
 .glue_7        0x00015f60        0x0 /media/sda4/Documents/Visual Studio 2005/483/CMUCam/arm-2006q3/bin/../lib/gcc/arm-none-eabi/4.1.1/../../../../arm-none-eabi/lib/libc.a(strcpy.o)
 .glue_7        0x00015f60        0x0 /media/sda4/Documents/Visual Studio 2005/483/CMUCam/arm-2006q3/bin/../lib/gcc/arm-none-eabi/4.1.1/../../../../arm-none-eabi/lib/libc.a(strdup.o)
 .glue_7        0x00015f60        0x0 /media/sda4/Documents/Visual Studio 2005/483/CMUCam/arm-2006q3/bin/../lib/gcc/arm-none-eabi/4.1.1/../../../../arm-none-eabi/lib/libc.a(strdup_r.o)
 .glue_7        0x00015f60        0x0 /media/sda4/Documents/Visual Studio 2005/483/CMUCam/arm-2006q3/bin/../lib/gcc/arm-none-eabi/4.1.1/../../../../arm-none-eabi/lib/libc.a(strerror.o)
 .glue_7        0x00015f60        0x0 /media/sda4/Documents/Visual Studio 2005/483/CMUCam/arm-2006q3/bin/../lib/gcc/arm-none-eabi/4.1.1/../../../../arm-none-eabi/lib/libc.a(strlen.o)
 .glue_7        0x00015f60        0x0 /media/sda4/Documents/Visual Studio 2005/483/CMUCam/arm-2006q3/bin/../lib/gcc/arm-none-eabi/4.1.1/../../../../arm-none-eabi/lib/libc.a(strtod.o)
 .glue_7        0x00015f60        0x0 /media/sda4/Documents/Visual Studio 2005/483/CMUCam/arm-2006q3/bin/../lib/gcc/arm-none-eabi/4.1.1/../../../../arm-none-eabi/lib/libc.a(strtok.o)
 .glue_7        0x00015f60        0x0 /media/sda4/Documents/Visual Studio 2005/483/CMUCam/arm-2006q3/bin/../lib/gcc/arm-none-eabi/4.1.1/../../../../arm-none-eabi/lib/libc.a(strtok_r.o)
 .glue_7        0x00015f60        0x0 /media/sda4/Documents/Visual Studio 2005/483/CMUCam/arm-2006q3/bin/../lib/gcc/arm-none-eabi/4.1.1/../../../../arm-none-eabi/lib/libc.a(strtol.o)
 .glue_7        0x00015f60        0x0 /media/sda4/Documents/Visual Studio 2005/483/CMUCam/arm-2006q3/bin/../lib/gcc/arm-none-eabi/4.1.1/../../../../arm-none-eabi/lib/libc.a(sysgettod.o)
 .glue_7        0x00015f60        0x0 /media/sda4/Documents/Visual Studio 2005/483/CMUCam/arm-2006q3/bin/../lib/gcc/arm-none-eabi/4.1.1/../../../../arm-none-eabi/lib/libc.a(tzlock.o)
 .glue_7        0x00015f60        0x0 /media/sda4/Documents/Visual Studio 2005/483/CMUCam/arm-2006q3/bin/../lib/gcc/arm-none-eabi/4.1.1/../../../../arm-none-eabi/lib/libc.a(tzvars.o)
 .glue_7        0x00015f60        0x0 /media/sda4/Documents/Visual Studio 2005/483/CMUCam/arm-2006q3/bin/../lib/gcc/arm-none-eabi/4.1.1/../../../../arm-none-eabi/lib/libc.a(u_strerr.o)
 .glue_7        0x00015f60        0x0 /media/sda4/Documents/Visual Studio 2005/483/CMUCam/arm-2006q3/bin/../lib/gcc/arm-none-eabi/4.1.1/../../../../arm-none-eabi/lib/libc.a(vfprintf.o)
 .glue_7        0x00015f60        0x0 /media/sda4/Documents/Visual Studio 2005/483/CMUCam/arm-2006q3/bin/../lib/gcc/arm-none-eabi/4.1.1/../../../../arm-none-eabi/lib/libc.a(wcrtomb.o)
 .glue_7        0x00015f60        0x0 /media/sda4/Documents/Visual Studio 2005/483/CMUCam/arm-2006q3/bin/../lib/gcc/arm-none-eabi/4.1.1/../../../../arm-none-eabi/lib/libc.a(wcsrtombs.o)
 .glue_7        0x00015f60        0x0 /media/sda4/Documents/Visual Studio 2005/483/CMUCam/arm-2006q3/bin/../lib/gcc/arm-none-eabi/4.1.1/../../../../arm-none-eabi/lib/libc.a(wctomb_r.o)
 .glue_7        0x00015f60        0x0 /media/sda4/Documents/Visual Studio 2005/483/CMUCam/arm-2006q3/bin/../lib/gcc/arm-none-eabi/4.1.1/../../../../arm-none-eabi/lib/libc.a(writer.o)
 .glue_7        0x00015f60        0x0 /media/sda4/Documents/Visual Studio 2005/483/CMUCam/arm-2006q3/bin/../lib/gcc/arm-none-eabi/4.1.1/../../../../arm-none-eabi/lib/libc.a(wsetup.o)
 .glue_7        0x00015f60        0x0 /media/sda4/Documents/Visual Studio 2005/483/CMUCam/arm-2006q3/bin/../lib/gcc/arm-none-eabi/4.1.1/../../../../arm-none-eabi/lib/libc.a(__call_atexit.o)
 .glue_7        0x00015f60        0x0 /media/sda4/Documents/Visual Studio 2005/483/CMUCam/arm-2006q3/bin/../lib/gcc/arm-none-eabi/4.1.1/../../../../arm-none-eabi/lib/libc.a(closer.o)
 .glue_7        0x00015f60        0x0 /media/sda4/Documents/Visual Studio 2005/483/CMUCam/arm-2006q3/bin/../lib/gcc/arm-none-eabi/4.1.1/../../../../arm-none-eabi/lib/libc.a(dtoa.o)
 .glue_7        0x00015f60        0x0 /media/sda4/Documents/Visual Studio 2005/483/CMUCam/arm-2006q3/bin/../lib/gcc/arm-none-eabi/4.1.1/../../../../arm-none-eabi/lib/libc.a(flags.o)
 .glue_7        0x00015f60        0x0 /media/sda4/Documents/Visual Studio 2005/483/CMUCam/arm-2006q3/bin/../lib/gcc/arm-none-eabi/4.1.1/../../../../arm-none-eabi/lib/libc.a(fputc.o)
 .glue_7        0x00015f60        0x0 /media/sda4/Documents/Visual Studio 2005/483/CMUCam/arm-2006q3/bin/../lib/gcc/arm-none-eabi/4.1.1/../../../../arm-none-eabi/lib/libc.a(fputs.o)
 .glue_7        0x00015f60        0x0 /media/sda4/Documents/Visual Studio 2005/483/CMUCam/arm-2006q3/bin/../lib/gcc/arm-none-eabi/4.1.1/../../../../arm-none-eabi/lib/libc.a(fvwrite.o)
 .glue_7        0x00015f60        0x0 /media/sda4/Documents/Visual Studio 2005/483/CMUCam/arm-2006q3/bin/../lib/gcc/arm-none-eabi/4.1.1/../../../../arm-none-eabi/lib/libc.a(gettzinfo.o)
 .glue_7        0x00015f60        0x0 /media/sda4/Documents/Visual Studio 2005/483/CMUCam/arm-2006q3/bin/../lib/gcc/arm-none-eabi/4.1.1/../../../../arm-none-eabi/lib/libc.a(locale.o)
 .glue_7        0x00015f60        0x0 /media/sda4/Documents/Visual Studio 2005/483/CMUCam/arm-2006q3/bin/../lib/gcc/arm-none-eabi/4.1.1/../../../../arm-none-eabi/lib/libc.a(lseekr.o)
 .glue_7        0x00015f60        0x0 /media/sda4/Documents/Visual Studio 2005/483/CMUCam/arm-2006q3/bin/../lib/gcc/arm-none-eabi/4.1.1/../../../../arm-none-eabi/lib/libc.a(memchr.o)
 .glue_7        0x00015f60        0x0 /media/sda4/Documents/Visual Studio 2005/483/CMUCam/arm-2006q3/bin/../lib/gcc/arm-none-eabi/4.1.1/../../../../arm-none-eabi/lib/libc.a(memmove.o)
 .glue_7        0x00015f60        0x0 /media/sda4/Documents/Visual Studio 2005/483/CMUCam/arm-2006q3/bin/../lib/gcc/arm-none-eabi/4.1.1/../../../../arm-none-eabi/lib/libc.a(mprec.o)
 .glue_7        0x00015f60        0x0 /media/sda4/Documents/Visual Studio 2005/483/CMUCam/arm-2006q3/bin/../lib/gcc/arm-none-eabi/4.1.1/../../../../arm-none-eabi/lib/libc.a(readr.o)
 .glue_7        0x00015f60        0x0 /media/sda4/Documents/Visual Studio 2005/483/CMUCam/arm-2006q3/bin/../lib/gcc/arm-none-eabi/4.1.1/../../../../arm-none-eabi/lib/libc.a(reallocr.o)
 .glue_7        0x00015f60        0x0 /media/sda4/Documents/Visual Studio 2005/483/CMUCam/arm-2006q3/bin/../lib/gcc/arm-none-eabi/4.1.1/../../../../arm-none-eabi/lib/libc.a(s_isinfd.o)
 .glue_7        0x00015f60        0x0 /media/sda4/Documents/Visual Studio 2005/483/CMUCam/arm-2006q3/bin/../lib/gcc/arm-none-eabi/4.1.1/../../../../arm-none-eabi/lib/libc.a(s_nan.o)
 .glue_7        0x00015f60        0x0 /media/sda4/Documents/Visual Studio 2005/483/CMUCam/arm-2006q3/bin/../lib/gcc/arm-none-eabi/4.1.1/../../../../arm-none-eabi/lib/libc.a(sf_nan.o)
 .glue_7        0x00015f60        0x0 /media/sda4/Documents/Visual Studio 2005/483/CMUCam/arm-2006q3/bin/../lib/gcc/arm-none-eabi/4.1.1/../../../../arm-none-eabi/lib/libc.a(wbuf.o)
 .glue_7        0x00015f60        0x0 /media/sda4/Documents/Visual Studio 2005/483/CMUCam/arm-2006q3/bin/../lib/gcc/arm-none-eabi/4.1.1/libgcc.a(_truncdfsf2.o)
 .glue_7        0x00015f60        0x0 /media/sda4/Documents/Visual Studio 2005/483/CMUCam/arm-2006q3/bin/../lib/gcc/arm-none-eabi/4.1.1/libgcc.a(_aeabi_uldivmod.o)
 .glue_7        0x00015f60        0x0 /media/sda4/Documents/Visual Studio 2005/483/CMUCam/arm-2006q3/bin/../lib/gcc/arm-none-eabi/4.1.1/libgcc.a(bpabi.o)
 .glue_7        0x00015f60        0x0 /media/sda4/Documents/Visual Studio 2005/483/CMUCam/arm-2006q3/bin/../lib/gcc/arm-none-eabi/4.1.1/libgcc.a(_divdi3.o)
 .glue_7        0x00015f60        0x0 /media/sda4/Documents/Visual Studio 2005/483/CMUCam/arm-2006q3/bin/../lib/gcc/arm-none-eabi/4.1.1/libgcc.a(_udivdi3.o)
 .glue_7        0x00015f60        0x0 /media/sda4/Documents/Visual Studio 2005/483/CMUCam/arm-2006q3/bin/../lib/gcc/arm-none-eabi/4.1.1/libgcc.a(unwind-arm.o)
 .glue_7        0x00015f60        0x0 /media/sda4/Documents/Visual Studio 2005/483/CMUCam/arm-2006q3/bin/../lib/gcc/arm-none-eabi/4.1.1/libgcc.a(libunwind.o)
 .glue_7        0x00015f60        0x0 /media/sda4/Documents/Visual Studio 2005/483/CMUCam/arm-2006q3/bin/../lib/gcc/arm-none-eabi/4.1.1/libgcc.a(pr-support.o)
 .glue_7        0x00015f60        0x0 /media/sda4/Documents/Visual Studio 2005/483/CMUCam/arm-2006q3/bin/../lib/gcc/arm-none-eabi/4.1.1/libgcc.a(_clz.o)
 *(.glue_7t)
 .glue_7t       0x00015f60        0x0 lpc2106-cmucam3_buildfiles/relive.o
 .glue_7t       0x00015f60        0x0 lpc2106-cmucam3_buildfiles/parser.o
 .glue_7t       0x00015f60        0x0 lpc2106-cmucam3_buildfiles/main.o
 .glue_7t       0x00015f60        0x0 ../../lib/jpeg-6b/libjpeg-6b_lpc2106-cmucam3.a(jcapimin.o)
 .glue_7t       0x00015f60        0x0 ../../lib/jpeg-6b/libjpeg-6b_lpc2106-cmucam3.a(jcapistd.o)
 .glue_7t       0x00015f60        0x0 ../../lib/jpeg-6b/libjpeg-6b_lpc2106-cmucam3.a(jcinit.o)
 .glue_7t       0x00015f60        0x0 ../../lib/jpeg-6b/libjpeg-6b_lpc2106-cmucam3.a(jcmainct.o)
 .glue_7t       0x00015f60        0x0 ../../lib/jpeg-6b/libjpeg-6b_lpc2106-cmucam3.a(jcmarker.o)
 .glue_7t       0x00015f60        0x0 ../../lib/jpeg-6b/libjpeg-6b_lpc2106-cmucam3.a(jcmaster.o)
 .glue_7t       0x00015f60        0x0 ../../lib/jpeg-6b/libjpeg-6b_lpc2106-cmucam3.a(jcomapi.o)
 .glue_7t       0x00015f60        0x0 ../../lib/jpeg-6b/libjpeg-6b_lpc2106-cmucam3.a(jcparam.o)
 .glue_7t       0x00015f60        0x0 ../../lib/jpeg-6b/libjpeg-6b_lpc2106-cmucam3.a(jcprepct.o)
 .glue_7t       0x00015f60        0x0 ../../lib/jpeg-6b/libjpeg-6b_lpc2106-cmucam3.a(jcsample.o)
 .glue_7t       0x00015f60        0x0 ../../lib/jpeg-6b/libjpeg-6b_lpc2106-cmucam3.a(jdatadst.o)
 .glue_7t       0x00015f60        0x0 ../../lib/jpeg-6b/libjpeg-6b_lpc2106-cmucam3.a(jerror.o)
 .glue_7t       0x00015f60        0x0 ../../lib/jpeg-6b/libjpeg-6b_lpc2106-cmucam3.a(jutils.o)
 .glue_7t       0x00015f60        0x0 ../../lib/jpeg-6b/libjpeg-6b_lpc2106-cmucam3.a(jmemmgr.o)
 .glue_7t       0x00015f60        0x0 ../../lib/jpeg-6b/libjpeg-6b_lpc2106-cmucam3.a(jmemnobs.o)
 .glue_7t       0x00015f60        0x0 ../../lib/jpeg-6b/libjpeg-6b_lpc2106-cmucam3.a(jccoefct.o)
 .glue_7t       0x00015f60        0x0 ../../lib/jpeg-6b/libjpeg-6b_lpc2106-cmucam3.a(jccolor.o)
 .glue_7t       0x00015f60        0x0 ../../lib/jpeg-6b/libjpeg-6b_lpc2106-cmucam3.a(jcdctmgr.o)
 .glue_7t       0x00015f60        0x0 ../../lib/jpeg-6b/libjpeg-6b_lpc2106-cmucam3.a(jchuff.o)
 .glue_7t       0x00015f60        0x0 ../../lib/jpeg-6b/libjpeg-6b_lpc2106-cmucam3.a(jfdctint.o)
 .glue_7t       0x00015f60        0x0 ../../hal/lpc2106-cmucam3/libhal-lpc2106-cmucam3.a(interrupt.o)
 .glue_7t       0x00015f60        0x0 ../../hal/lpc2106-cmucam3/libhal-lpc2106-cmucam3.a(cc3.o)
 .glue_7t       0x00015f60        0x0 ../../hal/lpc2106-cmucam3/libhal-lpc2106-cmucam3.a(cc3_hal.o)
 .glue_7t       0x00015f60        0x0 ../../hal/lpc2106-cmucam3/libhal-lpc2106-cmucam3.a(syscalls.o)
 .glue_7t       0x00015f60        0x0 ../../hal/lpc2106-cmucam3/libhal-lpc2106-cmucam3.a(serial.o)
 .glue_7t       0x00015f60        0x0 ../../hal/lpc2106-cmucam3/libhal-lpc2106-cmucam3.a(servo.o)
 .glue_7t       0x00015f60        0x0 ../../hal/lpc2106-cmucam3/libhal-lpc2106-cmucam3.a(rdcf2.o)
 .glue_7t       0x00015f60        0x0 ../../hal/lpc2106-cmucam3/libhal-lpc2106-cmucam3.a(mmc_hardware.o)
 .glue_7t       0x00015f60        0x0 ../../hal/lpc2106-cmucam3/libhal-lpc2106-cmucam3.a(mmc_driver.o)
 .glue_7t       0x00015f60        0x0 ../../hal/lpc2106-cmucam3/libhal-lpc2106-cmucam3.a(gpio.o)
 .glue_7t       0x00015f60        0x0 ../../hal/lpc2106-cmucam3/libhal-lpc2106-cmucam3.a(devices.o)
 .glue_7t       0x00015f60        0x0 ../../hal/lpc2106-cmucam3/libhal-lpc2106-cmucam3.a(uart_driver.o)
 .glue_7t       0x00015f60        0x0 ../../hal/lpc2106-cmucam3/libhal-lpc2106-cmucam3.a(startup.o)
 .glue_7t       0x00015f60        0x0 /media/sda4/Documents/Visual Studio 2005/483/CMUCam/arm-2006q3/bin/../lib/gcc/arm-none-eabi/4.1.1/../../../../arm-none-eabi/lib/libm.a(s_cos.o)
 .glue_7t       0x00015f60        0x0 /media/sda4/Documents/Visual Studio 2005/483/CMUCam/arm-2006q3/bin/../lib/gcc/arm-none-eabi/4.1.1/../../../../arm-none-eabi/lib/libm.a(s_sin.o)
 .glue_7t       0x00015f60        0x0 /media/sda4/Documents/Visual Studio 2005/483/CMUCam/arm-2006q3/bin/../lib/gcc/arm-none-eabi/4.1.1/../../../../arm-none-eabi/lib/libm.a(w_atan2.o)
 .glue_7t       0x00015f60        0x0 /media/sda4/Documents/Visual Studio 2005/483/CMUCam/arm-2006q3/bin/../lib/gcc/arm-none-eabi/4.1.1/../../../../arm-none-eabi/lib/libm.a(w_pow.o)
 .glue_7t       0x00015f60        0x0 /media/sda4/Documents/Visual Studio 2005/483/CMUCam/arm-2006q3/bin/../lib/gcc/arm-none-eabi/4.1.1/../../../../arm-none-eabi/lib/libm.a(w_sqrt.o)
 .glue_7t       0x00015f60        0x0 /media/sda4/Documents/Visual Studio 2005/483/CMUCam/arm-2006q3/bin/../lib/gcc/arm-none-eabi/4.1.1/../../../../arm-none-eabi/lib/libm.a(e_atan2.o)
 .glue_7t       0x00015f60        0x0 /media/sda4/Documents/Visual Studio 2005/483/CMUCam/arm-2006q3/bin/../lib/gcc/arm-none-eabi/4.1.1/../../../../arm-none-eabi/lib/libm.a(e_pow.o)
 .glue_7t       0x00015f60        0x0 /media/sda4/Documents/Visual Studio 2005/483/CMUCam/arm-2006q3/bin/../lib/gcc/arm-none-eabi/4.1.1/../../../../arm-none-eabi/lib/libm.a(e_rem_pio2.o)
 .glue_7t       0x00015f60        0x0 /media/sda4/Documents/Visual Studio 2005/483/CMUCam/arm-2006q3/bin/../lib/gcc/arm-none-eabi/4.1.1/../../../../arm-none-eabi/lib/libm.a(e_sqrt.o)
 .glue_7t       0x00015f60        0x0 /media/sda4/Documents/Visual Studio 2005/483/CMUCam/arm-2006q3/bin/../lib/gcc/arm-none-eabi/4.1.1/../../../../arm-none-eabi/lib/libm.a(k_cos.o)
 .glue_7t       0x00015f60        0x0 /media/sda4/Documents/Visual Studio 2005/483/CMUCam/arm-2006q3/bin/../lib/gcc/arm-none-eabi/4.1.1/../../../../arm-none-eabi/lib/libm.a(k_rem_pio2.o)
 .glue_7t       0x00015f60        0x0 /media/sda4/Documents/Visual Studio 2005/483/CMUCam/arm-2006q3/bin/../lib/gcc/arm-none-eabi/4.1.1/../../../../arm-none-eabi/lib/libm.a(k_sin.o)
 .glue_7t       0x00015f60        0x0 /media/sda4/Documents/Visual Studio 2005/483/CMUCam/arm-2006q3/bin/../lib/gcc/arm-none-eabi/4.1.1/../../../../arm-none-eabi/lib/libm.a(s_atan.o)
 .glue_7t       0x00015f60        0x0 /media/sda4/Documents/Visual Studio 2005/483/CMUCam/arm-2006q3/bin/../lib/gcc/arm-none-eabi/4.1.1/../../../../arm-none-eabi/lib/libm.a(s_fabs.o)
 .glue_7t       0x00015f60        0x0 /media/sda4/Documents/Visual Studio 2005/483/CMUCam/arm-2006q3/bin/../lib/gcc/arm-none-eabi/4.1.1/../../../../arm-none-eabi/lib/libm.a(s_finite.o)
 .glue_7t       0x00015f60        0x0 /media/sda4/Documents/Visual Studio 2005/483/CMUCam/arm-2006q3/bin/../lib/gcc/arm-none-eabi/4.1.1/../../../../arm-none-eabi/lib/libm.a(s_floor.o)
 .glue_7t       0x00015f60        0x0 /media/sda4/Documents/Visual Studio 2005/483/CMUCam/arm-2006q3/bin/../lib/gcc/arm-none-eabi/4.1.1/../../../../arm-none-eabi/lib/libm.a(s_isnand.o)
 .glue_7t       0x00015f60        0x0 /media/sda4/Documents/Visual Studio 2005/483/CMUCam/arm-2006q3/bin/../lib/gcc/arm-none-eabi/4.1.1/../../../../arm-none-eabi/lib/libm.a(s_lib_ver.o)
 .glue_7t       0x00015f60        0x0 /media/sda4/Documents/Visual Studio 2005/483/CMUCam/arm-2006q3/bin/../lib/gcc/arm-none-eabi/4.1.1/../../../../arm-none-eabi/lib/libm.a(s_matherr.o)
 .glue_7t       0x00015f60        0x0 /media/sda4/Documents/Visual Studio 2005/483/CMUCam/arm-2006q3/bin/../lib/gcc/arm-none-eabi/4.1.1/../../../../arm-none-eabi/lib/libm.a(s_rint.o)
 .glue_7t       0x00015f60        0x0 /media/sda4/Documents/Visual Studio 2005/483/CMUCam/arm-2006q3/bin/../lib/gcc/arm-none-eabi/4.1.1/../../../../arm-none-eabi/lib/libm.a(s_scalbn.o)
 .glue_7t       0x00015f60        0x0 /media/sda4/Documents/Visual Studio 2005/483/CMUCam/arm-2006q3/bin/../lib/gcc/arm-none-eabi/4.1.1/../../../../arm-none-eabi/lib/libm.a(s_copysign.o)
 .glue_7t       0x00015f60        0x0 /media/sda4/Documents/Visual Studio 2005/483/CMUCam/arm-2006q3/bin/../lib/gcc/arm-none-eabi/4.1.1/libgcc.a(_udivsi3.o)
 .glue_7t       0x00015f60        0x0 /media/sda4/Documents/Visual Studio 2005/483/CMUCam/arm-2006q3/bin/../lib/gcc/arm-none-eabi/4.1.1/libgcc.a(_divsi3.o)
 .glue_7t       0x00015f60        0x0 /media/sda4/Documents/Visual Studio 2005/483/CMUCam/arm-2006q3/bin/../lib/gcc/arm-none-eabi/4.1.1/libgcc.a(_dvmd_tls.o)
 .glue_7t       0x00015f60        0x0 /media/sda4/Documents/Visual Studio 2005/483/CMUCam/arm-2006q3/bin/../lib/gcc/arm-none-eabi/4.1.1/libgcc.a(_addsubdf3.o)
 .glue_7t       0x00015f60        0x0 /media/sda4/Documents/Visual Studio 2005/483/CMUCam/arm-2006q3/bin/../lib/gcc/arm-none-eabi/4.1.1/libgcc.a(_muldivdf3.o)
 .glue_7t       0x00015f60        0x0 /media/sda4/Documents/Visual Studio 2005/483/CMUCam/arm-2006q3/bin/../lib/gcc/arm-none-eabi/4.1.1/libgcc.a(_cmpdf2.o)
 .glue_7t       0x00015f60        0x0 /media/sda4/Documents/Visual Studio 2005/483/CMUCam/arm-2006q3/bin/../lib/gcc/arm-none-eabi/4.1.1/libgcc.a(_fixdfsi.o)
 .glue_7t       0x00015f60        0x0 /media/sda4/Documents/Visual Studio 2005/483/CMUCam/arm-2006q3/bin/../lib/gcc/arm-none-eabi/4.1.1/../../../../arm-none-eabi/lib/libc.a(atoi.o)
 .glue_7t       0x00015f60        0x0 /media/sda4/Documents/Visual Studio 2005/483/CMUCam/arm-2006q3/bin/../lib/gcc/arm-none-eabi/4.1.1/../../../../arm-none-eabi/lib/libc.a(calloc.o)
 .glue_7t       0x00015f60        0x0 /media/sda4/Documents/Visual Studio 2005/483/CMUCam/arm-2006q3/bin/../lib/gcc/arm-none-eabi/4.1.1/../../../../arm-none-eabi/lib/libc.a(callocr.o)
 .glue_7t       0x00015f60        0x0 /media/sda4/Documents/Visual Studio 2005/483/CMUCam/arm-2006q3/bin/../lib/gcc/arm-none-eabi/4.1.1/../../../../arm-none-eabi/lib/libc.a(ctype_.o)
 .glue_7t       0x00015f60        0x0 /media/sda4/Documents/Visual Studio 2005/483/CMUCam/arm-2006q3/bin/../lib/gcc/arm-none-eabi/4.1.1/../../../../arm-none-eabi/lib/libc.a(errno.o)
 .glue_7t       0x00015f60        0x0 /media/sda4/Documents/Visual Studio 2005/483/CMUCam/arm-2006q3/bin/../lib/gcc/arm-none-eabi/4.1.1/../../../../arm-none-eabi/lib/libc.a(exit.o)
 .glue_7t       0x00015f60        0x0 /media/sda4/Documents/Visual Studio 2005/483/CMUCam/arm-2006q3/bin/../lib/gcc/arm-none-eabi/4.1.1/../../../../arm-none-eabi/lib/libc.a(fclose.o)
 .glue_7t       0x00015f60        0x0 /media/sda4/Documents/Visual Studio 2005/483/CMUCam/arm-2006q3/bin/../lib/gcc/arm-none-eabi/4.1.1/../../../../arm-none-eabi/lib/libc.a(ferror.o)
 .glue_7t       0x00015f60        0x0 /media/sda4/Documents/Visual Studio 2005/483/CMUCam/arm-2006q3/bin/../lib/gcc/arm-none-eabi/4.1.1/../../../../arm-none-eabi/lib/libc.a(fflush.o)
 .glue_7t       0x00015f60        0x0 /media/sda4/Documents/Visual Studio 2005/483/CMUCam/arm-2006q3/bin/../lib/gcc/arm-none-eabi/4.1.1/../../../../arm-none-eabi/lib/libc.a(findfp.o)
 .glue_7t       0x00015f60        0x0 /media/sda4/Documents/Visual Studio 2005/483/CMUCam/arm-2006q3/bin/../lib/gcc/arm-none-eabi/4.1.1/../../../../arm-none-eabi/lib/libc.a(fopen.o)