Archive member included because of file (symbol)

../../lib/cc3-ilp/libcc3-ilp_lpc2106-cmucam3.a(cc3_ilp.o)
                              lpc2106-cmucam3_buildfiles/main.o (cc3_get_pixel)
../../hal/lpc2106-cmucam3/libhal-lpc2106-cmucam3.a(interrupt.o)
                              (--whole-archive)
../../hal/lpc2106-cmucam3/libhal-lpc2106-cmucam3.a(cc3.o)
                              (--whole-archive)
../../hal/lpc2106-cmucam3/libhal-lpc2106-cmucam3.a(cc3_hal.o)
                              (--whole-archive)
../../hal/lpc2106-cmucam3/libhal-lpc2106-cmucam3.a(syscalls.o)
                              (--whole-archive)
../../hal/lpc2106-cmucam3/libhal-lpc2106-cmucam3.a(serial.o)
                              (--whole-archive)
../../hal/lpc2106-cmucam3/libhal-lpc2106-cmucam3.a(servo.o)
                              (--whole-archive)
../../hal/lpc2106-cmucam3/libhal-lpc2106-cmucam3.a(rdcf2.o)
                              (--whole-archive)
../../hal/lpc2106-cmucam3/libhal-lpc2106-cmucam3.a(mmc_hardware.o)
                              (--whole-archive)
../../hal/lpc2106-cmucam3/libhal-lpc2106-cmucam3.a(mmc_driver.o)
                              (--whole-archive)
../../hal/lpc2106-cmucam3/libhal-lpc2106-cmucam3.a(gpio.o)
                              (--whole-archive)
../../hal/lpc2106-cmucam3/libhal-lpc2106-cmucam3.a(devices.o)
                              (--whole-archive)
../../hal/lpc2106-cmucam3/libhal-lpc2106-cmucam3.a(uart_driver.o)
                              (--whole-archive)
../../hal/lpc2106-cmucam3/libhal-lpc2106-cmucam3.a(startup.o)
                              (--whole-archive)
/media/sda4/Documents/Visual Studio 2005/483/CMUCam/arm-2006q3/bin/../lib/gcc/arm-none-eabi/4.1.1/libgcc.a(_udivsi3.o)
                              ../../hal/lpc2106-cmucam3/libhal-lpc2106-cmucam3.a(serial.o) (__aeabi_uidiv)
/media/sda4/Documents/Visual Studio 2005/483/CMUCam/arm-2006q3/bin/../lib/gcc/arm-none-eabi/4.1.1/libgcc.a(_divsi3.o)
                              ../../hal/lpc2106-cmucam3/libhal-lpc2106-cmucam3.a(cc3.o) (__aeabi_idiv)
/media/sda4/Documents/Visual Studio 2005/483/CMUCam/arm-2006q3/bin/../lib/gcc/arm-none-eabi/4.1.1/libgcc.a(_dvmd_tls.o)
                              /media/sda4/Documents/Visual Studio 2005/483/CMUCam/arm-2006q3/bin/../lib/gcc/arm-none-eabi/4.1.1/libgcc.a(_udivsi3.o) (__div0)
/media/sda4/Documents/Visual Studio 2005/483/CMUCam/arm-2006q3/bin/../lib/gcc/arm-none-eabi/4.1.1/../../../../arm-none-eabi/lib/libc.a(calloc.o)
                              ../../hal/lpc2106-cmucam3/libhal-lpc2106-cmucam3.a(mmc_hardware.o) (calloc)
/media/sda4/Documents/Visual Studio 2005/483/CMUCam/arm-2006q3/bin/../lib/gcc/arm-none-eabi/4.1.1/../../../../arm-none-eabi/lib/libc.a(callocr.o)
                              /media/sda4/Documents/Visual Studio 2005/483/CMUCam/arm-2006q3/bin/../lib/gcc/arm-none-eabi/4.1.1/../../../../arm-none-eabi/lib/libc.a(calloc.o) (_calloc_r)
/media/sda4/Documents/Visual Studio 2005/483/CMUCam/arm-2006q3/bin/../lib/gcc/arm-none-eabi/4.1.1/../../../../arm-none-eabi/lib/libc.a(ctype_.o)
                              ../../hal/lpc2106-cmucam3/libhal-lpc2106-cmucam3.a(syscalls.o) (__ctype_ptr)
/media/sda4/Documents/Visual Studio 2005/483/CMUCam/arm-2006q3/bin/../lib/gcc/arm-none-eabi/4.1.1/../../../../arm-none-eabi/lib/libc.a(exit.o)
                              ../../hal/lpc2106-cmucam3/libhal-lpc2106-cmucam3.a(interrupt.o) (exit)
/media/sda4/Documents/Visual Studio 2005/483/CMUCam/arm-2006q3/bin/../lib/gcc/arm-none-eabi/4.1.1/../../../../arm-none-eabi/lib/libc.a(fclose.o)
                              lpc2106-cmucam3_buildfiles/main.o (fclose)
/media/sda4/Documents/Visual Studio 2005/483/CMUCam/arm-2006q3/bin/../lib/gcc/arm-none-eabi/4.1.1/../../../../arm-none-eabi/lib/libc.a(fflush.o)
                              /media/sda4/Documents/Visual Studio 2005/483/CMUCam/arm-2006q3/bin/../lib/gcc/arm-none-eabi/4.1.1/../../../../arm-none-eabi/lib/libc.a(fclose.o) (fflush)
/media/sda4/Documents/Visual Studio 2005/483/CMUCam/arm-2006q3/bin/../lib/gcc/arm-none-eabi/4.1.1/../../../../arm-none-eabi/lib/libc.a(fgetc.o)
                              lpc2106-cmucam3_buildfiles/main.o (fgetc)
/media/sda4/Documents/Visual Studio 2005/483/CMUCam/arm-2006q3/bin/../lib/gcc/arm-none-eabi/4.1.1/../../../../arm-none-eabi/lib/libc.a(findfp.o)
                              /media/sda4/Documents/Visual Studio 2005/483/CMUCam/arm-2006q3/bin/../lib/gcc/arm-none-eabi/4.1.1/../../../../arm-none-eabi/lib/libc.a(fclose.o) (__sfp_lock_acquire)
/media/sda4/Documents/Visual Studio 2005/483/CMUCam/arm-2006q3/bin/../lib/gcc/arm-none-eabi/4.1.1/../../../../arm-none-eabi/lib/libc.a(fopen.o)
                              lpc2106-cmucam3_buildfiles/main.o (fopen)
/media/sda4/Documents/Visual Studio 2005/483/CMUCam/arm-2006q3/bin/../lib/gcc/arm-none-eabi/4.1.1/../../../../arm-none-eabi/lib/libc.a(fprintf.o)
                              lpc2106-cmucam3_buildfiles/main.o (fprintf)
[...]
Memory Configuration

Name             Origin             Length             Attributes
ROM              0x00000000         0x0001e000         xr
RAM              0x40000000         0x00010000         rw
*default*        0x00000000         0xffffffff

Linker script and memory map

LOAD lpc2106-cmucam3_buildfiles/main.o
LOAD ../../lib/cc3-ilp/libcc3-ilp_lpc2106-cmucam3.a
LOAD ../../hal/lpc2106-cmucam3/libhal-lpc2106-cmucam3.a
LOAD /media/sda4/Documents/Visual Studio 2005/483/CMUCam/arm-2006q3/bin/../lib/gcc/arm-none-eabi/4.1.1/../../../../arm-none-eabi/lib/libm.a
START GROUP
LOAD /media/sda4/Documents/Visual Studio 2005/483/CMUCam/arm-2006q3/bin/../lib/gcc/arm-none-eabi/4.1.1/libgcc.a
LOAD /media/sda4/Documents/Visual Studio 2005/483/CMUCam/arm-2006q3/bin/../lib/gcc/arm-none-eabi/4.1.1/../../../../arm-none-eabi/lib/libc.a
END GROUP
                0x00002400                STACK_SIZE = 0x2400

.text           0x00000000    0x138c8
 *(.init)
 .init          0x00000000      0x140 ../../hal/lpc2106-cmucam3/libhal-lpc2106-cmucam3.a(startup.o)
                0x00000000                _boot
                0x0000006c                _mainCRTStartup
                0x0000006c                _start
                0x0000006c                start
 *(.text)
 .text          0x00000140      0x114 /media/sda4/Documents/Visual Studio 2005/483/CMUCam/arm-2006q3/bin/../lib/gcc/arm-none-eabi/4.1.1/libgcc.a(_udivsi3.o)
                0x00000140                __udivsi3
                0x00000140                __aeabi_uidiv
                0x0000023c                __aeabi_uidivmod
 .text          0x00000254      0x144 /media/sda4/Documents/Visual Studio 2005/483/CMUCam/arm-2006q3/bin/../lib/gcc/arm-none-eabi/4.1.1/libgcc.a(_divsi3.o)
                0x00000254                __aeabi_idiv
                0x00000254                __divsi3
                0x00000380                __aeabi_idivmod
 .text          0x00000398        0x4 /media/sda4/Documents/Visual Studio 2005/483/CMUCam/arm-2006q3/bin/../lib/gcc/arm-none-eabi/4.1.1/libgcc.a(_dvmd_tls.o)
                0x00000398                __aeabi_ldiv0
                0x00000398                __div0
                0x00000398                __aeabi_idiv0
 .text          0x0000039c       0x30 /media/sda4/Documents/Visual Studio 2005/483/CMUCam/arm-2006q3/bin/../lib/gcc/arm-none-eabi/4.1.1/../../../../arm-none-eabi/lib/libc.a(calloc.o)
                0x0000039c                calloc
 .text          0x000003cc       0xa0 /media/sda4/Documents/Visual Studio 2005/483/CMUCam/arm-2006q3/bin/../lib/gcc/arm-none-eabi/4.1.1/../../../../arm-none-eabi/lib/libc.a(callocr.o)
                0x000003cc                _calloc_r
 .text          0x0000046c       0x30 /media/sda4/Documents/Visual Studio 2005/483/CMUCam/arm-2006q3/bin/../lib/gcc/arm-none-eabi/4.1.1/../../../../arm-none-eabi/lib/libc.a(exit.o)
                0x0000046c                exit
 .text          0x0000049c      0x12c /media/sda4/Documents/Visual Studio 2005/483/CMUCam/arm-2006q3/bin/../lib/gcc/arm-none-eabi/4.1.1/../../../../arm-none-eabi/lib/libc.a(fclose.o)
                0x0000049c                _fclose_r
                0x000005b4                fclose
 .text          0x000005c8       0xf0 /media/sda4/Documents/Visual Studio 2005/483/CMUCam/arm-2006q3/bin/../lib/gcc/arm-none-eabi/4.1.1/../../../../arm-none-eabi/lib/libc.a(fflush.o)
                0x000005c8                fflush
 .text          0x000006b8       0x7c /media/sda4/Documents/Visual Studio 2005/483/CMUCam/arm-2006q3/bin/../lib/gcc/arm-none-eabi/4.1.1/../../../../arm-none-eabi/lib/libc.a(fgetc.o)
                0x000006b8                fgetc
 .text          0x00000734      0x2c4 /media/sda4/Documents/Visual Studio 2005/483/CMUCam/arm-2006q3/bin/../lib/gcc/arm-none-eabi/4.1.1/../../../../arm-none-eabi/lib/libc.a(findfp.o)
                0x000007a0                __sinit
                0x000008b8                __sfmoreglue
                0x000008a8                _cleanup
                0x00000888                _cleanup_r
                0x0000085c                __fp_lock_all
                0x00000790                __sfp_lock_acquire
                0x00000910                __sfp
                0x0000079c                __sinit_lock_release
                0x00000830                __fp_unlock_all
                0x00000794                __sfp_lock_release
                0x00000798                __sinit_lock_acquire
 .text          0x000009f8       0xfc /media/sda4/Documents/Visual Studio 2005/483/CMUCam/arm-2006q3/bin/../lib/gcc/arm-none-eabi/4.1.1/../../../../arm-none-eabi/lib/libc.a(fopen.o)
                0x00000ad8                fopen
                0x000009f8                _fopen_r
 .text          0x00000af4       0x30 /media/sda4/Documents/Visual Studio 2005/483/CMUCam/arm-2006q3/bin/../lib/gcc/arm-none-eabi/4.1.1/../../../../arm-none-eabi/lib/libc.a(fprintf.o)
                0x00000af4                fprintf
 .text          0x00000b24      0x3c0 /media/sda4/Documents/Visual Studio 2005/483/CMUCam/arm-2006q3/bin/../lib/gcc/arm-none-eabi/4.1.1/../../../../arm-none-eabi/lib/libc.a(freer.o)
                0x00000c2c                _free_r
                0x00000b24                _malloc_trim_r
 .text          0x00000ee4      0x480 /media/sda4/Documents/Visual Studio 2005/483/CMUCam/arm-2006q3/bin/../lib/gcc/arm-none-eabi/4.1.1/../../../../arm-none-eabi/lib/libc.a(fseek.o)
                0x00001338                fseek
                0x00000ee4                _fseek_r
 .text          0x00001364       0x48 /media/sda4/Documents/Visual Studio 2005/483/CMUCam/arm-2006q3/bin/../lib/gcc/arm-none-eabi/4.1.1/../../../../arm-none-eabi/lib/libc.a(fstatr.o)
                0x00001364                _fstat_r
 .text          0x000013ac      0x11c /media/sda4/Documents/Visual Studio 2005/483/CMUCam/arm-2006q3/bin/../lib/gcc/arm-none-eabi/4.1.1/../../../../arm-none-eabi/lib/libc.a(fwalk.o)
                0x00001438                _fwalk
                0x000013ac                _fwalk_reent
 .text          0x000014c8       0x1c /media/sda4/Documents/Visual Studio 2005/483/CMUCam/arm-2006q3/bin/../lib/gcc/arm-none-eabi/4.1.1/../../../../arm-none-eabi/lib/libc.a(lcltime_r.o)
                0x000014c8                localtime_r
 .text          0x000014e4      0x158 /media/sda4/Documents/Visual Studio 2005/483/CMUCam/arm-2006q3/bin/../lib/gcc/arm-none-eabi/4.1.1/../../../../arm-none-eabi/lib/libc.a(makebuf.o)
                0x000014e4                __smakebuf
 .text          0x0000163c       0x50 /media/sda4/Documents/Visual Studio 2005/483/CMUCam/arm-2006q3/bin/../lib/gcc/arm-none-eabi/4.1.1/../../../../arm-none-eabi/lib/libc.a(malloc.o)
                0x00001664                malloc
                0x0000163c                free
 .text          0x0000168c      0x77c /media/sda4/Documents/Visual Studio 2005/483/CMUCam/arm-2006q3/bin/../lib/gcc/arm-none-eabi/4.1.1/../../../../arm-none-eabi/lib/libc.a(mallocr.o)
                0x0000168c                _malloc_r
 .text          0x00001e08       0x98 /media/sda4/Documents/Visual Studio 2005/483/CMUCam/arm-2006q3/bin/../lib/gcc/arm-none-eabi/4.1.1/../../../../arm-none-eabi/lib/libc.a(memcmp.o)
                0x00001e08                memcmp
 .text          0x00001ea0       0x9c /media/sda4/Documents/Visual Studio 2005/483/CMUCam/arm-2006q3/bin/../lib/gcc/arm-none-eabi/4.1.1/../../../../arm-none-eabi/lib/libc.a(memcpy.o)
                0x00001ea0                memcpy
 .text          0x00001f3c       0x98 /media/sda4/Documents/Visual Studio 2005/483/CMUCam/arm-2006q3/bin/../lib/gcc/arm-none-eabi/4.1.1/../../../../arm-none-eabi/lib/libc.a(memset.o)
                0x00001f3c                memset
 .text          0x00001fd4      0x848 /media/sda4/Documents/Visual Studio 2005/483/CMUCam/arm-2006q3/bin/../lib/gcc/arm-none-eabi/4.1.1/../../../../arm-none-eabi/lib/libc.a(mktm_r.o)
                0x00001fd4                __tzcalc_limits
                0x00002244                _mktm_r
 .text          0x0000281c        0x8 /media/sda4/Documents/Visual Studio 2005/483/CMUCam/arm-2006q3/bin/../lib/gcc/arm-none-eabi/4.1.1/../../../../arm-none-eabi/lib/libc.a(mlock.o)
                0x00002820                __malloc_unlock
                0x0000281c                __malloc_lock
 .text          0x00002824       0x4c /media/sda4/Documents/Visual Studio 2005/483/CMUCam/arm-2006q3/bin/../lib/gcc/arm-none-eabi/4.1.1/../../../../arm-none-eabi/lib/libc.a(openr.o)
                0x00002824                _open_r
 .text          0x00002870       0x78 /media/sda4/Documents/Visual Studio 2005/483/CMUCam/arm-2006q3/bin/../lib/gcc/arm-none-eabi/4.1.1/../../../../arm-none-eabi/lib/libc.a(perror.o)
                0x000028d4                perror
                0x00002870                _perror_r
 .text          0x000028e8       0x74 /media/sda4/Documents/Visual Studio 2005/483/CMUCam/arm-2006q3/bin/../lib/gcc/arm-none-eabi/4.1.1/../../../../arm-none-eabi/lib/libc.a(printf.o)
                0x000028e8                printf
                0x00002928                _printf_r
 .text          0x0000295c      0x1c4 /media/sda4/Documents/Visual Studio 2005/483/CMUCam/arm-2006q3/bin/../lib/gcc/arm-none-eabi/4.1.1/../../../../arm-none-eabi/lib/libc.a(refill.o)
                0x00002994                __srefill
 .text          0x00002b20       0x38 /media/sda4/Documents/Visual Studio 2005/483/CMUCam/arm-2006q3/bin/../lib/gcc/arm-none-eabi/4.1.1/../../../../arm-none-eabi/lib/libc.a(rget.o)
                0x00002b20                __srget
 .text          0x00002b58       0x48 /media/sda4/Documents/Visual Studio 2005/483/CMUCam/arm-2006q3/bin/../lib/gcc/arm-none-eabi/4.1.1/../../../../arm-none-eabi/lib/libc.a(sbrkr.o)
                0x00002b58                _sbrk_r
 .text          0x00002ba0       0x74 /media/sda4/Documents/Visual Studio 2005/483/CMUCam/arm-2006q3/bin/../lib/gcc/arm-none-eabi/4.1.1/../../../../arm-none-eabi/lib/libc.a(scanf.o)
                0x00002ba0                _scanf_r
                0x00002bd4                scanf
 .text          0x00002c14       0x28 /media/sda4/Documents/Visual Studio 2005/483/CMUCam/arm-2006q3/bin/../lib/gcc/arm-none-eabi/4.1.1/../../../../arm-none-eabi/lib/libc.a(setbuf.o)
                0x00002c14                setbuf
 .text          0x00002c3c       0x2c /media/sda4/Documents/Visual Studio 2005/483/CMUCam/arm-2006q3/bin/../lib/gcc/arm-none-eabi/4.1.1/../../../../arm-none-eabi/lib/libc.a(setjmp.o)
                0x00002c50                longjmp
                0x00002c3c                setjmp
 .text          0x00002c68      0x1ac /media/sda4/Documents/Visual Studio 2005/483/CMUCam/arm-2006q3/bin/../lib/gcc/arm-none-eabi/4.1.1/../../../../arm-none-eabi/lib/libc.a(setvbuf.o)
                0x00002c68                setvbuf
 .text          0x00002e14      0x128 /media/sda4/Documents/Visual Studio 2005/483/CMUCam/arm-2006q3/bin/../lib/gcc/arm-none-eabi/4.1.1/../../../../arm-none-eabi/lib/libc.a(stdio.o)
                0x00002e3c                __sseek
                0x00002ef4                __sread
                0x00002e14                __sclose
                0x00002e88                __swrite
 .text          0x00002f3c       0x28 /media/sda4/Documents/Visual Studio 2005/483/CMUCam/arm-2006q3/bin/../lib/gcc/arm-none-eabi/4.1.1/../../../../arm-none-eabi/lib/libc.a(strdup.o)
                0x00002f3c                strdup
 .text          0x00002f64       0x40 /media/sda4/Documents/Visual Studio 2005/483/CMUCam/arm-2006q3/bin/../lib/gcc/arm-none-eabi/4.1.1/../../../../arm-none-eabi/lib/libc.a(strdup_r.o)
                0x00002f64                _strdup_r
 .text          0x00002fa4      0x64c /media/sda4/Documents/Visual Studio 2005/483/CMUCam/arm-2006q3/bin/../lib/gcc/arm-none-eabi/4.1.1/../../../../arm-none-eabi/lib/libc.a(strerror.o)
                0x00002fa4                strerror
 .text          0x000035f0       0x90 /media/sda4/Documents/Visual Studio 2005/483/CMUCam/arm-2006q3/bin/../lib/gcc/arm-none-eabi/4.1.1/../../../../arm-none-eabi/lib/libc.a(strlen.o)
                0x000035f0                strlen
 .text          0x00003680      0x1f0 /media/sda4/Documents/Visual Studio 2005/483/CMUCam/arm-2006q3/bin/../lib/gcc/arm-none-eabi/4.1.1/../../../../arm-none-eabi/lib/libc.a(strtol.o)
                0x00003844                strtol
                0x00003680                _strtol_r
 .text          0x00003870       0x18 /media/sda4/Documents/Visual Studio 2005/483/CMUCam/arm-2006q3/bin/../lib/gcc/arm-none-eabi/4.1.1/../../../../arm-none-eabi/lib/libc.a(sysgettod.o)
                0x00003870                gettimeofday
 .text          0x00003888        0x8 /media/sda4/Documents/Visual Studio 2005/483/CMUCam/arm-2006q3/bin/../lib/gcc/arm-none-eabi/4.1.1/../../../../arm-none-eabi/lib/libc.a(tzlock.o)
                0x0000388c                __tz_unlock
                0x00003888                __tz_lock
 .text          0x00003890        0x8 /media/sda4/Documents/Visual Studio 2005/483/CMUCam/arm-2006q3/bin/../lib/gcc/arm-none-eabi/4.1.1/../../../../arm-none-eabi/lib/libc.a(u_strerr.o)
                0x00003890                _user_strerror
 .text          0x00003898     0x2170 /media/sda4/Documents/Visual Studio 2005/483/CMUCam/arm-2006q3/bin/../lib/gcc/arm-none-eabi/4.1.1/../../../../arm-none-eabi/lib/libc.a(vfprintf.o)
                0x000038d8                _vfprintf_r
                0x000059dc                vfprintf
 .text          0x00005a08     0x14c0 /media/sda4/Documents/Visual Studio 2005/483/CMUCam/arm-2006q3/bin/../lib/gcc/arm-none-eabi/4.1.1/../../../../arm-none-eabi/lib/libc.a(vfscanf.o)
                0x00006df4                __svfscanf
                0x00006e20                _vfscanf_r
                0x00006e6c                vfscanf
                0x00005a08                __svfscanf_r
 .text          0x00006ec8       0x84 /media/sda4/Documents/Visual Studio 2005/483/CMUCam/arm-2006q3/bin/../lib/gcc/arm-none-eabi/4.1.1/../../../../arm-none-eabi/lib/libc.a(wcrtomb.o)
                0x00006ec8                _wcrtomb_r
                0x00006f20                wcrtomb
 .text          0x00006f4c      0x180 /media/sda4/Documents/Visual Studio 2005/483/CMUCam/arm-2006q3/bin/../lib/gcc/arm-none-eabi/4.1.1/../../../../arm-none-eabi/lib/libc.a(wcsrtombs.o)
                0x00006f4c                _wcsrtombs_r
                0x00007088                wcsrtombs
 .text          0x000070cc      0x428 /media/sda4/Documents/Visual Studio 2005/483/CMUCam/arm-2006q3/bin/../lib/gcc/arm-none-eabi/4.1.1/../../../../arm-none-eabi/lib/libc.a(wctomb_r.o)
                0x000070cc                _wctomb_r
 .text          0x000074f4       0x4c /media/sda4/Documents/Visual Studio 2005/483/CMUCam/arm-2006q3/bin/../lib/gcc/arm-none-eabi/4.1.1/../../../../arm-none-eabi/lib/libc.a(writer.o)
                0x000074f4                _write_r
 .text          0x00007540      0x10c /media/sda4/Documents/Visual Studio 2005/483/CMUCam/arm-2006q3/bin/../lib/gcc/arm-none-eabi/4.1.1/../../../../arm-none-eabi/lib/libc.a(wsetup.o)
                0x00007540                __swsetup
 .text          0x0000764c      0x164 /media/sda4/Documents/Visual Studio 2005/483/CMUCam/arm-2006q3/bin/../lib/gcc/arm-none-eabi/4.1.1/../../../../arm-none-eabi/lib/libc.a(__call_atexit.o)
                0x0000764c                __call_exitprocs
 .text          0x000077b0       0x44 /media/sda4/Documents/Visual Studio 2005/483/CMUCam/arm-2006q3/bin/../lib/gcc/arm-none-eabi/4.1.1/../../../../arm-none-eabi/lib/libc.a(closer.o)
                0x000077b0                _close_r
 *fill*         0x000077f4        0x4 00
 .text          0x000077f8     0x1658 /media/sda4/Documents/Visual Studio 2005/483/CMUCam/arm-2006q3/bin/../lib/gcc/arm-none-eabi/4.1.1/../../../../arm-none-eabi/lib/libc.a(dtoa.o)
                0x00007a04                _dtoa_r
 .text          0x00008e50       0xa4 /media/sda4/Documents/Visual Studio 2005/483/CMUCam/arm-2006q3/bin/../lib/gcc/arm-none-eabi/4.1.1/../../../../arm-none-eabi/lib/libc.a(flags.o)
                0x00008e50                __sflags
 .text          0x00008ef4       0xc0 /media/sda4/Documents/Visual Studio 2005/483/CMUCam/arm-2006q3/bin/../lib/gcc/arm-none-eabi/4.1.1/../../../../arm-none-eabi/lib/libc.a(fputc.o)
                0x00008ef4                fputc
 .text          0x00008fb4       0x6c /media/sda4/Documents/Visual Studio 2005/483/CMUCam/arm-2006q3/bin/../lib/gcc/arm-none-eabi/4.1.1/../../../../arm-none-eabi/lib/libc.a(fputs.o)
                0x00008fb4                fputs
 .text          0x00009020      0x1d0 /media/sda4/Documents/Visual Studio 2005/483/CMUCam/arm-2006q3/bin/../lib/gcc/arm-none-eabi/4.1.1/../../../../arm-none-eabi/lib/libc.a(fread.o)
                0x00009020                fread
 .text          0x000091f0      0x3fc /media/sda4/Documents/Visual Studio 2005/483/CMUCam/arm-2006q3/bin/../lib/gcc/arm-none-eabi/4.1.1/../../../../arm-none-eabi/lib/libc.a(fvwrite.o)
                0x000091f0                __sfvwrite
 .text          0x000095ec        0xc /media/sda4/Documents/Visual Studio 2005/483/CMUCam/arm-2006q3/bin/../lib/gcc/arm-none-eabi/4.1.1/../../../../arm-none-eabi/lib/libc.a(gettzinfo.o)
                0x000095ec                __gettzinfo
 .text          0x000095f8       0x24 /media/sda4/Documents/Visual Studio 2005/483/CMUCam/arm-2006q3/bin/../lib/gcc/arm-none-eabi/4.1.1/../../../../arm-none-eabi/lib/libc.a(iswspace.o)
                0x000095f8                iswspace
 .text          0x0000961c       0xb0 /media/sda4/Documents/Visual Studio 2005/483/CMUCam/arm-2006q3/bin/../lib/gcc/arm-none-eabi/4.1.1/../../../../arm-none-eabi/lib/libc.a(locale.o)
                0x00009648                _setlocale_r
                0x0000961c                __locale_charset
                0x0000962c                _localeconv_r
                0x000096b0                setlocale
                0x00009638                localeconv
 .text          0x000096cc       0x4c /media/sda4/Documents/Visual Studio 2005/483/CMUCam/arm-2006q3/bin/../lib/gcc/arm-none-eabi/4.1.1/../../../../arm-none-eabi/lib/libc.a(lseekr.o)
                0x000096cc                _lseek_r
 .text          0x00009718       0xac /media/sda4/Documents/Visual Studio 2005/483/CMUCam/arm-2006q3/bin/../lib/gcc/arm-none-eabi/4.1.1/../../../../arm-none-eabi/lib/libc.a(mbrtowc.o)
                0x00009780                mbrtowc
                0x00009718                _mbrtowc_r
 .text          0x000097c4       0x50 /media/sda4/Documents/Visual Studio 2005/483/CMUCam/arm-2006q3/bin/../lib/gcc/arm-none-eabi/4.1.1/../../../../arm-none-eabi/lib/libc.a(mbtowc_r.o)
                0x000097c4                _mbtowc_r
 .text          0x00009814      0x108 /media/sda4/Documents/Visual Studio 2005/483/CMUCam/arm-2006q3/bin/../lib/gcc/arm-none-eabi/4.1.1/../../../../arm-none-eabi/lib/libc.a(memchr.o)
                0x00009814                memchr
 .text          0x0000991c       0xfc /media/sda4/Documents/Visual Studio 2005/483/CMUCam/arm-2006q3/bin/../lib/gcc/arm-none-eabi/4.1.1/../../../../arm-none-eabi/lib/libc.a(memmove.o)
                0x0000991c                memmove
 .text          0x00009a18      0xc5c /media/sda4/Documents/Visual Studio 2005/483/CMUCam/arm-2006q3/bin/../lib/gcc/arm-none-eabi/4.1.1/../../../../arm-none-eabi/lib/libc.a(mprec.o)
                0x00009d20                _mprec_log10
                0x00009a34                _hi0bits
                0x00009d8c                _Balloc
                0x00009e28                _d2b
                0x0000a1bc                _multiply
                0x00009c9c                _ratio
                0x0000a580                _s2b
                0x0000a38c                _i2b
                0x00009a8c                _lo0bits
                0x00009b20                __mcmp
                0x0000a484                _pow5mult
                0x00009b80                _ulp
                0x00009be0                _b2d
                0x0000a3b0                _multadd
                0x00009f68                __mdiff
                0x0000a0ac                _lshift
                0x00009a18                _Bfree
 .text          0x0000a674       0x4c /media/sda4/Documents/Visual Studio 2005/483/CMUCam/arm-2006q3/bin/../lib/gcc/arm-none-eabi/4.1.1/../../../../arm-none-eabi/lib/libc.a(readr.o)
                0x0000a674                _read_r
 .text          0x0000a6c0      0x61c /media/sda4/Documents/Visual Studio 2005/483/CMUCam/arm-2006q3/bin/../lib/gcc/arm-none-eabi/4.1.1/../../../../arm-none-eabi/lib/libc.a(reallocr.o)
                0x0000a6c0                _realloc_r
 .text          0x0000acdc       0x3c /media/sda4/Documents/Visual Studio 2005/483/CMUCam/arm-2006q3/bin/../lib/gcc/arm-none-eabi/4.1.1/../../../../arm-none-eabi/lib/libc.a(s_isinfd.o)
                0x0000acdc                __isinfd
 .text          0x0000ad18       0x30 /media/sda4/Documents/Visual Studio 2005/483/CMUCam/arm-2006q3/bin/../lib/gcc/arm-none-eabi/4.1.1/../../../../arm-none-eabi/lib/libc.a(s_isnand.o)
                0x0000ad18                __isnand
 .text          0x0000ad48       0xc8 /media/sda4/Documents/Visual Studio 2005/483/CMUCam/arm-2006q3/bin/../lib/gcc/arm-none-eabi/4.1.1/../../../../arm-none-eabi/lib/libc.a(sccl.o)
                0x0000ad48                __sccl
 .text          0x0000ae10        0xc /media/sda4/Documents/Visual Studio 2005/483/CMUCam/arm-2006q3/bin/../lib/gcc/arm-none-eabi/4.1.1/../../../../arm-none-eabi/lib/libc.a(sf_nan.o)
                0x0000ae10                nanf
 .text          0x0000ae1c       0xdc /media/sda4/Documents/Visual Studio 2005/483/CMUCam/arm-2006q3/bin/../lib/gcc/arm-none-eabi/4.1.1/../../../../arm-none-eabi/lib/libc.a(sprintf.o)
                0x0000ae90                _sprintf_r
                0x0000ae1c                sprintf
 .text          0x0000aef8       0xd0 /media/sda4/Documents/Visual Studio 2005/483/CMUCam/arm-2006q3/bin/../lib/gcc/arm-none-eabi/4.1.1/../../../../arm-none-eabi/lib/libc.a(strcmp.o)
                0x0000aef8                strcmp
 .text          0x0000afc8     0x11a8 /media/sda4/Documents/Visual Studio 2005/483/CMUCam/arm-2006q3/bin/../lib/gcc/arm-none-eabi/4.1.1/../../../../arm-none-eabi/lib/libc.a(strtod.o)
                0x0000afc8                _strtod_r
                0x0000c154                strtod
                0x0000c0f8                strtof
 .text          0x0000c170      0x2a0 /media/sda4/Documents/Visual Studio 2005/483/CMUCam/arm-2006q3/bin/../lib/gcc/arm-none-eabi/4.1.1/../../../../arm-none-eabi/lib/libc.a(strtoll_r.o)
                0x0000c170                _strtoll_r
 .text          0x0000c410      0x1e4 /media/sda4/Documents/Visual Studio 2005/483/CMUCam/arm-2006q3/bin/../lib/gcc/arm-none-eabi/4.1.1/../../../../arm-none-eabi/lib/libc.a(strtoul.o)
                0x0000c5c8                strtoul
                0x0000c410                _strtoul_r
 *fill*         0x0000c5f4        0x4 00
 .text          0x0000c5f8      0x298 /media/sda4/Documents/Visual Studio 2005/483/CMUCam/arm-2006q3/bin/../lib/gcc/arm-none-eabi/4.1.1/../../../../arm-none-eabi/lib/libc.a(strtoull_r.o)
                0x0000c5f8                _strtoull_r
 .text          0x0000c890      0x254 /media/sda4/Documents/Visual Studio 2005/483/CMUCam/arm-2006q3/bin/../lib/gcc/arm-none-eabi/4.1.1/../../../../arm-none-eabi/lib/libc.a(ungetc.o)
                0x0000cac8                ungetc
                0x0000c890                __submore
                0x0000c94c                _ungetc_r
 .text          0x0000cae4      0x10c /media/sda4/Documents/Visual Studio 2005/483/CMUCam/arm-2006q3/bin/../lib/gcc/arm-none-eabi/4.1.1/../../../../arm-none-eabi/lib/libc.a(wbuf.o)
                0x0000cae4                __swbuf
 .text          0x0000cbf0       0x20 /media/sda4/Documents/Visual Studio 2005/483/CMUCam/arm-2006q3/bin/../lib/gcc/arm-none-eabi/4.1.1/../../../../arm-none-eabi/lib/libc.a(s_nan.o)
                0x0000cbf0                nan
 .text          0x0000cc10      0x41c /media/sda4/Documents/Visual Studio 2005/483/CMUCam/arm-2006q3/bin/../lib/gcc/arm-none-eabi/4.1.1/libgcc.a(_addsubdf3.o)
                0x0000cfcc                __floatdidf
                0x0000cf50                __floatsidf
                0x0000cf2c                __aeabi_ui2d
                0x0000cc10                __aeabi_drsub
                0x0000cf78                __extendsfdf2
                0x0000cc1c                __adddf3
                0x0000cf2c                __floatunsidf
                0x0000cc1c                __aeabi_dadd
                0x0000cfb8                __aeabi_ul2d
                0x0000cc18                __aeabi_dsub
                0x0000cfb8                __floatundidf
                0x0000cf50                __aeabi_i2d
                0x0000cfcc                __aeabi_l2d
                0x0000cf78                __aeabi_f2d
                0x0000cc18                __subdf3
 .text          0x0000d02c      0x49c /media/sda4/Documents/Visual Studio 2005/483/CMUCam/arm-2006q3/bin/../lib/gcc/arm-none-eabi/4.1.1/libgcc.a(_muldivdf3.o)
                0x0000d2bc                __aeabi_ddiv
                0x0000d02c                __aeabi_dmul
                0x0000d2bc                __divdf3
                0x0000d02c                __muldf3
 .text          0x0000d4c8      0x140 /media/sda4/Documents/Visual Studio 2005/483/CMUCam/arm-2006q3/bin/../lib/gcc/arm-none-eabi/4.1.1/libgcc.a(_cmpdf2.o)
                0x0000d5c0                __aeabi_dcmple
                0x0000d4d8                __cmpdf2
                0x0000d4d8                __eqdf2
                0x0000d4c8                __gtdf2
                0x0000d578                __aeabi_cdcmple
                0x0000d55c                __aeabi_cdrcmple
                0x0000d4d0                __ltdf2
                0x0000d5a8                __aeabi_dcmplt
                0x0000d4d0                __ledf2
                0x0000d5f0                __aeabi_dcmpgt
                0x0000d5d8                __aeabi_dcmpge
                0x0000d4d8                __nedf2
                0x0000d590                __aeabi_dcmpeq
                0x0000d578                __aeabi_cdcmpeq
                0x0000d4c8                __gedf2
 .text          0x0000d608       0x5c /media/sda4/Documents/Visual Studio 2005/483/CMUCam/arm-2006q3/bin/../lib/gcc/arm-none-eabi/4.1.1/libgcc.a(_fixdfsi.o)
                0x0000d608                __fixdfsi
                0x0000d608                __aeabi_d2iz
 .text          0x0000d664       0xa0 /media/sda4/Documents/Visual Studio 2005/483/CMUCam/arm-2006q3/bin/../lib/gcc/arm-none-eabi/4.1.1/libgcc.a(_truncdfsf2.o)
                0x0000d664                __aeabi_d2f
                0x0000d664                __truncdfsf2
 .text          0x0000d704       0x1c /media/sda4/Documents/Visual Studio 2005/483/CMUCam/arm-2006q3/bin/../lib/gcc/arm-none-eabi/4.1.1/libgcc.a(_aeabi_uldivmod.o)
                0x0000d704                __aeabi_uldivmod
 .text          0x0000d720       0x90 /media/sda4/Documents/Visual Studio 2005/483/CMUCam/arm-2006q3/bin/../lib/gcc/arm-none-eabi/4.1.1/libgcc.a(bpabi.o)
                0x0000d720                __gnu_uldivmod_helper
                0x0000d768                __gnu_ldivmod_helper
 .text          0x0000d7b0      0x590 /media/sda4/Documents/Visual Studio 2005/483/CMUCam/arm-2006q3/bin/../lib/gcc/arm-none-eabi/4.1.1/libgcc.a(_divdi3.o)
                0x0000d7b0                __divdi3
 .text          0x0000dd40      0x530 /media/sda4/Documents/Visual Studio 2005/483/CMUCam/arm-2006q3/bin/../lib/gcc/arm-none-eabi/4.1.1/libgcc.a(_udivdi3.o)
                0x0000dd40                __udivdi3
 *(.text.*)
 .text.main     0x0000e270      0x5a8 lpc2106-cmucam3_buildfiles/main.o
                0x0000e270                main
 .text.cc3_get_pixel
                0x0000e818       0x88 ../../lib/cc3-ilp/libcc3-ilp_lpc2106-cmucam3.a(cc3_ilp.o)
                0x0000e818                cc3_get_pixel
 .text.disable_ext_interrupt
                0x0000e8a0       0x2c ../../hal/lpc2106-cmucam3/libhal-lpc2106-cmucam3.a(interrupt.o)
                0x0000e8a0                disable_ext_interrupt
 .text.enable_ext_interrupt
                0x0000e8cc       0x20 ../../hal/lpc2106-cmucam3/libhal-lpc2106-cmucam3.a(interrupt.o)
                0x0000e8cc                enable_ext_interrupt
 .text.enable_button_interrupt
                0x0000e8ec       0x28 ../../hal/lpc2106-cmucam3/libhal-lpc2106-cmucam3.a(interrupt.o)
                0x0000e8ec                enable_button_interrupt
 .text.disable_button_interrupt
                0x0000e914       0x30 ../../hal/lpc2106-cmucam3/libhal-lpc2106-cmucam3.a(interrupt.o)
                0x0000e914                disable_button_interrupt
 .text.panic_blink
                0x0000e944       0x70 ../../hal/lpc2106-cmucam3/libhal-lpc2106-cmucam3.a(interrupt.o)
 .text.data_abort
                0x0000e9b4       0x2c ../../hal/lpc2106-cmucam3/libhal-lpc2106-cmucam3.a(interrupt.o)
                0x0000e9b4                data_abort
 .text.prefetch_abort
                0x0000e9e0       0x2c ../../hal/lpc2106-cmucam3/libhal-lpc2106-cmucam3.a(interrupt.o)
                0x0000e9e0                prefetch_abort
 .text.undefined
                0x0000ea0c        0x8 ../../hal/lpc2106-cmucam3/libhal-lpc2106-cmucam3.a(interrupt.o)
                0x0000ea0c                undefined
 .text.swi      0x0000ea14       0x1c ../../hal/lpc2106-cmucam3/libhal-lpc2106-cmucam3.a(interrupt.o)
                0x0000ea14                swi
 .text.interrupt
                0x0000ea30       0x94 ../../hal/lpc2106-cmucam3/libhal-lpc2106-cmucam3.a(interrupt.o)
                0x0000ea30                interrupt
 .text.cc3_pixbuf_rewind
                0x0000eac4       0x84 ../../hal/lpc2106-cmucam3/libhal-lpc2106-cmucam3.a(cc3.o)
                0x0000eac4                cc3_pixbuf_rewind
 .text.cc3_led_set_state
                0x0000eb48       0x90 ../../hal/lpc2106-cmucam3/libhal-lpc2106-cmucam3.a(cc3.o)
                0x0000eb48                cc3_led_set_state
 .text.cc3_timer_get_current_ms
                0x0000ebd8       0x10 ../../hal/lpc2106-cmucam3/libhal-lpc2106-cmucam3.a(cc3.o)
                0x0000ebd8                cc3_timer_get_current_ms
 .text.cc3_timer_wait_ms
                0x0000ebe8       0x24 ../../hal/lpc2106-cmucam3/libhal-lpc2106-cmucam3.a(cc3.o)
                0x0000ebe8                cc3_timer_wait_ms
 .text.cc3_pixbuf_frame_set_coi
                0x0000ec0c       0x34 ../../hal/lpc2106-cmucam3/libhal-lpc2106-cmucam3.a(cc3.o)
                0x0000ec0c                cc3_pixbuf_frame_set_coi
 .text._cc3_update_frame_bounds
                0x0000ec40       0x40 ../../hal/lpc2106-cmucam3/libhal-lpc2106-cmucam3.a(cc3.o)
 .text.cc3_pixbuf_frame_reset
                0x0000ec80       0x50 ../../hal/lpc2106-cmucam3/libhal-lpc2106-cmucam3.a(cc3.o)
                0x0000ec80                cc3_pixbuf_frame_reset
 .text.cc3_button_get_state
                0x0000ecd0       0x34 ../../hal/lpc2106-cmucam3/libhal-lpc2106-cmucam3.a(cc3.o)
                0x0000ecd0                cc3_button_get_state
 .text._cc3_set_cam_ddr
                0x0000ed04       0x2c ../../hal/lpc2106-cmucam3/libhal-lpc2106-cmucam3.a(cc3.o)
 .text._cc3_set_cam_ddr_sccb_write
                0x0000ed30       0x2c ../../hal/lpc2106-cmucam3/libhal-lpc2106-cmucam3.a(cc3.o)
 .text._cc3_set_cam_ddr_sccb_idle
                0x0000ed5c       0x30 ../../hal/lpc2106-cmucam3/libhal-lpc2106-cmucam3.a(cc3.o)
 .text.cc3_camera_set_raw_register
                0x0000ed8c      0x164 ../../hal/lpc2106-cmucam3/libhal-lpc2106-cmucam3.a(cc3.o)
                0x0000ed8c                cc3_camera_set_raw_register
 .text._cc3_set_register_state
                0x0000eef0      0x178 ../../hal/lpc2106-cmucam3/libhal-lpc2106-cmucam3.a(cc3.o)
 .text.cc3_camera_set_auto_white_balance
                0x0000f068       0x10 ../../hal/lpc2106-cmucam3/libhal-lpc2106-cmucam3.a(cc3.o)
                0x0000f068                cc3_camera_set_auto_white_balance
 .text.cc3_camera_set_auto_exposure
                0x0000f078       0x10 ../../hal/lpc2106-cmucam3/libhal-lpc2106-cmucam3.a(cc3.o)
                0x0000f078                cc3_camera_set_auto_exposure
 .text.cc3_camera_set_colorspace
                0x0000f088       0x10 ../../hal/lpc2106-cmucam3/libhal-lpc2106-cmucam3.a(cc3.o)
                0x0000f088                cc3_camera_set_colorspace
 .text.cc3_camera_set_resolution
                0x0000f098       0x10 ../../hal/lpc2106-cmucam3/libhal-lpc2106-cmucam3.a(cc3.o)
                0x0000f098                cc3_camera_set_resolution
 .text.cc3_camera_init
                0x0000f0a8       0x94 ../../hal/lpc2106-cmucam3/libhal-lpc2106-cmucam3.a(cc3.o)
                0x0000f0a8                cc3_camera_init
 .text.cc3_malloc_rows
                0x0000f13c       0x30 ../../hal/lpc2106-cmucam3/libhal-lpc2106-cmucam3.a(cc3.o)
                0x0000f13c                cc3_malloc_rows
 .text.cc3_pixbuf_load
                0x0000f16c       0xb4 ../../hal/lpc2106-cmucam3/libhal-lpc2106-cmucam3.a(cc3.o)
                0x0000f16c                cc3_pixbuf_load
 .text.cc3_pixbuf_read_rows
                0x0000f220      0x690 ../../hal/lpc2106-cmucam3/libhal-lpc2106-cmucam3.a(cc3.o)
                0x0000f220                cc3_pixbuf_read_rows
 .text._cc3_delay_us_4
                0x0000f8b0       0x64 ../../hal/lpc2106-cmucam3/libhal-lpc2106-cmucam3.a(cc3_hal.o)
                0x0000f8b0                _cc3_delay_us_4
 .text._cc3_fifo_reset
                0x0000f914       0x68 ../../hal/lpc2106-cmucam3/libhal-lpc2106-cmucam3.a(cc3_hal.o)
                0x0000f914                _cc3_fifo_reset
 .text._cc3_camera_reset
                0x0000f97c       0x40 ../../hal/lpc2106-cmucam3/libhal-lpc2106-cmucam3.a(cc3_hal.o)
                0x0000f97c                _cc3_camera_reset
 .text._cc3_delay_sccb
                0x0000f9bc       0x38 ../../hal/lpc2106-cmucam3/libhal-lpc2106-cmucam3.a(cc3_hal.o)
                0x0000f9bc                _cc3_delay_sccb
 .text._cc3_pixbuf_write_rewind
                0x0000f9f4       0x38 ../../hal/lpc2106-cmucam3/libhal-lpc2106-cmucam3.a(cc3_hal.o)
                0x0000f9f4                _cc3_pixbuf_write_rewind
 .text._cc3_system_setup
                0x0000fa2c       0xb0 ../../hal/lpc2106-cmucam3/libhal-lpc2106-cmucam3.a(cc3_hal.o)
                0x0000fa2c                _cc3_system_setup
 .text._exit    0x0000fadc        0x4 ../../hal/lpc2106-cmucam3/libhal-lpc2106-cmucam3.a(syscalls.o)
                0x0000fadc                _exit
 .text.normalize_filename
                0x0000fae0       0x5c ../../hal/lpc2106-cmucam3/libhal-lpc2106-cmucam3.a(syscalls.o)
 .text._gettimeofday
                0x0000fb3c        0x8 ../../hal/lpc2106-cmucam3/libhal-lpc2106-cmucam3.a(syscalls.o)
                0x0000fb3c                _gettimeofday
 .text._sbrk    0x0000fb44       0x54 ../../hal/lpc2106-cmucam3/libhal-lpc2106-cmucam3.a(syscalls.o)
                0x0000fb44                _sbrk
 .text._open    0x0000fb98       0x88 ../../hal/lpc2106-cmucam3/libhal-lpc2106-cmucam3.a(syscalls.o)
                0x0000fb98                _open
 .text.isatty   0x0000fc20       0x38 ../../hal/lpc2106-cmucam3/libhal-lpc2106-cmucam3.a(syscalls.o)
                0x0000fc20                isatty
 .text._fstat   0x0000fc58       0x5c ../../hal/lpc2106-cmucam3/libhal-lpc2106-cmucam3.a(syscalls.o)
                0x0000fc58                _fstat
 .text._lseek   0x0000fcb4       0x5c ../../hal/lpc2106-cmucam3/libhal-lpc2106-cmucam3.a(syscalls.o)
                0x0000fcb4                _lseek
 .text._close   0x0000fd10       0x4c ../../hal/lpc2106-cmucam3/libhal-lpc2106-cmucam3.a(syscalls.o)
                0x0000fd10                _close
 .text._read    0x0000fd5c       0x5c ../../hal/lpc2106-cmucam3/libhal-lpc2106-cmucam3.a(syscalls.o)
                0x0000fd5c                _read
 .text._write   0x0000fdb8       0x5c ../../hal/lpc2106-cmucam3/libhal-lpc2106-cmucam3.a(syscalls.o)
                0x0000fdb8                _write
 .text._cc3_uart0_setup
                0x0000fe14       0x5c ../../hal/lpc2106-cmucam3/libhal-lpc2106-cmucam3.a(serial.o)
                0x0000fe14                _cc3_uart0_setup
 .text._cc3_uart1_setup
                0x0000fe70       0x5c ../../hal/lpc2106-cmucam3/libhal-lpc2106-cmucam3.a(serial.o)
                0x0000fe70                _cc3_uart1_setup
 .text.cc3_uart_get_count
                0x0000fecc        0x8 ../../hal/lpc2106-cmucam3/libhal-lpc2106-cmucam3.a(serial.o)
                0x0000fecc                cc3_uart_get_count
 .text.cc3_uart_has_data
                0x0000fed4       0x3c ../../hal/lpc2106-cmucam3/libhal-lpc2106-cmucam3.a(serial.o)
                0x0000fed4                cc3_uart_has_data
 .text.uart0_putc
                0x0000ff10       0x1c ../../hal/lpc2106-cmucam3/libhal-lpc2106-cmucam3.a(serial.o)
                0x0000ff10                uart0_putc
 .text.uart1_putc
                0x0000ff2c       0x1c ../../hal/lpc2106-cmucam3/libhal-lpc2106-cmucam3.a(serial.o)
                0x0000ff2c                uart1_putc
 .text.uart0_getc
                0x0000ff48       0x1c ../../hal/lpc2106-cmucam3/libhal-lpc2106-cmucam3.a(serial.o)
                0x0000ff48                uart0_getc
 .text.uart1_getc
                0x0000ff64       0x1c ../../hal/lpc2106-cmucam3/libhal-lpc2106-cmucam3.a(serial.o)
                0x0000ff64                uart1_getc
 .text.uart0_write
                0x0000ff80       0x30 ../../hal/lpc2106-cmucam3/libhal-lpc2106-cmucam3.a(serial.o)
                0x0000ff80                uart0_write
 .text.uart0_write_hex
                0x0000ffb0       0x70 ../../hal/lpc2106-cmucam3/libhal-lpc2106-cmucam3.a(serial.o)
                0x0000ffb0                uart0_write_hex
 .text.cc3_uart_init
                0x00010020      0x174 ../../hal/lpc2106-cmucam3/libhal-lpc2106-cmucam3.a(serial.o)
                0x00010020                cc3_uart_init
 .text.servo_lo
                0x00010194       0x1c ../../hal/lpc2106-cmucam3/libhal-lpc2106-cmucam3.a(servo.o)
 .text._cc3_servo_int
                0x000101b0      0x138 ../../hal/lpc2106-cmucam3/libhal-lpc2106-cmucam3.a(servo.o)
                0x000101b0                _cc3_servo_int
 .text.name_extension_to_spec
                0x000102e8       0x68 ../../hal/lpc2106-cmucam3/libhal-lpc2106-cmucam3.a(rdcf2.o)
 .text.initialize_fcb
                0x00010350       0xac ../../hal/lpc2106-cmucam3/libhal-lpc2106-cmucam3.a(rdcf2.o)
 .text.rdcf_get_date_and_time
                0x000103fc       0x74 ../../hal/lpc2106-cmucam3/libhal-lpc2106-cmucam3.a(rdcf2.o)
 .text.error_exit
                0x00010470       0x10 ../../hal/lpc2106-cmucam3/libhal-lpc2106-cmucam3.a(rdcf2.o)
 .text.check_write_access
                0x00010480       0x14 ../../hal/lpc2106-cmucam3/libhal-lpc2106-cmucam3.a(rdcf2.o)
 .text.check_file_character
                0x00010494       0x24 ../../hal/lpc2106-cmucam3/libhal-lpc2106-cmucam3.a(rdcf2.o)
 .text.spec_to_name_extension
                0x000104b8      0x134 ../../hal/lpc2106-cmucam3/libhal-lpc2106-cmucam3.a(rdcf2.o)
 .text.check_cluster
                0x000105ec       0x24 ../../hal/lpc2106-cmucam3/libhal-lpc2106-cmucam3.a(rdcf2.o)
 .text.first_sector_in_cluster
                0x00010610       0x30 ../../hal/lpc2106-cmucam3/libhal-lpc2106-cmucam3.a(rdcf2.o)
 .text.write_sector
                0x00010640       0x48 ../../hal/lpc2106-cmucam3/libhal-lpc2106-cmucam3.a(rdcf2.o)
 .text.flush_buffer
                0x00010688       0x6c ../../hal/lpc2106-cmucam3/libhal-lpc2106-cmucam3.a(rdcf2.o)
 .text.read_sector
                0x000106f4       0x48 ../../hal/lpc2106-cmucam3/libhal-lpc2106-cmucam3.a(rdcf2.o)
 .text.read_buffer
                0x0001073c       0x54 ../../hal/lpc2106-cmucam3/libhal-lpc2106-cmucam3.a(rdcf2.o)
 .text.find_directory
                0x00010790       0x60 ../../hal/lpc2106-cmucam3/libhal-lpc2106-cmucam3.a(rdcf2.o)
 .text.update_directory_entry
                0x000107f0       0xe0 ../../hal/lpc2106-cmucam3/libhal-lpc2106-cmucam3.a(rdcf2.o)
 .text.rdcf_close
                0x000108d0       0xac ../../hal/lpc2106-cmucam3/libhal-lpc2106-cmucam3.a(rdcf2.o)
                0x000108d0                rdcf_close
 .text.set_FAT_entry
                0x0001097c       0xf0 ../../hal/lpc2106-cmucam3/libhal-lpc2106-cmucam3.a(rdcf2.o)
 .text.FAT_entry
                0x00010a6c       0xa8 ../../hal/lpc2106-cmucam3/libhal-lpc2106-cmucam3.a(rdcf2.o)
 .text.rdcf_seek
                0x00010b14       0xe4 ../../hal/lpc2106-cmucam3/libhal-lpc2106-cmucam3.a(rdcf2.o)
                0x00010b14                rdcf_seek
 .text.rdcf_read
                0x00010bf8      0x220 ../../hal/lpc2106-cmucam3/libhal-lpc2106-cmucam3.a(rdcf2.o)
                0x00010bf8                rdcf_read
 .text.add_new_cluster
                0x00010e18       0xac ../../hal/lpc2106-cmucam3/libhal-lpc2106-cmucam3.a(rdcf2.o)
 .text.real_rdcf_write
                0x00010ec4      0x2b0 ../../hal/lpc2106-cmucam3/libhal-lpc2106-cmucam3.a(rdcf2.o)
 .text.rdcf_write
                0x00011174       0x34 ../../hal/lpc2106-cmucam3/libhal-lpc2106-cmucam3.a(rdcf2.o)
                0x00011174                rdcf_write
 .text.release_FAT_entries
                0x000111a8       0x94 ../../hal/lpc2106-cmucam3/libhal-lpc2106-cmucam3.a(rdcf2.o)
 .text.find_file_in_directory_or_find_volume
                0x0001123c      0x25c ../../hal/lpc2106-cmucam3/libhal-lpc2106-cmucam3.a(rdcf2.o)
 .text.find_file
                0x00011498       0xb0 ../../hal/lpc2106-cmucam3/libhal-lpc2106-cmucam3.a(rdcf2.o)
 .text.rdcf_open
                0x00011548      0x1d4 ../../hal/lpc2106-cmucam3/libhal-lpc2106-cmucam3.a(rdcf2.o)
                0x00011548                rdcf_open
 .text.rdcf_rename
                0x0001171c      0x128 ../../hal/lpc2106-cmucam3/libhal-lpc2106-cmucam3.a(rdcf2.o)
                0x0001171c                rdcf_rename
 .text.rdcf_delete
                0x00011844      0x1a8 ../../hal/lpc2106-cmucam3/libhal-lpc2106-cmucam3.a(rdcf2.o)
                0x00011844                rdcf_delete
 .text.spiPutByte
                0x000119ec       0x24 ../../hal/lpc2106-cmucam3/libhal-lpc2106-cmucam3.a(mmc_hardware.o)
 .text.spiGetByte
                0x00011a10       0x2c ../../hal/lpc2106-cmucam3/libhal-lpc2106-cmucam3.a(mmc_hardware.o)
 .text.SPI_Send
                0x00011a3c       0x30 ../../hal/lpc2106-cmucam3/libhal-lpc2106-cmucam3.a(mmc_hardware.o)
 .text.mmcStatus
                0x00011a6c       0x54 ../../hal/lpc2106-cmucam3/libhal-lpc2106-cmucam3.a(mmc_hardware.o)
 .text._cc3_mmc_idle
                0x00011ac0       0x18 ../../hal/lpc2106-cmucam3/libhal-lpc2106-cmucam3.a(mmc_hardware.o)
                0x00011ac0                _cc3_mmc_idle
 .text.selectMMC
                0x00011ad8       0x34 ../../hal/lpc2106-cmucam3/libhal-lpc2106-cmucam3.a(mmc_hardware.o)
 .text.unselectMMC
                0x00011b0c       0x44 ../../hal/lpc2106-cmucam3/libhal-lpc2106-cmucam3.a(mmc_hardware.o)
 .text._cc3_mmc_block_write
                0x00011b50       0xd8 ../../hal/lpc2106-cmucam3/libhal-lpc2106-cmucam3.a(mmc_hardware.o)
                0x00011b50                _cc3_mmc_block_write
 .text._cc3_mmc_block_read
                0x00011c28       0xb4 ../../hal/lpc2106-cmucam3/libhal-lpc2106-cmucam3.a(mmc_hardware.o)
                0x00011c28                _cc3_mmc_block_read
 .text._cc3_mmc_init
                0x00011cdc      0x2a8 ../../hal/lpc2106-cmucam3/libhal-lpc2106-cmucam3.a(mmc_hardware.o)
                0x00011cdc                _cc3_mmc_init
 .text.mmc_recognize
                0x00011f84       0x34 ../../hal/lpc2106-cmucam3/libhal-lpc2106-cmucam3.a(mmc_driver.o)
 .text.remove_prefix
                0x00011fb8        0x8 ../../hal/lpc2106-cmucam3/libhal-lpc2106-cmucam3.a(mmc_driver.o)
 .text.mmc_fstat
                0x00011fc0       0x18 ../../hal/lpc2106-cmucam3/libhal-lpc2106-cmucam3.a(mmc_driver.o)
 .text.allocate_1_fcb
                0x00011fd8       0x3c ../../hal/lpc2106-cmucam3/libhal-lpc2106-cmucam3.a(mmc_driver.o)
 .text.mmc_rename
                0x00012014       0xb8 ../../hal/lpc2106-cmucam3/libhal-lpc2106-cmucam3.a(mmc_driver.o)
 .text.mmc_unlink
                0x000120cc       0xac ../../hal/lpc2106-cmucam3/libhal-lpc2106-cmucam3.a(mmc_driver.o)
 .text.mmc_lseek
                0x00012178       0xb4 ../../hal/lpc2106-cmucam3/libhal-lpc2106-cmucam3.a(mmc_driver.o)
 .text.mmc_write
                0x0001222c       0x8c ../../hal/lpc2106-cmucam3/libhal-lpc2106-cmucam3.a(mmc_driver.o)
 .text.mmc_read
                0x000122b8       0x8c ../../hal/lpc2106-cmucam3/libhal-lpc2106-cmucam3.a(mmc_driver.o)
 .text.mmc_close
                0x00012344       0xcc ../../hal/lpc2106-cmucam3/libhal-lpc2106-cmucam3.a(mmc_driver.o)
 .text.mmc_open
                0x00012410      0x10c ../../hal/lpc2106-cmucam3/libhal-lpc2106-cmucam3.a(mmc_driver.o)
 .text.cc3_filesystem_init
                0x0001251c       0x18 ../../hal/lpc2106-cmucam3/libhal-lpc2106-cmucam3.a(devices.o)
                0x0001251c                cc3_filesystem_init
 .text._cc3_get_driver_for_name
                0x00012534       0x5c ../../hal/lpc2106-cmucam3/libhal-lpc2106-cmucam3.a(devices.o)
                0x00012534                _cc3_get_driver_for_name
 .text._cc3_get_internal_file_number
                0x00012590        0x8 ../../hal/lpc2106-cmucam3/libhal-lpc2106-cmucam3.a(devices.o)
                0x00012590                _cc3_get_internal_file_number
 .text._cc3_get_driver_for_file_number
                0x00012598       0x24 ../../hal/lpc2106-cmucam3/libhal-lpc2106-cmucam3.a(devices.o)
                0x00012598                _cc3_get_driver_for_file_number
 .text._cc3_make_file_number
                0x000125bc       0x14 ../../hal/lpc2106-cmucam3/libhal-lpc2106-cmucam3.a(devices.o)
                0x000125bc                _cc3_make_file_number
 .text.uart_close
                0x000125d0        0x8 ../../hal/lpc2106-cmucam3/libhal-lpc2106-cmucam3.a(uart_driver.o)
 .text.uart_read
                0x000125d8       0xe4 ../../hal/lpc2106-cmucam3/libhal-lpc2106-cmucam3.a(uart_driver.o)
 .text.uart_write
                0x000126bc      0x118 ../../hal/lpc2106-cmucam3/libhal-lpc2106-cmucam3.a(uart_driver.o)
 .text.uart_lseek
                0x000127d4       0x18 ../../hal/lpc2106-cmucam3/libhal-lpc2106-cmucam3.a(uart_driver.o)
 .text.uart_fstat
                0x000127ec       0x10 ../../hal/lpc2106-cmucam3/libhal-lpc2106-cmucam3.a(uart_driver.o)
 .text.uart_unlink
                0x000127fc       0x18 ../../hal/lpc2106-cmucam3/libhal-lpc2106-cmucam3.a(uart_driver.o)
 .text.uart_rename
                0x00012814       0x18 ../../hal/lpc2106-cmucam3/libhal-lpc2106-cmucam3.a(uart_driver.o)
 .text.process_uart_filename
                0x0001282c       0x70 ../../hal/lpc2106-cmucam3/libhal-lpc2106-cmucam3.a(uart_driver.o)
 .text.uart_recognize
                0x0001289c       0x20 ../../hal/lpc2106-cmucam3/libhal-lpc2106-cmucam3.a(uart_driver.o)
 .text.uart_open
                0x000128bc       0x3c ../../hal/lpc2106-cmucam3/libhal-lpc2106-cmucam3.a(uart_driver.o)
 *(.gnu.linkonce.t.*)
 *(.glue_7)
 .glue_7        0x000128f8        0x0 lpc2106-cmucam3_buildfiles/main.o
 .glue_7        0x000128f8        0x0 ../../lib/cc3-ilp/libcc3-ilp_lpc2106-cmucam3.a(cc3_ilp.o)
 .glue_7        0x000128f8        0x0 ../../hal/lpc2106-cmucam3/libhal-lpc2106-cmucam3.a(interrupt.o)
 .glue_7        0x000128f8        0x0 ../../hal/lpc2106-cmucam3/libhal-lpc2106-cmucam3.a(cc3.o)
 .glue_7        0x000128f8        0x0 ../../hal/lpc2106-cmucam3/libhal-lpc2106-cmucam3.a(cc3_hal.o)
 .glue_7        0x000128f8        0x0 ../../hal/lpc2106-cmucam3/libhal-lpc2106-cmucam3.a(syscalls.o)
 .glue_7        0x000128f8        0x0 ../../hal/lpc2106-cmucam3/libhal-lpc2106-cmucam3.a(serial.o)
 .glue_7        0x000128f8        0x0 ../../hal/lpc2106-cmucam3/libhal-lpc2106-cmucam3.a(servo.o)
 .glue_7        0x000128f8        0x0 ../../hal/lpc2106-cmucam3/libhal-lpc2106-cmucam3.a(rdcf2.o)
 .glue_7        0x000128f8        0x0 ../../hal/lpc2106-cmucam3/libhal-lpc2106-cmucam3.a(mmc_hardware.o)
 .glue_7        0x000128f8        0x0 ../../hal/lpc2106-cmucam3/libhal-lpc2106-cmucam3.a(mmc_driver.o)
 .glue_7        0x000128f8        0x0 ../../hal/lpc2106-cmucam3/libhal-lpc2106-cmucam3.a(gpio.o)
 .glue_7        0x000128f8        0x0 ../../hal/lpc2106-cmucam3/libhal-lpc2106-cmucam3.a(devices.o)
 .glue_7        0x000128f8        0x0 ../../hal/lpc2106-cmucam3/libhal-lpc2106-cmucam3.a(uart_driver.o)
 .glue_7        0x000128f8        0x0 ../../hal/lpc2106-cmucam3/libhal-lpc2106-cmucam3.a(startup.o)
 .glue_7        0x000128f8        0x0 /media/sda4/Documents/Visual Studio 2005/483/CMUCam/arm-2006q3/bin/../lib/gcc/arm-none-eabi/4.1.1/libgcc.a(_udivsi3.o)
 .glue_7        0x000128f8        0x0 /media/sda4/Documents/Visual Studio 2005/483/CMUCam/arm-2006q3/bin/../lib/gcc/arm-none-eabi/4.1.1/libgcc.a(_divsi3.o)
 .glue_7        0x000128f8        0x0 /media/sda4/Documents/Visual Studio 2005/483/CMUCam/arm-2006q3/bin/../lib/gcc/arm-none-eabi/4.1.1/libgcc.a(_dvmd_tls.o)
 .glue_7        0x000128f8        0x0 /media/sda4/Documents/Visual Studio 2005/483/CMUCam/arm-2006q3/bin/../lib/gcc/arm-none-eabi/4.1.1/../../../../arm-none-eabi/lib/libc.a(calloc.o)
 .glue_7        0x000128f8        0x0 /media/sda4/Documents/Visual Studio 2005/483/CMUCam/arm-2006q3/bin/../lib/gcc/arm-none-eabi/4.1.1/../../../../arm-none-eabi/lib/libc.a(callocr.o)
 .glue_7        0x000128f8        0x0 /media/sda4/Documents/Visual Studio 2005/483/CMUCam/arm-2006q3/bin/../lib/gcc/arm-none-eabi/4.1.1/../../../../arm-none-eabi/lib/libc.a(ctype_.o)
 .glue_7        0x000128f8        0x0 /media/sda4/Documents/Visual Studio 2005/483/CMUCam/arm-2006q3/bin/../lib/gcc/arm-none-eabi/4.1.1/../../../../arm-none-eabi/lib/libc.a(exit.o)
 .glue_7        0x000128f8        0x0 /media/sda4/Documents/Visual Studio 2005/483/CMUCam/arm-2006q3/bin/../lib/gcc/arm-none-eabi/4.1.1/../../../../arm-none-eabi/lib/libc.a(fclose.o)
 .glue_7        0x000128f8        0x0 /media/sda4/Documents/Visual Studio 2005/483/CMUCam/arm-2006q3/bin/../lib/gcc/arm-none-eabi/4.1.1/../../../../arm-none-eabi/lib/libc.a(fflush.o)
 .glue_7        0x000128f8        0x0 /media/sda4/Documents/Visual Studio 2005/483/CMUCam/arm-2006q3/bin/../lib/gcc/arm-none-eabi/4.1.1/../../../../arm-none-eabi/lib/libc.a(fgetc.o)
 .glue_7        0x000128f8        0x0 /media/sda4/Documents/Visual Studio 2005/483/CMUCam/arm-2006q3/bin/../lib/gcc/arm-none-eabi/4.1.1/../../../../arm-none-eabi/lib/libc.a(findfp.o)
 .glue_7        0x000128f8        0x0 /media/sda4/Documents/Visual Studio 2005/483/CMUCam/arm-2006q3/bin/../lib/gcc/arm-none-eabi/4.1.1/../../../../arm-none-eabi/lib/libc.a(fopen.o)
 .glue_7        0x000128f8        0x0 /media/sda4/Documents/Visual Studio 2005/483/CMUCam/arm-2006q3/bin/../lib/gcc/arm-none-eabi/4.1.1/../../../../arm-none-eabi/lib/libc.a(fprintf.o)
 .glue_7        0x000128f8        0x0 /media/sda4/Documents/Visual Studio 2005/483/CMUCam/arm-2006q3/bin/../lib/gcc/arm-none-eabi/4.1.1/../../../../arm-none-eabi/lib/libc.a(freer.o)
 .glue_7        0x000128f8        0x0 /media/sda4/Documents/Visual Studio 2005/483/CMUCam/arm-2006q3/bin/../lib/gcc/arm-none-eabi/4.1.1/../../../../arm-none-eabi/lib/libc.a(fseek.o)
 .glue_7        0x000128f8        0x0 /media/sda4/Documents/Visual Studio 2005/483/CMUCam/arm-2006q3/bin/../lib/gcc/arm-none-eabi/4.1.1/../../../../arm-none-eabi/lib/libc.a(fstatr.o)
 .glue_7        0x000128f8        0x0 /media/sda4/Documents/Visual Studio 2005/483/CMUCam/arm-2006q3/bin/../lib/gcc/arm-none-eabi/4.1.1/../../../../arm-none-eabi/lib/libc.a(fwalk.o)
 .glue_7        0x000128f8        0x0 /media/sda4/Documents/Visual Studio 2005/483/CMUCam/arm-2006q3/bin/../lib/gcc/arm-none-eabi/4.1.1/../../../../arm-none-eabi/lib/libc.a(impure.o)
 .glue_7        0x000128f8        0x0 /media/sda4/Documents/Visual Studio 2005/483/CMUCam/arm-2006q3/bin/../lib/gcc/arm-none-eabi/4.1.1/../../../../arm-none-eabi/lib/libc.a(lcltime_r.o)
 .glue_7        0x000128f8        0x0 /media/sda4/Documents/Visual Studio 2005/483/CMUCam/arm-2006q3/bin/../lib/gcc/arm-none-eabi/4.1.1/../../../../arm-none-eabi/lib/libc.a(makebuf.o)
 .glue_7        0x000128f8        0x0 /media/sda4/Documents/Visual Studio 2005/483/CMUCam/arm-2006q3/bin/../lib/gcc/arm-none-eabi/4.1.1/../../../../arm-none-eabi/lib/libc.a(malloc.o)
 .glue_7        0x000128f8        0x0 /media/sda4/Documents/Visual Studio 2005/483/CMUCam/arm-2006q3/bin/../lib/gcc/arm-none-eabi/4.1.1/../../../../arm-none-eabi/lib/libc.a(mallocr.o)
 .glue_7        0x000128f8        0x0 /media/sda4/Documents/Visual Studio 2005/483/CMUCam/arm-2006q3/bin/../lib/gcc/arm-none-eabi/4.1.1/../../../../arm-none-eabi/lib/libc.a(memcmp.o)
 .glue_7        0x000128f8        0x0 /media/sda4/Documents/Visual Studio 2005/483/CMUCam/arm-2006q3/bin/../lib/gcc/arm-none-eabi/4.1.1/../../../../arm-none-eabi/lib/libc.a(memcpy.o)
 .glue_7        0x000128f8        0x0 /media/sda4/Documents/Visual Studio 2005/483/CMUCam/arm-2006q3/bin/../lib/gcc/arm-none-eabi/4.1.1/../../../../arm-none-eabi/lib/libc.a(memset.o)
 .glue_7        0x000128f8        0x0 /media/sda4/Documents/Visual Studio 2005/483/CMUCam/arm-2006q3/bin/../lib/gcc/arm-none-eabi/4.1.1/../../../../arm-none-eabi/lib/libc.a(mktm_r.o)
 .glue_7        0x000128f8        0x0 /media/sda4/Documents/Visual Studio 2005/483/CMUCam/arm-2006q3/bin/../lib/gcc/arm-none-eabi/4.1.1/../../../../arm-none-eabi/lib/libc.a(mlock.o)
 .glue_7        0x000128f8        0x0 /media/sda4/Documents/Visual Studio 2005/483/CMUCam/arm-2006q3/bin/../lib/gcc/arm-none-eabi/4.1.1/../../../../arm-none-eabi/lib/libc.a(openr.o)
 .glue_7        0x000128f8        0x0 /media/sda4/Documents/Visual Studio 2005/483/CMUCam/arm-2006q3/bin/../lib/gcc/arm-none-eabi/4.1.1/../../../../arm-none-eabi/lib/libc.a(perror.o)
 .glue_7        0x000128f8        0x0 /media/sda4/Documents/Visual Studio 2005/483/CMUCam/arm-2006q3/bin/../lib/gcc/arm-none-eabi/4.1.1/../../../../arm-none-eabi/lib/libc.a(printf.o)
 .glue_7        0x000128f8        0x0 /media/sda4/Documents/Visual Studio 2005/483/CMUCam/arm-2006q3/bin/../lib/gcc/arm-none-eabi/4.1.1/../../../../arm-none-eabi/lib/libc.a(reent.o)
 .glue_7        0x000128f8        0x0 /media/sda4/Documents/Visual Studio 2005/483/CMUCam/arm-2006q3/bin/../lib/gcc/arm-none-eabi/4.1.1/../../../../arm-none-eabi/lib/libc.a(refill.o)
 .glue_7        0x000128f8        0x0 /media/sda4/Documents/Visual Studio 2005/483/CMUCam/arm-2006q3/bin/../lib/gcc/arm-none-eabi/4.1.1/../../../../arm-none-eabi/lib/libc.a(rget.o)
 .glue_7        0x000128f8        0x0 /media/sda4/Documents/Visual Studio 2005/483/CMUCam/arm-2006q3/bin/../lib/gcc/arm-none-eabi/4.1.1/../../../../arm-none-eabi/lib/libc.a(sbrkr.o)
 .glue_7        0x000128f8        0x0 /media/sda4/Documents/Visual Studio 2005/483/CMUCam/arm-2006q3/bin/../lib/gcc/arm-none-eabi/4.1.1/../../../../arm-none-eabi/lib/libc.a(scanf.o)
 .glue_7        0x000128f8        0x0 /media/sda4/Documents/Visual Studio 2005/483/CMUCam/arm-2006q3/bin/../lib/gcc/arm-none-eabi/4.1.1/../../../../arm-none-eabi/lib/libc.a(setbuf.o)
 .glue_7        0x000128f8        0x0 /media/sda4/Documents/Visual Studio 2005/483/CMUCam/arm-2006q3/bin/../lib/gcc/arm-none-eabi/4.1.1/../../../../arm-none-eabi/lib/libc.a(setjmp.o)
 .glue_7        0x000128f8        0x0 /media/sda4/Documents/Visual Studio 2005/483/CMUCam/arm-2006q3/bin/../lib/gcc/arm-none-eabi/4.1.1/../../../../arm-none-eabi/lib/libc.a(setvbuf.o)
 .glue_7        0x000128f8        0x0 /media/sda4/Documents/Visual Studio 2005/483/CMUCam/arm-2006q3/bin/../lib/gcc/arm-none-eabi/4.1.1/../../../../arm-none-eabi/lib/libc.a(snprintf.o)
 .glue_7        0x000128f8        0x0 /media/sda4/Documents/Visual Studio 2005/483/CMUCam/arm-2006q3/bin/../lib/gcc/arm-none-eabi/4.1.1/../../../../arm-none-eabi/lib/libc.a(stdio.o)
 .glue_7        0x000128f8        0x0 /media/sda4/Documents/Visual Studio 2005/483/CMUCam/arm-2006q3/bin/../lib/gcc/arm-none-eabi/4.1.1/../../../../arm-none-eabi/lib/libc.a(strdup.o)
 .glue_7        0x000128f8        0x0 /media/sda4/Documents/Visual Studio 2005/483/CMUCam/arm-2006q3/bin/../lib/gcc/arm-none-eabi/4.1.1/../../../../arm-none-eabi/lib/libc.a(strdup_r.o)
 .glue_7        0x000128f8        0x0 /media/sda4/Documents/Visual Studio 2005/483/CMUCam/arm-2006q3/bin/../lib/gcc/arm-none-eabi/4.1.1/../../../../arm-none-eabi/lib/libc.a(strerror.o)
 .glue_7        0x000128f8        0x0 /media/sda4/Documents/Visual Studio 2005/483/CMUCam/arm-2006q3/bin/../lib/gcc/arm-none-eabi/4.1.1/../../../../arm-none-eabi/lib/libc.a(strlen.o)
 .glue_7        0x000128f8        0x0 /media/sda4/Documents/Visual Studio 2005/483/CMUCam/arm-2006q3/bin/../lib/gcc/arm-none-eabi/4.1.1/../../../../arm-none-eabi/lib/libc.a(strtol.o)
 .glue_7        0x000128f8        0x0 /media/sda4/Documents/Visual Studio 2005/483/CMUCam/arm-2006q3/bin/../lib/gcc/arm-none-eabi/4.1.1/../../../../arm-none-eabi/lib/libc.a(sysgettod.o)
 .glue_7        0x000128f8        0x0 /media/sda4/Documents/Visual Studio 2005/483/CMUCam/arm-2006q3/bin/../lib/gcc/arm-none-eabi/4.1.1/../../../../arm-none-eabi/lib/libc.a(tzlock.o)
 .glue_7        0x000128f8        0x0 /media/sda4/Documents/Visual Studio 2005/483/CMUCam/arm-2006q3/bin/../lib/gcc/arm-none-eabi/4.1.1/../../../../arm-none-eabi/lib/libc.a(tzvars.o)
 .glue_7        0x000128f8        0x0 /media/sda4/Documents/Visual Studio 2005/483/CMUCam/arm-2006q3/bin/../lib/gcc/arm-none-eabi/4.1.1/../../../../arm-none-eabi/lib/libc.a(u_strerr.o)
 .glue_7        0x000128f8        0x0 /media/sda4/Documents/Visual Studio 2005/483/CMUCam/arm-2006q3/bin/../lib/gcc/arm-none-eabi/4.1.1/../../../../arm-none-eabi/lib/libc.a(vfprintf.o)
 .glue_7        0x000128f8        0x0 /media/sda4/Documents/Visual Studio 2005/483/CMUCam/arm-2006q3/bin/../lib/gcc/arm-none-eabi/4.1.1/../../../../arm-none-eabi/lib/libc.a(vfscanf.o)
 .glue_7        0x000128f8        0x0 /media/sda4/Documents/Visual Studio 2005/483/CMUCam/arm-2006q3/bin/../lib/gcc/arm-none-eabi/4.1.1/../../../../arm-none-eabi/lib/libc.a(wcrtomb.o)
 .glue_7        0x000128f8        0x0 /media/sda4/Documents/Visual Studio 2005/483/CMUCam/arm-2006q3/bin/../lib/gcc/arm-none-eabi/4.1.1/../../../../arm-none-eabi/lib/libc.a(wcsrtombs.o)
 .glue_7        0x000128f8        0x0 /media/sda4/Documents/Visual Studio 2005/483/CMUCam/arm-2006q3/bin/../lib/gcc/arm-none-eabi/4.1.1/../../../../arm-none-eabi/lib/libc.a(wctomb_r.o)
 .glue_7        0x000128f8        0x0 /media/sda4/Documents/Visual Studio 2005/483/CMUCam/arm-2006q3/bin/../lib/gcc/arm-none-eabi/4.1.1/../../../../arm-none-eabi/lib/libc.a(writer.o)
 .glue_7        0x000128f8        0x0 /media/sda4/Documents/Visual Studio 2005/483/CMUCam/arm-2006q3/bin/../lib/gcc/arm-none-eabi/4.1.1/../../../../arm-none-eabi/lib/libc.a(wsetup.o)
 .glue_7        0x000128f8        0x0 /media/sda4/Documents/Visual Studio 2005/483/CMUCam/arm-2006q3/bin/../lib/gcc/arm-none-eabi/4.1.1/../../../../arm-none-eabi/lib/libc.a(__call_atexit.o)
 .glue_7        0x000128f8        0x0 /media/sda4/Documents/Visual Studio 2005/483/CMUCam/arm-2006q3/bin/../lib/gcc/arm-none-eabi/4.1.1/../../../../arm-none-eabi/lib/libc.a(closer.o)
 .glue_7        0x000128f8        0x0 /media/sda4/Documents/Visual Studio 2005/483/CMUCam/arm-2006q3/bin/../lib/gcc/arm-none-eabi/4.1.1/../../../../arm-none-eabi/lib/libc.a(dtoa.o)
 .glue_7        0x000128f8        0x0 /media/sda4/Documents/Visual Studio 2005/483/CMUCam/arm-2006q3/bin/../lib/gcc/arm-none-eabi/4.1.1/../../../../arm-none-eabi/lib/libc.a(flags.o)
 .glue_7        0x000128f8        0x0 /media/sda4/Documents/Visual Studio 2005/483/CMUCam/arm-2006q3/bin/../lib/gcc/arm-none-eabi/4.1.1/../../../../arm-none-eabi/lib/libc.a(fputc.o)
 .glue_7        0x000128f8        0x0 /media/sda4/Documents/Visual Studio 2005/483/CMUCam/arm-2006q3/bin/../lib/gcc/arm-none-eabi/4.1.1/../../../../arm-none-eabi/lib/libc.a(fputs.o)
 .glue_7        0x000128f8        0x0 /media/sda4/Documents/Visual Studio 2005/483/CMUCam/arm-2006q3/bin/../lib/gcc/arm-none-eabi/4.1.1/../../../../arm-none-eabi/lib/libc.a(fread.o)
 .glue_7        0x000128f8        0x0 /media/sda4/Documents/Visual Studio 2005/483/CMUCam/arm-2006q3/bin/../lib/gcc/arm-none-eabi/4.1.1/../../../../arm-none-eabi/lib/libc.a(fvwrite.o)
 .glue_7        0x000128f8        0x0 /media/sda4/Documents/Visual Studio 2005/483/CMUCam/arm-2006q3/bin/../lib/gcc/arm-none-eabi/4.1.1/../../../../arm-none-eabi/lib/libc.a(gettzinfo.o)
 .glue_7        0x000128f8        0x0 /media/sda4/Documents/Visual Studio 2005/483/CMUCam/arm-2006q3/bin/../lib/gcc/arm-none-eabi/4.1.1/../../../../arm-none-eabi/lib/libc.a(iswspace.o)
 .glue_7        0x000128f8        0x0 /media/sda4/Documents/Visual Studio 2005/483/CMUCam/arm-2006q3/bin/../lib/gcc/arm-none-eabi/4.1.1/../../../../arm-none-eabi/lib/libc.a(locale.o)
 .glue_7        0x000128f8        0x0 /media/sda4/Documents/Visual Studio 2005/483/CMUCam/arm-2006q3/bin/../lib/gcc/arm-none-eabi/4.1.1/../../../../arm-none-eabi/lib/libc.a(lseekr.o)
 .glue_7        0x000128f8        0x0 /media/sda4/Documents/Visual Studio 2005/483/CMUCam/arm-2006q3/bin/../lib/gcc/arm-none-eabi/4.1.1/../../../../arm-none-eabi/lib/libc.a(mbrtowc.o)
 .glue_7        0x000128f8        0x0 /media/sda4/Documents/Visual Studio 2005/483/CMUCam/arm-2006q3/bin/../lib/gcc/arm-none-eabi/4.1.1/../../../../arm-none-eabi/lib/libc.a(mbtowc_r.o)
 .glue_7        0x000128f8        0x0 /media/sda4/Documents/Visual Studio 2005/483/CMUCam/arm-2006q3/bin/../lib/gcc/arm-none-eabi/4.1.1/../../../../arm-none-eabi/lib/libc.a(memchr.o)
 .glue_7        0x000128f8        0x0 /media/sda4/Documents/Visual Studio 2005/483/CMUCam/arm-2006q3/bin/../lib/gcc/arm-none-eabi/4.1.1/../../../../arm-none-eabi/lib/libc.a(memmove.o)
 .glue_7        0x000128f8        0x0 /media/sda4/Documents/Visual Studio 2005/483/CMUCam/arm-2006q3/bin/../lib/gcc/arm-none-eabi/4.1.1/../../../../arm-none-eabi/lib/libc.a(mprec.o)
 .glue_7        0x000128f8        0x0 /media/sda4/Documents/Visual Studio 2005/483/CMUCam/arm-2006q3/bin/../lib/gcc/arm-none-eabi/4.1.1/../../../../arm-none-eabi/lib/libc.a(readr.o)
 .glue_7        0x000128f8        0x0 /media/sda4/Documents/Visual Studio 2005/483/CMUCam/arm-2006q3/bin/../lib/gcc/arm-none-eabi/4.1.1/../../../../arm-none-eabi/lib/libc.a(reallocr.o)
 .glue_7        0x000128f8        0x0 /media/sda4/Documents/Visual Studio 2005/483/CMUCam/arm-2006q3/bin/../lib/gcc/arm-none-eabi/4.1.1/../../../../arm-none-eabi/lib/libc.a(s_isinfd.o)
 .glue_7        0x000128f8        0x0 /media/sda4/Documents/Visual Studio 2005/483/CMUCam/arm-2006q3/bin/../lib/gcc/arm-none-eabi/4.1.1/../../../../arm-none-eabi/lib/libc.a(s_isnand.o)
 .glue_7        0x000128f8        0x0 /media/sda4/Documents/Visual Studio 2005/483/CMUCam/arm-2006q3/bin/../lib/gcc/arm-none-eabi/4.1.1/../../../../arm-none-eabi/lib/libc.a(sccl.o)
 .glue_7        0x000128f8        0x0 /media/sda4/Documents/Visual Studio 2005/483/CMUCam/arm-2006q3/bin/../lib/gcc/arm-none-eabi/4.1.1/../../../../arm-none-eabi/lib/libc.a(sf_nan.o)
 .glue_7        0x000128f8        0x0 /media/sda4/Documents/Visual Studio 2005/483/CMUCam/arm-2006q3/bin/../lib/gcc/arm-none-eabi/4.1.1/../../../../arm-none-eabi/lib/libc.a(sprintf.o)
 .glue_7        0x000128f8        0x0 /media/sda4/Documents/Visual Studio 2005/483/CMUCam/arm-2006q3/bin/../lib/gcc/arm-none-eabi/4.1.1/../../../../arm-none-eabi/lib/libc.a(strcmp.o)
 .glue_7        0x000128f8        0x0 /media/sda4/Documents/Visual Studio 2005/483/CMUCam/arm-2006q3/bin/../lib/gcc/arm-none-eabi/4.1.1/../../../../arm-none-eabi/lib/libc.a(strtod.o)
 .glue_7        0x000128f8        0x0 /media/sda4/Documents/Visual Studio 2005/483/CMUCam/arm-2006q3/bin/../lib/gcc/arm-none-eabi/4.1.1/../../../../arm-none-eabi/lib/libc.a(strtoll_r.o)
 .glue_7        0x000128f8        0x0 /media/sda4/Documents/Visual Studio 2005/483/CMUCam/arm-2006q3/bin/../lib/gcc/arm-none-eabi/4.1.1/../../../../arm-none-eabi/lib/libc.a(strtoul.o)
 .glue_7        0x000128f8        0x0 /media/sda4/Documents/Visual Studio 2005/483/CMUCam/arm-2006q3/bin/../lib/gcc/arm-none-eabi/4.1.1/../../../../arm-none-eabi/lib/libc.a(strtoull_r.o)
 .glue_7        0x000128f8        0x0 /media/sda4/Documents/Visual Studio 2005/483/CMUCam/arm-2006q3/bin/../lib/gcc/arm-none-eabi/4.1.1/../../../../arm-none-eabi/lib/libc.a(ungetc.o)
 .glue_7        0x000128f8        0x0 /media/sda4/Documents/Visual Studio 2005/483/CMUCam/arm-2006q3/bin/../lib/gcc/arm-none-eabi/4.1.1/../../../../arm-none-eabi/lib/libc.a(wbuf.o)
 .glue_7        0x000128f8        0x0 /media/sda4/Documents/Visual Studio 2005/483/CMUCam/arm-2006q3/bin/../lib/gcc/arm-none-eabi/4.1.1/../../../../arm-none-eabi/lib/libc.a(s_nan.o)
 .glue_7        0x000128f8        0x0 /media/sda4/Documents/Visual Studio 2005/483/CMUCam/arm-2006q3/bin/../lib/gcc/arm-none-eabi/4.1.1/libgcc.a(_addsubdf3.o)
 .glue_7        0x000128f8        0x0 /media/sda4/Documents/Visual Studio 2005/483/CMUCam/arm-2006q3/bin/../lib/gcc/arm-none-eabi/4.1.1/libgcc.a(_muldivdf3.o)
 .glue_7        0x000128f8        0x0 /media/sda4/Documents/Visual Studio 2005/483/CMUCam/arm-2006q3/bin/../lib/gcc/arm-none-eabi/4.1.1/libgcc.a(_cmpdf2.o)
 .glue_7        0x000128f8        0x0 /media/sda4/Documents/Visual Studio 2005/483/CMUCam/arm-2006q3/bin/../lib/gcc/arm-none-eabi/4.1.1/libgcc.a(_fixdfsi.o)
 .glue_7        0x000128f8        0x0 /media/sda4/Documents/Visual Studio 2005/483/CMUCam/arm-2006q3/bin/../lib/gcc/arm-none-eabi/4.1.1/libgcc.a(_truncdfsf2.o)
 .glue_7        0x000128f8        0x0 /media/sda4/Documents/Visual Studio 2005/483/CMUCam/arm-2006q3/bin/../lib/gcc/arm-none-eabi/4.1.1/libgcc.a(_aeabi_uldivmod.o)
 .glue_7        0x000128f8        0x0 /media/sda4/Documents/Visual Studio 2005/483/CMUCam/arm-2006q3/bin/../lib/gcc/arm-none-eabi/4.1.1/libgcc.a(bpabi.o)
 .glue_7        0x000128f8        0x0 /media/sda4/Documents/Visual Studio 2005/483/CMUCam/arm-2006q3/bin/../lib/gcc/arm-none-eabi/4.1.1/libgcc.a(_divdi3.o)
 .glue_7        0x000128f8        0x0 /media/sda4/Documents/Visual Studio 2005/483/CMUCam/arm-2006q3/bin/../lib/gcc/arm-none-eabi/4.1.1/libgcc.a(_udivdi3.o)
 .glue_7        0x000128f8        0x0 /media/sda4/Documents/Visual Studio 2005/483/CMUCam/arm-2006q3/bin/../lib/gcc/arm-none-eabi/4.1.1/libgcc.a(unwind-arm.o)
 .glue_7        0x000128f8        0x0 /media/sda4/Documents/Visual Studio 2005/483/CMUCam/arm-2006q3/bin/../lib/gcc/arm-none-eabi/4.1.1/libgcc.a(libunwind.o)
 .glue_7        0x000128f8        0x0 /media/sda4/Documents/Visual Studio 2005/483/CMUCam/arm-2006q3/bin/../lib/gcc/arm-none-eabi/4.1.1/libgcc.a(pr-support.o)
 .glue_7        0x000128f8        0x0 /media/sda4/Documents/Visual Studio 2005/483/CMUCam/arm-2006q3/bin/../lib/gcc/arm-none-eabi/4.1.1/libgcc.a(_clz.o)
 *(.glue_7t)
 .glue_7t       0x000128f8        0x0 lpc2106-cmucam3_buildfiles/main.o
 .glue_7t       0x000128f8        0x0 ../../lib/cc3-ilp/libcc3-ilp_lpc2106-cmucam3.a(cc3_ilp.o)
 .glue_7t       0x000128f8        0x0 ../../hal/lpc2106-cmucam3/libhal-lpc2106-cmucam3.a(interrupt.o)
 .glue_7t       0x000128f8        0x0 ../../hal/lpc2106-cmucam3/libhal-lpc2106-cmucam3.a(cc3.o)
 .glue_7t       0x000128f8        0x0 ../../hal/lpc2106-cmucam3/libhal-lpc2106-cmucam3.a(cc3_hal.o)
 .glue_7t       0x000128f8        0x0 ../../hal/lpc2106-cmucam3/libhal-lpc2106-cmucam3.a(syscalls.o)
 .glue_7t       0x000128f8        0x0 ../../hal/lpc2106-cmucam3/libhal-lpc2106-cmucam3.a(serial.o)
 .glue_7t       0x000128f8        0x0 ../../hal/lpc2106-cmucam3/libhal-lpc2106-cmucam3.a(servo.o)
 .glue_7t       0x000128f8        0x0 ../../hal/lpc2106-cmucam3/libhal-lpc2106-cmucam3.a(rdcf2.o)
 .glue_7t       0x000128f8        0x0 ../../hal/lpc2106-cmucam3/libhal-lpc2106-cmucam3.a(mmc_hardware.o)
 .glue_7t       0x000128f8        0x0 ../../hal/lpc2106-cmucam3/libhal-lpc2106-cmucam3.a(mmc_driver.o)
 .glue_7t       0x000128f8        0x0 ../../hal/lpc2106-cmucam3/libhal-lpc2106-cmucam3.a(gpio.o)
 .glue_7t       0x000128f8        0x0 ../../hal/lpc2106-cmucam3/libhal-lpc2106-cmucam3.a(devices.o)
 .glue_7t       0x000128f8        0x0 ../../hal/lpc2106-cmucam3/libhal-lpc2106-cmucam3.a(uart_driver.o)
 .glue_7t       0x000128f8        0x0 ../../hal/lpc2106-cmucam3/libhal-lpc2106-cmucam3.a(startup.o)
 .glue_7t       0x000128f8        0x0 /media/sda4/Documents/Visual Studio 2005/483/CMUCam/arm-2006q3/bin/../lib/gcc/arm-none-eabi/4.1.1/libgcc.a(_udivsi3.o)
 .glue_7t       0x000128f8        0x0 /media/sda4/Documents/Visual Studio 2005/483/CMUCam/arm-2006q3/bin/../lib/gcc/arm-none-eabi/4.1.1/libgcc.a(_divsi3.o)
 .glue_7t       0x000128f8        0x0 /media/sda4/Documents/Visual Studio 2005/483/CMUCam/arm-2006q3/bin/../lib/gcc/arm-none-eabi/4.1.1/libgcc.a(_dvmd_tls.o)
 .glue_7t       0x000128f8        0x0 /media/sda4/Documents/Visual Studio 2005/483/CMUCam/arm-2006q3/bin/../lib/gcc/arm-none-eabi/4.1.1/../../../../arm-none-eabi/lib/libc.a(calloc.o)
 .glue_7t       0x000128f8        0x0 /media/sda4/Documents/Visual Studio 2005/483/CMUCam/arm-2006q3/bin/../lib/gcc/arm-none-eabi/4.1.1/../../../../arm-none-eabi/lib/libc.a(callocr.o)
 .glue_7t       0x000128f8        0x0 /media/sda4/Documents/Visual Studio 2005/483/CMUCam/arm-2006q3/bin/../lib/gcc/arm-none-eabi/4.1.1/../../../../arm-none-eabi/lib/libc.a(ctype_.o)
 .glue_7t       0x000128f8        0x0 /media/sda4/Documents/Visual Studio 2005/483/CMUCam/arm-2006q3/bin/../lib/gcc/arm-none-eabi/4.1.1/../../../../arm-none-eabi/lib/libc.a(exit.o)
 .glue_7t       0x000128f8        0x0 /media/sda4/Documents/Visual Studio 2005/483/CMUCam/arm-2006q3/bin/../lib/gcc/arm-none-eabi/4.1.1/../../../../arm-none-eabi/lib/libc.a(fclose.o)
 .glue_7t       0x000128f8        0x0 /media/sda4/Documents/Visual Studio 2005/483/CMUCam/arm-2006q3/bin/../lib/gcc/arm-none-eabi/4.1.1/../../../../arm-none-eabi/lib/libc.a(fflush.o)
 .glue_7t       0x000128f8        0x0 /media/sda4/Documents/Visual Studio 2005/483/CMUCam/arm-2006q3/bin/../lib/gcc/arm-none-eabi/4.1.1/../../../../arm-none-eabi/lib/libc.a(fgetc.o)
 .glue_7t       0x000128f8        0x0 /media/sda4/Documents/Visual Studio 2005/483/CMUCam/arm-2006q3/bin/../lib/gcc/arm-none-eabi/4.1.1/../../../../arm-none-eabi/lib/libc.a(findfp.o)
 .glue_7t       0x000128f8        0x0 /media/sda4/Documents/Visual Studio 2005/483/CMUCam/arm-2006q3/bin/../lib/gcc/arm-none-eabi/4.1.1/../../../../arm-none-eabi/lib/libc.a(fopen.o)
 .glue_7t       0x000128f8        0x0 /media/sda4/Documents/Visual Studio 2005/483/CMUCam/arm-2006q3/bin/../lib/gcc/arm-none-eabi/4.1.1/../../../../arm-none-eabi/lib/libc.a(fprintf.o)
 .glue_7t       0x000128f8        0x0 /media/sda4/Documents/Visual Studio 2005/483/CMUCam/arm-2006q3/bin/../lib/gcc/arm-none-eabi/4.1.1/../../../../arm-none-eabi/lib/libc.a(freer.o)
 .glue_7t       0x000128f8        0x0 /media/sda4/Documents/Visual Studio 2005/483/CMUCam/arm-2006q3/bin/../lib/gcc/arm-none-eabi/4.1.1/../../../../arm-none-eabi/lib/libc.a(fseek.o)
 .glue_7t       0x000128f8        0x0 /media/sda4/Documents/Visual Studio 2005/483/CMUCam/arm-2006q3/bin/../lib/gcc/arm-none-eabi/4.1.1/../../../../arm-none-eabi/lib/libc.a(fstatr.o)
 .glue_7t       0x000128f8        0x0 /media/sda4/Documents/Visual Studio 2005/483/CMUCam/arm-2006q3/bin/../lib/gcc/arm-none-eabi/4.1.1/../../../../arm-none-eabi/lib/libc.a(fwalk.o)
 .glue_7t       0x000128f8        0x0 /media/sda4/Documents/Visual Studio 2005/483/CMUCam/arm-2006q3/bin/../lib/gcc/arm-none-eabi/4.1.1/../../../../arm-none-eabi/lib/libc.a(impure.o)
 .glue_7t       0x000128f8        0x0 /media/sda4/Documents/Visual Studio 2005/483/CMUCam/arm-2006q3/bin/../lib/gcc/arm-none-eabi/4.1.1/../../../../arm-none-eabi/lib/libc.a(lcltime_r.o)
 .glue_7t       0x000128f8        0x0 /media/sda4/Documents/Visual Studio 2005/483/CMUCam/arm-2006q3/bin/../lib/gcc/arm-none-eabi/4.1.1/../../../../arm-none-eabi/lib/libc.a(makebuf.o)
 .glue_7t       0x000128f8        0x0 /media/sda4/Documents/Visual Studio 2005/483/CMUCam/arm-2006q3/bin/../lib/gcc/arm-none-eabi/4.1.1/../../../../arm-none-eabi/lib/libc.a(malloc.o)
 .glue_7t       0x000128f8        0x0 /media/sda4/Documents/Visual Studio 2005/483/CMUCam/arm-2006q3/bin/../lib/gcc/arm-none-eabi/4.1.1/../../../../arm-none-eabi/lib/libc.a(mallocr.o)
 .glue_7t       0x000128f8        0x0 /media/sda4/Documents/Visual Studio 2005/483/CMUCam/arm-2006q3/bin/../lib/gcc/arm-none-eabi/4.1.1/../../../../arm-none-eabi/lib/libc.a(memcmp.o)
 .glue_7t       0x000128f8        0x0 /media/sda4/Documents/Visual Studio 2005/483/CMUCam/arm-2006q3/bin/../lib/gcc/arm-none-eabi/4.1.1/../../../../arm-none-eabi/lib/libc.a(memcpy.o)
 .glue_7t       0x000128f8        0x0 /media/sda4/Documents/Visual Studio 2005/483/CMUCam/arm-2006q3/bin/../lib/gcc/arm-none-eabi/4.1.1/../../../../arm-none-eabi/lib/libc.a(memset.o)
 .glue_7t       0x000128f8        0x0 /media/sda4/Documents/Visual Studio 2005/483/CMUCam/arm-2006q3/bin/../lib/gcc/arm-none-eabi/4.1.1/../../../../arm-none-eabi/lib/libc.a(mktm_r.o)
 .glue_7t       0x000128f8        0x0 /media/sda4/Documents/Visual Studio 2005/483/CMUCam/arm-2006q3/bin/../lib/gcc/arm-none-eabi/4.1.1/../../../../arm-none-eabi/lib/libc.a(mlock.o)
 .glue_7t       0x000128f8        0x0 /media/sda4/Documents/Visual Studio 2005/483/CMUCam/arm-2006q3/bin/../lib/gcc/arm-none-eabi/4.1.1/../../../../arm-none-eabi/lib/libc.a(openr.o)
 .glue_7t       0x000128f8        0x0 /media/sda4/Documents/Visual Studio 2005/483/CMUCam/arm-2006q3/bin/../lib/gcc/arm-none-eabi/4.1.1/../../../../arm-none-eabi/lib/libc.a(perror.o)
 .glue_7t       0x000128f8        0x0 /media/sda4/Documents/Visual Studio 2005/483/CMUCam/arm-2006q3/bin/../lib/gcc/arm-none-eabi/4.1.1/../../../../arm-none-eabi/lib/libc.a(printf.o)
 .glue_7t       0x000128f8        0x0 /media/sda4/Documents/Visual Studio 2005/483/CMUCam/arm-2006q3/bin/../lib/gcc/arm-none-eabi/4.1.1/../../../../arm-none-eabi/lib/libc.a(reent.o)
 .glue_7t       0x000128f8        0x0 /media/sda4/Documents/Visual Studio 2005/483/CMUCam/arm-2006q3/bin/../lib/gcc/arm-none-eabi/4.1.1/../../../../arm-none-eabi/lib/libc.a(refill.o)
 .glue_7t       0x000128f8        0x0 /media/sda4/Documents/Visual Studio 2005/483/CMUCam/arm-2006q3/bin/../lib/gcc/arm-none-eabi/4.1.1/../../../../arm-none-eabi/lib/libc.a(rget.o)
 .glue_7t       0x000128f8        0x0 /media/sda4/Documents/Visual Studio 2005/483/CMUCam/arm-2006q3/bin/../lib/gcc/arm-none-eabi/4.1.1/../../../../arm-none-eabi/lib/libc.a(sbrkr.o)
 .glue_7t       0x000128f8        0x0 /media/sda4/Documents/Visual Studio 2005/483/CMUCam/arm-2006q3/bin/../lib/gcc/arm-none-eabi/4.1.1/../../../../arm-none-eabi/lib/libc.a(scanf.o)
 .glue_7t       0x000128f8        0x0 /media/sda4/Documents/Visual Studio 2005/483/CMUCam/arm-2006q3/bin/../lib/gcc/arm-none-eabi/4.1.1/../../../../arm-none-eabi/lib/libc.a(setbuf.o)
 .glue_7t       0x000128f8        0x0 /media/sda4/Documents/Visual Studio 2005/483/CMUCam/arm-2006q3/bin/../lib/gcc/arm-none-eabi/4.1.1/../../../../arm-none-eabi/lib/libc.a(setjmp.o)
 .glue_7t       0x000128f8        0x0 /media/sda4/Documents/Visual Studio 2005/483/CMUCam/arm-2006q3/bin/../lib/gcc/arm-none-eabi/4.1.1/../../../../arm-none-eabi/lib/libc.a(setvbuf.o)
 .glue_7t       0x000128f8        0x0 /media/sda4/Documents/Visual Studio 2005/483/CMUCam/arm-2006q3/bin/../lib/gcc/arm-none-eabi/4.1.1/../../../../arm-none-eabi/lib/libc.a(snprintf.o)
 .glue_7t       0x000128f8        0x0 /media/sda4/Documents/Visual Studio 2005/483/CMUCam/arm-2006q3/bin/../lib/gcc/arm-none-eabi/4.1.1/../../../../arm-none-eabi/lib/libc.a(stdio.o)
 .glue_7t       0x000128f8        0x0 /media/sda4/Documents/Visual Studio 2005/483/CMUCam/arm-2006q3/bin/../lib/gcc/arm-none-eabi/4.1.1/../../../../arm-none-eabi/lib/libc.a(strdup.o)
 .glue_7t       0x000128f8        0x0 /media/sda4/Documents/Visual Studio 2005/483/CMUCam/arm-2006q3/bin/../lib/gcc/arm-none-eabi/4.1.1/../../../../arm-none-eabi/lib/libc.a(strdup_r.o)
 .glue_7t       0x000128f8        0x0 /media/sda4/Documents/Visual Studio 2005/483/CMUCam/arm-2006q3/bin/../lib/gcc/arm-none-eabi/4.1.1/../../../../arm-none-eabi/lib/libc.a(strerror.o)
 .glue_7t       0x000128f8        0x0 /media/sda4/Documents/Visual Studio 2005/483/CMUCam/arm-2006q3/bin/../lib/gcc/arm-none-eabi/4.1.1/../../../../arm-none-eabi/lib/libc.a(strlen.o)
 .glue_7t       0x000128f8        0x0 /media/sda4/Documents/Visual Studio 2005/483/CMUCam/arm-2006q3/bin/../lib/gcc/arm-none-eabi/4.1.1/../../../../arm-none-eabi/lib/libc.a(strtol.o)
 .glue_7t       0x000128f8        0x0 /media/sda4/Documents/Visual Studio 2005/483/CMUCam/arm-2006q3/bin/../lib/gcc/arm-none-eabi/4.1.1/../../../../arm-none-eabi/lib/libc.a(sysgettod.o)
 .glue_7t       0x000128f8        0x0 /media/sda4/Documents/Visual Studio 2005/483/CMUCam/arm-2006q3/bin/../lib/gcc/arm-none-eabi/4.1.1/../../../../arm-none-eabi/lib/libc.a(tzlock.o)
 .glue_7t       0x000128f8        0x0 /media/sda4/Documents/Visual Studio 2005/483/CMUCam/arm-2006q3/bin/../lib/gcc/arm-none-eabi/4.1.1/../../../../arm-none-eabi/lib/libc.a(tzvars.o)
 .glue_7t       0x000128f8        0x0 /media/sda4/Documents/Visual Studio 2005/483/CMUCam/arm-2006q3/bin/../lib/gcc/arm-none-eabi/4.1.1/../../../../arm-none-eabi/lib/libc.a(u_strerr.o)
 .glue_7t       0x000128f8        0x0 /media/sda4/Documents/Visual Studio 2005/483/CMUCam/arm-2006q3/bin/../lib/gcc/arm-none-eabi/4.1.1/../../../../arm-none-eabi/lib/libc.a(vfprintf.o)
 .glue_7t       0x000128f8        0x0 /media/sda4/Documents/Visual Studio 2005/483/CMUCam/arm-2006q3/bin/../lib/gcc/arm-none-eabi/4.1.1/../../../../arm-none-eabi/lib/libc.a(vfscanf.o)
 .glue_7t       0x000128f8        0x0 /media/sda4/Documents/Visual Studio 2005/483/CMUCam/arm-2006q3/bin/../lib/gcc/arm-none-eabi/4.1.1/../../../../arm-none-eabi/lib/libc.a(wcrtomb.o)
 .glue_7t       0x000128f8        0x0 /media/sda4/Documents/Visual Studio 2005/483/CMUCam/arm-2006q3/bin/../lib/gcc/arm-none-eabi/4.1.1/../../../../arm-none-eabi/lib/libc.a(wcsrtombs.o)
 .glue_7t       0x000128f8        0x0 /media/sda4/Documents/Visual Studio 2005/483/CMUCam/arm-2006q3/bin/../lib/gcc/arm-none-eabi/4.1.1/../../../../arm-none-eabi/lib/libc.a(wctomb_r.o)
 .glue_7t       0x000128f8        0x0 /media/sda4/Documents/Visual Studio 2005/483/CMUCam/arm-2006q3/bin/../lib/gcc/arm-none-eabi/4.1.1/../../../../arm-none-eabi/lib/libc.a(writer.o)
 .glue_7t       0x000128f8        0x0 /media/sda4/Documents/Visual Studio 2005/483/CMUCam/arm-2006q3/bin/../lib/gcc/arm-none-eabi/4.1.1/../../../../arm-none-eabi/lib/libc.a(wsetup.o)
 .glue_7t       0x000128f8        0x0 /media/sda4/Documents/Visual Studio 2005/483/CMUCam/arm-2006q3/bin/../lib/gcc/arm-none-eabi/4.1.1/../../../../arm-none-eabi/lib/libc.a(__call_atexit.o)
 .glue_7t       0x000128f8        0x0 /media/sda4/Documents/Visual Studio 2005/483/CMUCam/arm-2006q3/bin/../lib/gcc/arm-none-eabi/4.1.1/../../../../arm-none-eabi/lib/libc.a(closer.o)
 .glue_7t       0x000128f8        0x0 /media/sda4/Documents/Visual Studio 2005/483/CMUCam/arm-2006q3/bin/../lib/gcc/arm-none-eabi/4.1.1/../../../../arm-none-eabi/lib/libc.a(dtoa.o)
 .glue_7t       0x000128f8        0x0 /media/sda4/Documents/Visual Studio 2005/483/CMUCam/arm-2006q3/bin/../lib/gcc/arm-none-eabi/4.1.1/../../../../arm-none-eabi/lib/libc.a(flags.o)
 .glue_7t       0x000128f8        0x0 /media/sda4/Documents/Visual Studio 2005/483/CMUCam/arm-2006q3/bin/../lib/gcc/arm-none-eabi/4.1.1/../../../../arm-none-eabi/lib/libc.a(fputc.o)
 .glue_7t       0x000128f8        0x0 /media/sda4/Documents/Visual Studio 2005/483/CMUCam/arm-2006q3/bin/../lib/gcc/arm-none-eabi/4.1.1/../../../../arm-none-eabi/lib/libc.a(fputs.o)
 .glue_7t       0x000128f8        0x0 /media/sda4/Documents/Visual Studio 2005/483/CMUCam/arm-2006q3/bin/../lib/gcc/arm-none-eabi/4.1.1/../../../../arm-none-eabi/lib/libc.a(fread.o)
 .glue_7t       0x000128f8        0x0 /media/sda4/Documents/Visual Studio 2005/483/CMUCam/arm-2006q3/bin/../lib/gcc/arm-none-eabi/4.1.1/../../../../arm-none-eabi/lib/libc.a(fvwrite.o)
 .glue_7t       0x000128f8        0x0 /media/sda4/Documents/Visual Studio 2005/483/CMUCam/arm-2006q3/bin/../lib/gcc/arm-none-eabi/4.1.1/../../../../arm-none-eabi/lib/libc.a(gettzinfo.o)
 .glue_7t       0x000128f8        0x0 /media/sda4/Documents/Visual Studio 2005/483/CMUCam/arm-2006q3/bin/../lib/gcc/arm-none-eabi/4.1.1/../../../../arm-none-eabi/lib/libc.a(iswspace.o)
 .glue_7t       0x000128f8        0x0 /media/sda4/Documents/Visual Studio 2005/483/CMUCam/arm-2006q3/bin/../lib/gcc/arm-none-eabi/4.1.1/../../../../arm-none-eabi/lib/libc.a(locale.o)
 .glue_7t       0x000128f8        0x0 /media/sda4/Documents/Visual Studio 2005/483/CMUCam/arm-2006q3/bin/../lib/gcc/arm-none-eabi/4.1.1/../../../../arm-none-eabi/lib/libc.a(lseekr.o)
 .glue_7t       0x000128f8        0x0 /media/sda4/Documents/Visual Studio 2005/483/CMUCam/arm-2006q3/bin/../lib/gcc/arm-none-eabi/4.1.1/../../../../arm-none-eabi/lib/libc.a(mbrtowc.o)
 .glue_7t       0x000128f8        0x0 /media/sda4/Documents/Visual Studio 2005/483/CMUCam/arm-2006q3/bin/../lib/gcc/arm-none-eabi/4.1.1/../../../../arm-none-eabi/lib/libc.a(mbtowc_r.o)
 .glue_7t       0x000128f8        0x0 /media/sda4/Documents/Visual Studio 2005/483/CMUCam/arm-2006q3/bin/../lib/gcc/arm-none-eabi/4.1.1/../../../../arm-none-eabi/lib/libc.a(memchr.o)
 .glue_7t       0x000128f8        0x0 /media/sda4/Documents/Visual Studio 2005/483/CMUCam/arm-2006q3/bin/../lib/gcc/arm-none-eabi/4.1.1/../../../../arm-none-eabi/lib/libc.a(memmove.o)
 .glue_7t       0x000128f8        0x0 /media/sda4/Documents/Visual Studio 2005/483/CMUCam/arm-2006q3/bin/../lib/gcc/arm-none-eabi/4.1.1/../../../../arm-none-eabi/lib/libc.a(mprec.o)
 .glue_7t       0x000128f8        0x0 /media/sda4/Documents/Visual Studio 2005/483/CMUCam/arm-2006q3/bin/../lib/gcc/arm-none-eabi/4.1.1/../../../../arm-none-eabi/lib/libc.a(readr.o)
 .glue_7t       0x000128f8        0x0 /media/sda4/Documents/Visual Studio 2005/483/CMUCam/arm-2006q3/bin/../lib/gcc/arm-none-eabi/4.1.1/../../../../arm-none-eabi/lib/libc.a(reallocr.o)
 .glue_7t       0x000128f8        0x0 /media/sda4/Documents/Visual Studio 2005/483/CMUCam/arm-2006q3/bin/../lib/gcc/arm-none-eabi/4.1.1/../../../../arm-none-eabi/lib/libc.a(s_isinfd.o)
 .glue_7t       0x000128f8        0x0 /media/sda4/Documents/Visual Studio 2005/483/CMUCam/arm-2006q3/bin/../lib/gcc/arm-none-eabi/4.1.1/../../../../arm-none-eabi/lib/libc.a(s_isnand.o)
 .glue_7t       0x000128f8        0x0 /media/sda4/Documents/Visual Studio 2005/483/CMUCam/arm-2006q3/bin/../lib/gcc/arm-none-eabi/4.1.1/../../../../arm-none-eabi/lib/libc.a(sccl.o)
 .glue_7t       0x000128f8        0x0 /media/sda4/Documents/Visual Studio 2005/483/CMUCam/arm-2006q3/bin/../lib/gcc/arm-none-eabi/4.1.1/../../../../arm-none-eabi/lib/libc.a(sf_nan.o)
 .glue_7t       0x000128f8        0x0 /media/sda4/Documents/Visual Studio 2005/483/CMUCam/arm-2006q3/bin/../lib/gcc/arm-none-eabi/4.1.1/../../../../arm-none-eabi/lib/libc.a(sprintf.o)
 .glue_7t       0x000128f8        0x0 /media/sda4/Documents/Visual Studio 2005/483/CMUCam/arm-2006q3/bin/../lib/gcc/arm-none-eabi/4.1.1/../../../../arm-none-eabi/lib/libc.a(strcmp.o)
 .glue_7t       0x000128f8        0x0 /media/sda4/Documents/Visual Studio 2005/483/CMUCam/arm-2006q3/bin/../lib/gcc/arm-none-eabi/4.1.1/../../../../arm-none-eabi/lib/libc.a(strtod.o)
 .glue_7t       0x000128f8        0x0 /media/sda4/Documents/Visual Studio 2005/483/CMUCam/arm-2006q3/bin/../lib/gcc/arm-none-eabi/4.1.1/../../../../arm-none-eabi/lib/libc.a(strtoll_r.o)
 .glue_7t       0x000128f8        0x0 /media/sda4/Documents/Visual Studio 2005/483/CMUCam/arm-2006q3/bin/../lib/gcc/arm-none-eabi/4.1.1/../../../../arm-none-eabi/lib/libc.a(strtoul.o)
 .glue_7t       0x000128f8        0x0 /media/sda4/Documents/Visual Studio 2005/483/CMUCam/arm-2006q3/bin/../lib/gcc/arm-none-eabi/4.1.1/../../../../arm-none-eabi/lib/libc.a(strtoull_r.o)
 .glue_7t       0x000128f8        0x0 /media/sda4/Documents/Visual Studio 2005/483/CMUCam/arm-2006q3/bin/../lib/gcc/arm-none-eabi/4.1.1/../../../../arm-none-eabi/lib/libc.a(ungetc.o)
 .glue_7t       0x000128f8        0x0 /media/sda4/Documents/Visual Studio 2005/483/CMUCam/arm-2006q3/bin/../lib/gcc/arm-none-eabi/4.1.1/../../../../arm-none-eabi/lib/libc.a(wbuf.o)
 .glue_7t       0x000128f8        0x0 /media/sda4/Documents/Visual Studio 2005/483/CMUCam/arm-2006q3/bin/../lib/gcc/arm-none-eabi/4.1.1/../../../../arm-none-eabi/lib/libc.a(s_nan.o)
 .glue_7t       0x000128f8        0x0 /media/sda4/Documents/Visual Studio 2005/483/CMUCam/arm-2006q3/bin/../lib/gcc/arm-none-eabi/4.1.1/libgcc.a(_addsubdf3.o)
 .glue_7t       0x000128f8        0x0 /media/sda4/Documents/Visual Studio 2005/483/CMUCam/arm-2006q3/bin/../lib/gcc/arm-none-eabi/4.1.1/libgcc.a(_muldivdf3.o)
 .glue_7t       0x000128f8        0x0 /media/sda4/Documents/Visual Studio 2005/483/CMUCam/arm-2006q3/bin/../lib/gcc/arm-none-eabi/4.1.1/libgcc.a(_cmpdf2.o)
 .glue_7t       0x000128f8        0x0 /media/sda4/Documents/Visual Studio 2005/483/CMUCam/arm-2006q3/bin/../lib/gcc/arm-none-eabi/4.1.1/libgcc.a(_fixdfsi.o)
 .glue_7t       0x000128f8        0x0 /media/sda4/Documents/Visual Studio 2005/483/CMUCam/arm-2006q3/bin/../lib/gcc/arm-none-eabi/4.1.1/libgcc.a(_truncdfsf2.o)
 .glue_7t       0x000128f8        0x0 /media/sda4/Documents/Visual Studio 2005/483/CMUCam/arm-2006q3/bin/../lib/gcc/arm-none-eabi/4.1.1/libgcc.a(_aeabi_uldivmod.o)
 .glue_7t       0x000128f8        0x0 /media/sda4/Documents/Visual Studio 2005/483/CMUCam/arm-2006q3/bin/../lib/gcc/arm-none-eabi/4.1.1/libgcc.a(bpabi.o)
 .glue_7t       0x000128f8        0x0 /media/sda4/Documents/Visual Studio 2005/483/CMUCam/arm-2006q3/bin/../lib/gcc/arm-none-eabi/4.1.1/libgcc.a(_divdi3.o)
 .glue_7t       0x000128f8        0x0 /media/sda4/Documents/Visual Studio 2005/483/CMUCam/arm-2006q3/bin/../lib/gcc/arm-none-eabi/4.1.1/libgcc.a(_udivdi3.o)
 .glue_7t       0x000128f8        0x0 /media/sda4/Documents/Visual Studio 2005/483/CMUCam/arm-2006q3/bin/../lib/gcc/arm-none-eabi/4.1.1/libgcc.a(unwind-arm.o)
 .glue_7t       0x000128f8        0x0 /media/sda4/Documents/Visual Studio 2005/483/CMUCam/arm-2006q3/bin/../lib/gcc/arm-none-eabi/4.1.1/libgcc.a(libunwind.o)
 .glue_7t       0x000128f8        0x0 /media/sda4/Documents/Visual Studio 2005/483/CMUCam/arm-2006q3/bin/../lib/gcc/arm-none-eabi/4.1.1/libgcc.a(pr-support.o)
 .glue_7t       0x000128f8        0x0 /media/sda4/Documents/Visual Studio 2005/483/CMUCam/arm-2006q3/bin/../lib/gcc/arm-none-eabi/4.1.1/libgcc.a(_clz.o)
 *(.gcc_except_table)
 *(.gnu.linkonce.r.*)
 *(.rodata)
 .rodata        0x000128f8      0x101 /media/sda4/Documents/Visual Studio 2005/483/CMUCam/arm-2006q3/bin/../lib/gcc/arm-none-eabi/4.1.1/../../../../arm-none-eabi/lib/libc.a(ctype_.o)
                0x000128f8                _ctype_
 *fill*         0x000129f9        0x3 00
 .rodata        0x000129fc        0x4 /media/sda4/Documents/Visual Studio 2005/483/CMUCam/arm-2006q3/bin/../lib/gcc/arm-none-eabi/4.1.1/../../../../arm-none-eabi/lib/libc.a(impure.o)
                0x000129fc                _global_impure_ptr
 .rodata        0x00012a00       0x68 /media/sda4/Documents/Visual Studio 2005/483/CMUCam/arm-2006q3/bin/../lib/gcc/arm-none-eabi/4.1.1/../../../../arm-none-eabi/lib/libc.a(mktm_r.o)
 .rodata        0x00012a68       0x20 /media/sda4/Documents/Visual Studio 2005/483/CMUCam/arm-2006q3/bin/../lib/gcc/arm-none-eabi/4.1.1/../../../../arm-none-eabi/lib/libc.a(vfprintf.o)
 .rodata        0x00012a88       0x22 /media/sda4/Documents/Visual Studio 2005/483/CMUCam/arm-2006q3/bin/../lib/gcc/arm-none-eabi/4.1.1/../../../../arm-none-eabi/lib/libc.a(vfscanf.o)
 *fill*         0x00012aaa        0x2 00
 .rodata        0x00012aac       0x34 /media/sda4/Documents/Visual Studio 2005/483/CMUCam/arm-2006q3/bin/../lib/gcc/arm-none-eabi/4.1.1/../../../../arm-none-eabi/lib/libc.a(locale.o)
 .rodata        0x00012ae0      0x128 /media/sda4/Documents/Visual Studio 2005/483/CMUCam/arm-2006q3/bin/../lib/gcc/arm-none-eabi/4.1.1/../../../../arm-none-eabi/lib/libc.a(mprec.o)
                0x00012bd0                __mprec_tinytens
                0x00012ae0                __mprec_tens
                0x00012ba8                __mprec_bigtens
 .rodata        0x00012c08      0x100 /media/sda4/Documents/Visual Studio 2005/483/CMUCam/arm-2006q3/bin/../lib/gcc/arm-none-eabi/4.1.1/libgcc.a(_clz.o)
                0x00012c08                __clz_tab
 *(.rodata*)
 .rodata.str1.4
                0x00012d08      0x295 lpc2106-cmucam3_buildfiles/main.o
                                0x29c (size before relaxing)
 *fill*         0x00012f9d        0x3 00
 .rodata.str1.4
                0x00012fa0       0x2b ../../hal/lpc2106-cmucam3/libhal-lpc2106-cmucam3.a(interrupt.o)
                                 0x2c (size before relaxing)
 *fill*         0x00012fcb        0x1 00
 .rodata.str1.4
                0x00012fcc        0xb ../../hal/lpc2106-cmucam3/libhal-lpc2106-cmucam3.a(serial.o)
                                 0x10 (size before relaxing)
 *fill*         0x00012fd7        0x1 00
 .rodata._cc3_servo_map
                0x00012fd8       0x10 ../../hal/lpc2106-cmucam3/libhal-lpc2106-cmucam3.a(servo.o)
                0x00012fd8                _cc3_servo_map
 .rodata.table.2226
                0x00012fe8       0x20 ../../hal/lpc2106-cmucam3/libhal-lpc2106-cmucam3.a(rdcf2.o)
 .rodata.cmdReset
                0x00013008        0x6 ../../hal/lpc2106-cmucam3/libhal-lpc2106-cmucam3.a(mmc_hardware.o)
 .rodata.cmdInitCard
                0x0001300e        0x6 ../../hal/lpc2106-cmucam3/libhal-lpc2106-cmucam3.a(mmc_hardware.o)
 .rodata.cmdSetBlock
                0x00013014        0x6 ../../hal/lpc2106-cmucam3/libhal-lpc2106-cmucam3.a(mmc_hardware.o)
 *fill*         0x0001301a        0x2 00
 .rodata._cc3_mmc_driver
                0x0001301c       0x2c ../../hal/lpc2106-cmucam3/libhal-lpc2106-cmucam3.a(mmc_driver.o)
                0x0001301c                _cc3_mmc_driver
 .rodata._cc3_uart_driver
                0x00013048       0x2c ../../hal/lpc2106-cmucam3/libhal-lpc2106-cmucam3.a(uart_driver.o)
                0x00013048                _cc3_uart_driver
 .rodata.str1.4
                0x00013074        0x2 /media/sda4/Documents/Visual Studio 2005/483/CMUCam/arm-2006q3/bin/../lib/gcc/arm-none-eabi/4.1.1/../../../../arm-none-eabi/lib/libc.a(impure.o)
                                  0x4 (size before relaxing)
 *fill*         0x00013076        0x2 00
 .rodata.str1.4
                0x00013078        0x3 /media/sda4/Documents/Visual Studio 2005/483/CMUCam/arm-2006q3/bin/../lib/gcc/arm-none-eabi/4.1.1/../../../../arm-none-eabi/lib/libc.a(perror.o)
                                  0x4 (size before relaxing)
 *fill*         0x0001307b        0x1 00
 .rodata.str1.4
                0x0001307c      0x7a2 /media/sda4/Documents/Visual Studio 2005/483/CMUCam/arm-2006q3/bin/../lib/gcc/arm-none-eabi/4.1.1/../../../../arm-none-eabi/lib/libc.a(strerror.o)
                                0x7a8 (size before relaxing)
 *fill*         0x0001381e        0x2 00
 .rodata.str1.4
                0x00013820       0x63 /media/sda4/Documents/Visual Studio 2005/483/CMUCam/arm-2006q3/bin/../lib/gcc/arm-none-eabi/4.1.1/../../../../arm-none-eabi/lib/libc.a(vfprintf.o)
                                 0x64 (size before relaxing)
 *fill*         0x00013883        0x1 00
 .rodata.str1.4
                0x00013884        0x5 /media/sda4/Documents/Visual Studio 2005/483/CMUCam/arm-2006q3/bin/../lib/gcc/arm-none-eabi/4.1.1/../../../../arm-none-eabi/lib/libc.a(vfscanf.o)
                                  0x8 (size before relaxing)
 *fill*         0x00013889        0x3 00
 .rodata.str1.4
                0x0001388c       0x1e /media/sda4/Documents/Visual Studio 2005/483/CMUCam/arm-2006q3/bin/../lib/gcc/arm-none-eabi/4.1.1/../../../../arm-none-eabi/lib/libc.a(wctomb_r.o)
                                 0x20 (size before relaxing)
 *fill*         0x000138aa        0x2 00
 .rodata.str1.4
                0x000138ac       0x10 /media/sda4/Documents/Visual Studio 2005/483/CMUCam/arm-2006q3/bin/../lib/gcc/arm-none-eabi/4.1.1/../../../../arm-none-eabi/lib/libc.a(dtoa.o)
                                 0x14 (size before relaxing)
 .rodata.str1.4
                0x000138bc        0xc /media/sda4/Documents/Visual Studio 2005/483/CMUCam/arm-2006q3/bin/../lib/gcc/arm-none-eabi/4.1.1/../../../../arm-none-eabi/lib/libc.a(locale.o)
                                 0x18 (size before relaxing)
 .rodata.str1.4
                0x00000000        0x4 /media/sda4/Documents/Visual Studio 2005/483/CMUCam/arm-2006q3/bin/../lib/gcc/arm-none-eabi/4.1.1/../../../../arm-none-eabi/lib/libc.a(mbrtowc.o)
                0x00000004                _etext = .
                0x00000004                PROVIDE (etext, .)

.stack          0x40000000     0x2400
                0x40002400                . = (. + STACK_SIZE)
 *fill*         0x40000000     0x2400 00
                0x40002400                _stack = .

.data           0x40002400      0x87c load address 0x000138c8
                0x40002400                _data = .
 *(.data)
 .data          0x40002400        0x4 /media/sda4/Documents/Visual Studio 2005/483/CMUCam/arm-2006q3/bin/../lib/gcc/arm-none-eabi/4.1.1/../../../../arm-none-eabi/lib/libc.a(ctype_.o)
                0x40002400                __ctype_ptr
 *fill*         0x40002404        0x4 00
 .data          0x40002408      0x408 /media/sda4/Documents/Visual Studio 2005/483/CMUCam/arm-2006q3/bin/../lib/gcc/arm-none-eabi/4.1.1/../../../../arm-none-eabi/lib/libc.a(impure.o)
                0x40002408                _impure_ptr
 .data          0x40002810      0x410 /media/sda4/Documents/Visual Studio 2005/483/CMUCam/arm-2006q3/bin/../lib/gcc/arm-none-eabi/4.1.1/../../../../arm-none-eabi/lib/libc.a(mallocr.o)
                0x40002c1c                __malloc_sbrk_base
                0x40002810                __malloc_av_
                0x40002c18                __malloc_trim_threshold
 .data          0x40002c20       0x40 /media/sda4/Documents/Visual Studio 2005/483/CMUCam/arm-2006q3/bin/../lib/gcc/arm-none-eabi/4.1.1/../../../../arm-none-eabi/lib/libc.a(gettzinfo.o)
 .data          0x40002c60       0x10 /media/sda4/Documents/Visual Studio 2005/483/CMUCam/arm-2006q3/bin/../lib/gcc/arm-none-eabi/4.1.1/../../../../arm-none-eabi/lib/libc.a(locale.o)
                0x40002c60                __mb_cur_max
                0x40002c64                __lc_ctype
 *(.data.*)
 .data.servo_val
                0x40002c70        0x4 ../../hal/lpc2106-cmucam3/libhal-lpc2106-cmucam3.a(servo.o)
 .data.device_driver_table