Archive member included because of file (symbol)

../../lib/cc3-ilp/libcc3-ilp_lpc2106-cmucam3.a(cc3_ilp.o)
                              lpc2106-cmucam3_buildfiles/main.o (cc3_get_pixel)
../../hal/lpc2106-cmucam3/libhal-lpc2106-cmucam3.a(interrupt.o)
                              (--whole-archive)
../../hal/lpc2106-cmucam3/libhal-lpc2106-cmucam3.a(cc3.o)
                              (--whole-archive)
../../hal/lpc2106-cmucam3/libhal-lpc2106-cmucam3.a(cc3_hal.o)
                              (--whole-archive)
../../hal/lpc2106-cmucam3/libhal-lpc2106-cmucam3.a(syscalls.o)
                              (--whole-archive)
../../hal/lpc2106-cmucam3/libhal-lpc2106-cmucam3.a(serial.o)
                              (--whole-archive)
../../hal/lpc2106-cmucam3/libhal-lpc2106-cmucam3.a(servo.o)
                              (--whole-archive)
../../hal/lpc2106-cmucam3/libhal-lpc2106-cmucam3.a(rdcf2.o)
                              (--whole-archive)
../../hal/lpc2106-cmucam3/libhal-lpc2106-cmucam3.a(mmc_hardware.o)
                              (--whole-archive)
../../hal/lpc2106-cmucam3/libhal-lpc2106-cmucam3.a(mmc_driver.o)
                              (--whole-archive)
../../hal/lpc2106-cmucam3/libhal-lpc2106-cmucam3.a(gpio.o)
                              (--whole-archive)
../../hal/lpc2106-cmucam3/libhal-lpc2106-cmucam3.a(devices.o)
                              (--whole-archive)
../../hal/lpc2106-cmucam3/libhal-lpc2106-cmucam3.a(uart_driver.o)
                              (--whole-archive)
../../hal/lpc2106-cmucam3/libhal-lpc2106-cmucam3.a(startup.o)
                              (--whole-archive)
/media/sda4/Documents/Visual Studio 2005/483/CMUCam/arm-2006q3/bin/../lib/gcc/arm-none-eabi/4.1.1/libgcc.a(_udivsi3.o)
                              ../../hal/lpc2106-cmucam3/libhal-lpc2106-cmucam3.a(serial.o) (__aeabi_uidiv)
/media/sda4/Documents/Visual Studio 2005/483/CMUCam/arm-2006q3/bin/../lib/gcc/arm-none-eabi/4.1.1/libgcc.a(_divsi3.o)
                              ../../hal/lpc2106-cmucam3/libhal-lpc2106-cmucam3.a(cc3.o) (__aeabi_idiv)
/media/sda4/Documents/Visual Studio 2005/483/CMUCam/arm-2006q3/bin/../lib/gcc/arm-none-eabi/4.1.1/libgcc.a(_dvmd_tls.o)
                              /media/sda4/Documents/Visual Studio 2005/483/CMUCam/arm-2006q3/bin/../lib/gcc/arm-none-eabi/4.1.1/libgcc.a(_udivsi3.o) (__div0)
/media/sda4/Documents/Visual Studio 2005/483/CMUCam/arm-2006q3/bin/../lib/gcc/arm-none-eabi/4.1.1/../../../../arm-none-eabi/lib/libc.a(calloc.o)
                              ../../hal/lpc2106-cmucam3/libhal-lpc2106-cmucam3.a(mmc_hardware.o) (calloc)
/media/sda4/Documents/Visual Studio 2005/483/CMUCam/arm-2006q3/bin/../lib/gcc/arm-none-eabi/4.1.1/../../../../arm-none-eabi/lib/libc.a(callocr.o)
                              /media/sda4/Documents/Visual Studio 2005/483/CMUCam/arm-2006q3/bin/../lib/gcc/arm-none-eabi/4.1.1/../../../../arm-none-eabi/lib/libc.a(calloc.o) (_calloc_r)
/media/sda4/Documents/Visual Studio 2005/483/CMUCam/arm-2006q3/bin/../lib/gcc/arm-none-eabi/4.1.1/../../../../arm-none-eabi/lib/libc.a(ctype_.o)
                              ../../hal/lpc2106-cmucam3/libhal-lpc2106-cmucam3.a(syscalls.o) (__ctype_ptr)
/media/sda4/Documents/Visual Studio 2005/483/CMUCam/arm-2006q3/bin/../lib/gcc/arm-none-eabi/4.1.1/../../../../arm-none-eabi/lib/libc.a(exit.o)
                              ../../hal/lpc2106-cmucam3/libhal-lpc2106-cmucam3.a(interrupt.o) (exit)
/media/sda4/Documents/Visual Studio 2005/483/CMUCam/arm-2006q3/bin/../lib/gcc/arm-none-eabi/4.1.1/../../../../arm-none-eabi/lib/libc.a(fclose.o)
                              lpc2106-cmucam3_buildfiles/main.o (fclose)
/media/sda4/Documents/Visual Studio 2005/483/CMUCam/arm-2006q3/bin/../lib/gcc/arm-none-eabi/4.1.1/../../../../arm-none-eabi/lib/libc.a(fflush.o)
                              /media/sda4/Documents/Visual Studio 2005/483/CMUCam/arm-2006q3/bin/../lib/gcc/arm-none-eabi/4.1.1/../../../../arm-none-eabi/lib/libc.a(fclose.o) (fflush)
/media/sda4/Documents/Visual Studio 2005/483/CMUCam/arm-2006q3/bin/../lib/gcc/arm-none-eabi/4.1.1/../../../../arm-none-eabi/lib/libc.a(fgetc.o)
                              lpc2106-cmucam3_buildfiles/main.o (fgetc)
/media/sda4/Documents/Visual Studio 2005/483/CMUCam/arm-2006q3/bin/../lib/gcc/arm-none-eabi/4.1.1/../../../../arm-none-eabi/lib/libc.a(findfp.o)
                              /media/sda4/Documents/Visual Studio 2005/483/CMUCam/arm-2006q3/bin/../lib/gcc/arm-none-eabi/4.1.1/../../../../arm-none-eabi/lib/libc.a(fclose.o) (__sfp_lock_acquire)
/media/sda4/Documents/Visual Studio 2005/483/CMUCam/arm-2006q3/bin/../lib/gcc/arm-none-eabi/4.1.1/../../../../arm-none-eabi/lib/libc.a(fiprintf.o)
                              lpc2106-cmucam3_buildfiles/main.o (fiprintf)
/media/sda4/Documents/Visual Studio 2005/483/CMUCam/arm-2006q3/bin/../lib/gcc/arm-none-eabi/4.1.1/../../../../arm-none-eabi/lib/libc.a(fopen.o)
                              lpc2106-cmucam3_buildfiles/main.o (fopen)
[...]
Memory Configuration

Name             Origin             Length             Attributes
ROM              0x00000000         0x0001e000         xr
RAM              0x40000000         0x00010000         rw
*default*        0x00000000         0xffffffff

Linker script and memory map

LOAD /media/sda4/Documents/Visual Studio 2005/483/CMUCam/arm-2006q3/bin/../lib/gcc/arm-none-eabi/4.1.1/crti.o
LOAD /media/sda4/Documents/Visual Studio 2005/483/CMUCam/arm-2006q3/bin/../lib/gcc/arm-none-eabi/4.1.1/crtbegin.o
LOAD lpc2106-cmucam3_buildfiles/main.o
LOAD ../../lib/cc3-ilp/libcc3-ilp_lpc2106-cmucam3.a
LOAD ../../hal/lpc2106-cmucam3/libhal-lpc2106-cmucam3.a
LOAD /media/sda4/Documents/Visual Studio 2005/483/CMUCam/arm-2006q3/bin/../lib/gcc/arm-none-eabi/4.1.1/../../../../arm-none-eabi/lib/libm.a
START GROUP
LOAD /media/sda4/Documents/Visual Studio 2005/483/CMUCam/arm-2006q3/bin/../lib/gcc/arm-none-eabi/4.1.1/libgcc.a
LOAD /media/sda4/Documents/Visual Studio 2005/483/CMUCam/arm-2006q3/bin/../lib/gcc/arm-none-eabi/4.1.1/../../../../arm-none-eabi/lib/libc.a
END GROUP
                0x00002400                STACK_SIZE = 0x2400

.text           0x00000000     0xe4fc
 *(.boot)
 .boot          0x00000000      0x140 ../../hal/lpc2106-cmucam3/libhal-lpc2106-cmucam3.a(startup.o)
                0x00000000                _boot
                0x0000006c                _mainCRTStartup
                0x0000006c                _start
                0x0000006c                start
 *(.text .text.* .gnu.linkonce.t.*)
 .text          0x00000140       0xa4 /media/sda4/Documents/Visual Studio 2005/483/CMUCam/arm-2006q3/bin/../lib/gcc/arm-none-eabi/4.1.1/crtbegin.o
 .text.main     0x000001e4      0x5a8 lpc2106-cmucam3_buildfiles/main.o
                0x000001e4                main
 .text.cc3_get_pixel
                0x0000078c       0x88 ../../lib/cc3-ilp/libcc3-ilp_lpc2106-cmucam3.a(cc3_ilp.o)
                0x0000078c                cc3_get_pixel
 .text.disable_ext_interrupt
                0x00000814       0x2c ../../hal/lpc2106-cmucam3/libhal-lpc2106-cmucam3.a(interrupt.o)
                0x00000814                disable_ext_interrupt
 .text.enable_ext_interrupt
                0x00000840       0x20 ../../hal/lpc2106-cmucam3/libhal-lpc2106-cmucam3.a(interrupt.o)
                0x00000840                enable_ext_interrupt
 .text.enable_button_interrupt
                0x00000860       0x28 ../../hal/lpc2106-cmucam3/libhal-lpc2106-cmucam3.a(interrupt.o)
                0x00000860                enable_button_interrupt
 .text.disable_button_interrupt
                0x00000888       0x30 ../../hal/lpc2106-cmucam3/libhal-lpc2106-cmucam3.a(interrupt.o)
                0x00000888                disable_button_interrupt
 .text.panic_blink
                0x000008b8       0x70 ../../hal/lpc2106-cmucam3/libhal-lpc2106-cmucam3.a(interrupt.o)
 .text.data_abort
                0x00000928       0x2c ../../hal/lpc2106-cmucam3/libhal-lpc2106-cmucam3.a(interrupt.o)
                0x00000928                data_abort
 .text.prefetch_abort
                0x00000954       0x2c ../../hal/lpc2106-cmucam3/libhal-lpc2106-cmucam3.a(interrupt.o)
                0x00000954                prefetch_abort
 .text.undefined
                0x00000980        0x8 ../../hal/lpc2106-cmucam3/libhal-lpc2106-cmucam3.a(interrupt.o)
                0x00000980                undefined
 .text.swi      0x00000988       0x1c ../../hal/lpc2106-cmucam3/libhal-lpc2106-cmucam3.a(interrupt.o)
                0x00000988                swi
 .text.interrupt
                0x000009a4       0x94 ../../hal/lpc2106-cmucam3/libhal-lpc2106-cmucam3.a(interrupt.o)
                0x000009a4                interrupt
 .text.cc3_pixbuf_rewind
                0x00000a38       0x84 ../../hal/lpc2106-cmucam3/libhal-lpc2106-cmucam3.a(cc3.o)
                0x00000a38                cc3_pixbuf_rewind
 .text.cc3_led_set_state
                0x00000abc       0x90 ../../hal/lpc2106-cmucam3/libhal-lpc2106-cmucam3.a(cc3.o)
                0x00000abc                cc3_led_set_state
 .text.cc3_timer_get_current_ms
                0x00000b4c       0x10 ../../hal/lpc2106-cmucam3/libhal-lpc2106-cmucam3.a(cc3.o)
                0x00000b4c                cc3_timer_get_current_ms
 .text.cc3_timer_wait_ms
                0x00000b5c       0x24 ../../hal/lpc2106-cmucam3/libhal-lpc2106-cmucam3.a(cc3.o)
                0x00000b5c                cc3_timer_wait_ms
 .text.cc3_pixbuf_frame_set_coi
                0x00000b80       0x34 ../../hal/lpc2106-cmucam3/libhal-lpc2106-cmucam3.a(cc3.o)
                0x00000b80                cc3_pixbuf_frame_set_coi
 .text._cc3_update_frame_bounds
                0x00000bb4       0x40 ../../hal/lpc2106-cmucam3/libhal-lpc2106-cmucam3.a(cc3.o)
 .text.cc3_pixbuf_frame_reset
                0x00000bf4       0x50 ../../hal/lpc2106-cmucam3/libhal-lpc2106-cmucam3.a(cc3.o)
                0x00000bf4                cc3_pixbuf_frame_reset
 .text.cc3_button_get_state
                0x00000c44       0x34 ../../hal/lpc2106-cmucam3/libhal-lpc2106-cmucam3.a(cc3.o)
                0x00000c44                cc3_button_get_state
 .text._cc3_set_cam_ddr
                0x00000c78       0x2c ../../hal/lpc2106-cmucam3/libhal-lpc2106-cmucam3.a(cc3.o)
 .text._cc3_set_cam_ddr_sccb_write
                0x00000ca4       0x2c ../../hal/lpc2106-cmucam3/libhal-lpc2106-cmucam3.a(cc3.o)
 .text._cc3_set_cam_ddr_sccb_idle
                0x00000cd0       0x30 ../../hal/lpc2106-cmucam3/libhal-lpc2106-cmucam3.a(cc3.o)
 .text.cc3_camera_set_raw_register
                0x00000d00      0x164 ../../hal/lpc2106-cmucam3/libhal-lpc2106-cmucam3.a(cc3.o)
                0x00000d00                cc3_camera_set_raw_register
 .text._cc3_set_register_state
                0x00000e64      0x178 ../../hal/lpc2106-cmucam3/libhal-lpc2106-cmucam3.a(cc3.o)
 .text.cc3_camera_set_auto_white_balance
                0x00000fdc       0x10 ../../hal/lpc2106-cmucam3/libhal-lpc2106-cmucam3.a(cc3.o)
                0x00000fdc                cc3_camera_set_auto_white_balance
 .text.cc3_camera_set_auto_exposure
                0x00000fec       0x10 ../../hal/lpc2106-cmucam3/libhal-lpc2106-cmucam3.a(cc3.o)
                0x00000fec                cc3_camera_set_auto_exposure
 .text.cc3_camera_set_colorspace
                0x00000ffc       0x10 ../../hal/lpc2106-cmucam3/libhal-lpc2106-cmucam3.a(cc3.o)
                0x00000ffc                cc3_camera_set_colorspace
 .text.cc3_camera_set_resolution
                0x0000100c       0x10 ../../hal/lpc2106-cmucam3/libhal-lpc2106-cmucam3.a(cc3.o)
                0x0000100c                cc3_camera_set_resolution
 .text.cc3_camera_init
                0x0000101c       0x94 ../../hal/lpc2106-cmucam3/libhal-lpc2106-cmucam3.a(cc3.o)
                0x0000101c                cc3_camera_init
 .text.cc3_malloc_rows
                0x000010b0       0x30 ../../hal/lpc2106-cmucam3/libhal-lpc2106-cmucam3.a(cc3.o)
                0x000010b0                cc3_malloc_rows
 .text.cc3_pixbuf_load
                0x000010e0       0xb4 ../../hal/lpc2106-cmucam3/libhal-lpc2106-cmucam3.a(cc3.o)
                0x000010e0                cc3_pixbuf_load
 .text.cc3_pixbuf_read_rows
                0x00001194      0x690 ../../hal/lpc2106-cmucam3/libhal-lpc2106-cmucam3.a(cc3.o)
                0x00001194                cc3_pixbuf_read_rows
 .text._cc3_delay_us_4
                0x00001824       0x64 ../../hal/lpc2106-cmucam3/libhal-lpc2106-cmucam3.a(cc3_hal.o)
                0x00001824                _cc3_delay_us_4
 .text._cc3_fifo_reset
                0x00001888       0x68 ../../hal/lpc2106-cmucam3/libhal-lpc2106-cmucam3.a(cc3_hal.o)
                0x00001888                _cc3_fifo_reset
 .text._cc3_camera_reset
                0x000018f0       0x40 ../../hal/lpc2106-cmucam3/libhal-lpc2106-cmucam3.a(cc3_hal.o)
                0x000018f0                _cc3_camera_reset
 .text._cc3_delay_sccb
                0x00001930       0x38 ../../hal/lpc2106-cmucam3/libhal-lpc2106-cmucam3.a(cc3_hal.o)
                0x00001930                _cc3_delay_sccb
 .text._cc3_pixbuf_write_rewind
                0x00001968       0x38 ../../hal/lpc2106-cmucam3/libhal-lpc2106-cmucam3.a(cc3_hal.o)
                0x00001968                _cc3_pixbuf_write_rewind
 .text._cc3_system_setup
                0x000019a0       0xb0 ../../hal/lpc2106-cmucam3/libhal-lpc2106-cmucam3.a(cc3_hal.o)
                0x000019a0                _cc3_system_setup
 .text._exit    0x00001a50        0x4 ../../hal/lpc2106-cmucam3/libhal-lpc2106-cmucam3.a(syscalls.o)
                0x00001a50                _exit
 .text.normalize_filename
                0x00001a54       0x5c ../../hal/lpc2106-cmucam3/libhal-lpc2106-cmucam3.a(syscalls.o)
 .text._gettimeofday
                0x00001ab0        0x8 ../../hal/lpc2106-cmucam3/libhal-lpc2106-cmucam3.a(syscalls.o)
                0x00001ab0                _gettimeofday
 .text._sbrk    0x00001ab8       0x54 ../../hal/lpc2106-cmucam3/libhal-lpc2106-cmucam3.a(syscalls.o)
                0x00001ab8                _sbrk
 .text._open    0x00001b0c       0x88 ../../hal/lpc2106-cmucam3/libhal-lpc2106-cmucam3.a(syscalls.o)
                0x00001b0c                _open
 .text.isatty   0x00001b94       0x38 ../../hal/lpc2106-cmucam3/libhal-lpc2106-cmucam3.a(syscalls.o)
                0x00001b94                isatty
 .text._fstat   0x00001bcc       0x5c ../../hal/lpc2106-cmucam3/libhal-lpc2106-cmucam3.a(syscalls.o)
                0x00001bcc                _fstat
 .text._lseek   0x00001c28       0x5c ../../hal/lpc2106-cmucam3/libhal-lpc2106-cmucam3.a(syscalls.o)
                0x00001c28                _lseek
 .text._close   0x00001c84       0x4c ../../hal/lpc2106-cmucam3/libhal-lpc2106-cmucam3.a(syscalls.o)
                0x00001c84                _close
 .text._read    0x00001cd0       0x5c ../../hal/lpc2106-cmucam3/libhal-lpc2106-cmucam3.a(syscalls.o)
                0x00001cd0                _read
 .text._write   0x00001d2c       0x5c ../../hal/lpc2106-cmucam3/libhal-lpc2106-cmucam3.a(syscalls.o)
                0x00001d2c                _write
 .text._cc3_uart0_setup
                0x00001d88       0x5c ../../hal/lpc2106-cmucam3/libhal-lpc2106-cmucam3.a(serial.o)
                0x00001d88                _cc3_uart0_setup
 .text._cc3_uart1_setup
                0x00001de4       0x5c ../../hal/lpc2106-cmucam3/libhal-lpc2106-cmucam3.a(serial.o)
                0x00001de4                _cc3_uart1_setup
 .text.cc3_uart_get_count
                0x00001e40        0x8 ../../hal/lpc2106-cmucam3/libhal-lpc2106-cmucam3.a(serial.o)
                0x00001e40                cc3_uart_get_count
 .text.cc3_uart_has_data
                0x00001e48       0x3c ../../hal/lpc2106-cmucam3/libhal-lpc2106-cmucam3.a(serial.o)
                0x00001e48                cc3_uart_has_data
 .text.uart0_putc
                0x00001e84       0x1c ../../hal/lpc2106-cmucam3/libhal-lpc2106-cmucam3.a(serial.o)
                0x00001e84                uart0_putc
 .text.uart1_putc
                0x00001ea0       0x1c ../../hal/lpc2106-cmucam3/libhal-lpc2106-cmucam3.a(serial.o)
                0x00001ea0                uart1_putc
 .text.uart0_getc
                0x00001ebc       0x1c ../../hal/lpc2106-cmucam3/libhal-lpc2106-cmucam3.a(serial.o)
                0x00001ebc                uart0_getc
 .text.uart1_getc
                0x00001ed8       0x1c ../../hal/lpc2106-cmucam3/libhal-lpc2106-cmucam3.a(serial.o)
                0x00001ed8                uart1_getc
 .text.uart0_write
                0x00001ef4       0x30 ../../hal/lpc2106-cmucam3/libhal-lpc2106-cmucam3.a(serial.o)
                0x00001ef4                uart0_write
 .text.uart0_write_hex
                0x00001f24       0x70 ../../hal/lpc2106-cmucam3/libhal-lpc2106-cmucam3.a(serial.o)
                0x00001f24                uart0_write_hex
 .text.cc3_uart_init
                0x00001f94      0x174 ../../hal/lpc2106-cmucam3/libhal-lpc2106-cmucam3.a(serial.o)
                0x00001f94                cc3_uart_init
 .text.servo_lo
                0x00002108       0x1c ../../hal/lpc2106-cmucam3/libhal-lpc2106-cmucam3.a(servo.o)
 .text._cc3_servo_int
                0x00002124      0x138 ../../hal/lpc2106-cmucam3/libhal-lpc2106-cmucam3.a(servo.o)
                0x00002124                _cc3_servo_int
 .text.name_extension_to_spec
                0x0000225c       0x68 ../../hal/lpc2106-cmucam3/libhal-lpc2106-cmucam3.a(rdcf2.o)
 .text.initialize_fcb
                0x000022c4       0xa4 ../../hal/lpc2106-cmucam3/libhal-lpc2106-cmucam3.a(rdcf2.o)
 .text.rdcf_get_date_and_time
                0x00002368       0xac ../../hal/lpc2106-cmucam3/libhal-lpc2106-cmucam3.a(rdcf2.o)
 .text.error_exit
                0x00002414       0x10 ../../hal/lpc2106-cmucam3/libhal-lpc2106-cmucam3.a(rdcf2.o)
 .text.check_write_access
                0x00002424       0x14 ../../hal/lpc2106-cmucam3/libhal-lpc2106-cmucam3.a(rdcf2.o)
 .text.check_file_character
                0x00002438       0x24 ../../hal/lpc2106-cmucam3/libhal-lpc2106-cmucam3.a(rdcf2.o)
 .text.spec_to_name_extension
                0x0000245c      0x134 ../../hal/lpc2106-cmucam3/libhal-lpc2106-cmucam3.a(rdcf2.o)
 .text.check_cluster
                0x00002590       0x24 ../../hal/lpc2106-cmucam3/libhal-lpc2106-cmucam3.a(rdcf2.o)
 .text.first_sector_in_cluster
                0x000025b4       0x30 ../../hal/lpc2106-cmucam3/libhal-lpc2106-cmucam3.a(rdcf2.o)
 .text.write_sector
                0x000025e4       0x48 ../../hal/lpc2106-cmucam3/libhal-lpc2106-cmucam3.a(rdcf2.o)
 .text.flush_buffer
                0x0000262c       0x6c ../../hal/lpc2106-cmucam3/libhal-lpc2106-cmucam3.a(rdcf2.o)
 .text.read_sector
                0x00002698       0x48 ../../hal/lpc2106-cmucam3/libhal-lpc2106-cmucam3.a(rdcf2.o)
 .text.read_buffer
                0x000026e0       0x54 ../../hal/lpc2106-cmucam3/libhal-lpc2106-cmucam3.a(rdcf2.o)
 .text.find_directory
                0x00002734       0x60 ../../hal/lpc2106-cmucam3/libhal-lpc2106-cmucam3.a(rdcf2.o)
 .text.update_directory_entry
                0x00002794       0xe0 ../../hal/lpc2106-cmucam3/libhal-lpc2106-cmucam3.a(rdcf2.o)
 .text.rdcf_close
                0x00002874       0xac ../../hal/lpc2106-cmucam3/libhal-lpc2106-cmucam3.a(rdcf2.o)
                0x00002874                rdcf_close
 .text.set_FAT_entry
                0x00002920       0xf0 ../../hal/lpc2106-cmucam3/libhal-lpc2106-cmucam3.a(rdcf2.o)
 .text.FAT_entry
                0x00002a10       0xa8 ../../hal/lpc2106-cmucam3/libhal-lpc2106-cmucam3.a(rdcf2.o)
 .text.rdcf_seek
                0x00002ab8       0xe4 ../../hal/lpc2106-cmucam3/libhal-lpc2106-cmucam3.a(rdcf2.o)
                0x00002ab8                rdcf_seek
 .text.rdcf_read
                0x00002b9c      0x220 ../../hal/lpc2106-cmucam3/libhal-lpc2106-cmucam3.a(rdcf2.o)
                0x00002b9c                rdcf_read
 .text.add_new_cluster
                0x00002dbc       0xb4 ../../hal/lpc2106-cmucam3/libhal-lpc2106-cmucam3.a(rdcf2.o)
 .text.real_rdcf_write
                0x00002e70      0x2ec ../../hal/lpc2106-cmucam3/libhal-lpc2106-cmucam3.a(rdcf2.o)
 .text.rdcf_write
                0x0000315c       0x34 ../../hal/lpc2106-cmucam3/libhal-lpc2106-cmucam3.a(rdcf2.o)
                0x0000315c                rdcf_write
 .text.release_FAT_entries
                0x00003190       0xa0 ../../hal/lpc2106-cmucam3/libhal-lpc2106-cmucam3.a(rdcf2.o)
 .text.find_file_in_directory_or_find_volume
                0x00003230      0x25c ../../hal/lpc2106-cmucam3/libhal-lpc2106-cmucam3.a(rdcf2.o)
 .text.find_file
                0x0000348c       0xb0 ../../hal/lpc2106-cmucam3/libhal-lpc2106-cmucam3.a(rdcf2.o)
 .text.rdcf_open
                0x0000353c      0x2bc ../../hal/lpc2106-cmucam3/libhal-lpc2106-cmucam3.a(rdcf2.o)
                0x0000353c                rdcf_open
 .text.rdcf_rename
                0x000037f8      0x128 ../../hal/lpc2106-cmucam3/libhal-lpc2106-cmucam3.a(rdcf2.o)
                0x000037f8                rdcf_rename
 .text.rdcf_delete
                0x00003920      0x1a8 ../../hal/lpc2106-cmucam3/libhal-lpc2106-cmucam3.a(rdcf2.o)
                0x00003920                rdcf_delete
 .text.spiPutByte
                0x00003ac8       0x24 ../../hal/lpc2106-cmucam3/libhal-lpc2106-cmucam3.a(mmc_hardware.o)
 .text.spiGetByte
                0x00003aec       0x2c ../../hal/lpc2106-cmucam3/libhal-lpc2106-cmucam3.a(mmc_hardware.o)
 .text.SPI_Send
                0x00003b18       0x30 ../../hal/lpc2106-cmucam3/libhal-lpc2106-cmucam3.a(mmc_hardware.o)
 .text.mmcStatus
                0x00003b48       0x54 ../../hal/lpc2106-cmucam3/libhal-lpc2106-cmucam3.a(mmc_hardware.o)
 .text._cc3_mmc_idle
                0x00003b9c       0x18 ../../hal/lpc2106-cmucam3/libhal-lpc2106-cmucam3.a(mmc_hardware.o)
                0x00003b9c                _cc3_mmc_idle
 .text.selectMMC
                0x00003bb4       0x34 ../../hal/lpc2106-cmucam3/libhal-lpc2106-cmucam3.a(mmc_hardware.o)
 .text.unselectMMC
                0x00003be8       0x44 ../../hal/lpc2106-cmucam3/libhal-lpc2106-cmucam3.a(mmc_hardware.o)
 .text._cc3_mmc_block_write
                0x00003c2c       0xe4 ../../hal/lpc2106-cmucam3/libhal-lpc2106-cmucam3.a(mmc_hardware.o)
                0x00003c2c                _cc3_mmc_block_write
 .text._cc3_mmc_block_read
                0x00003d10       0xb4 ../../hal/lpc2106-cmucam3/libhal-lpc2106-cmucam3.a(mmc_hardware.o)
                0x00003d10                _cc3_mmc_block_read
 .text._cc3_mmc_init
                0x00003dc4      0x2b0 ../../hal/lpc2106-cmucam3/libhal-lpc2106-cmucam3.a(mmc_hardware.o)
                0x00003dc4                _cc3_mmc_init
 .text.mmc_recognize
                0x00004074       0x34 ../../hal/lpc2106-cmucam3/libhal-lpc2106-cmucam3.a(mmc_driver.o)
 .text.remove_prefix
                0x000040a8        0x8 ../../hal/lpc2106-cmucam3/libhal-lpc2106-cmucam3.a(mmc_driver.o)
 .text.mmc_fstat
                0x000040b0       0x18 ../../hal/lpc2106-cmucam3/libhal-lpc2106-cmucam3.a(mmc_driver.o)
 .text.allocate_1_fcb
                0x000040c8       0x3c ../../hal/lpc2106-cmucam3/libhal-lpc2106-cmucam3.a(mmc_driver.o)
 .text.mmc_rename
                0x00004104       0xb8 ../../hal/lpc2106-cmucam3/libhal-lpc2106-cmucam3.a(mmc_driver.o)
 .text.mmc_unlink
                0x000041bc       0xac ../../hal/lpc2106-cmucam3/libhal-lpc2106-cmucam3.a(mmc_driver.o)
 .text.mmc_lseek
                0x00004268       0xd0 ../../hal/lpc2106-cmucam3/libhal-lpc2106-cmucam3.a(mmc_driver.o)
 .text.mmc_write
                0x00004338       0x8c ../../hal/lpc2106-cmucam3/libhal-lpc2106-cmucam3.a(mmc_driver.o)
 .text.mmc_read
                0x000043c4       0x8c ../../hal/lpc2106-cmucam3/libhal-lpc2106-cmucam3.a(mmc_driver.o)
 .text.mmc_close
                0x00004450       0xcc ../../hal/lpc2106-cmucam3/libhal-lpc2106-cmucam3.a(mmc_driver.o)
 .text.mmc_open
                0x0000451c      0x10c ../../hal/lpc2106-cmucam3/libhal-lpc2106-cmucam3.a(mmc_driver.o)
 .text.cc3_filesystem_init
                0x00004628       0x18 ../../hal/lpc2106-cmucam3/libhal-lpc2106-cmucam3.a(devices.o)
                0x00004628                cc3_filesystem_init
 .text._cc3_get_driver_for_name
                0x00004640       0x5c ../../hal/lpc2106-cmucam3/libhal-lpc2106-cmucam3.a(devices.o)
                0x00004640                _cc3_get_driver_for_name
 .text._cc3_get_internal_file_number
                0x0000469c        0x8 ../../hal/lpc2106-cmucam3/libhal-lpc2106-cmucam3.a(devices.o)
                0x0000469c                _cc3_get_internal_file_number
 .text._cc3_get_driver_for_file_number
                0x000046a4       0x24 ../../hal/lpc2106-cmucam3/libhal-lpc2106-cmucam3.a(devices.o)
                0x000046a4                _cc3_get_driver_for_file_number
 .text._cc3_make_file_number
                0x000046c8       0x14 ../../hal/lpc2106-cmucam3/libhal-lpc2106-cmucam3.a(devices.o)
                0x000046c8                _cc3_make_file_number
 .text.uart_close
                0x000046dc        0x8 ../../hal/lpc2106-cmucam3/libhal-lpc2106-cmucam3.a(uart_driver.o)
 .text.uart_read
                0x000046e4       0xe4 ../../hal/lpc2106-cmucam3/libhal-lpc2106-cmucam3.a(uart_driver.o)
 .text.uart_write
                0x000047c8      0x118 ../../hal/lpc2106-cmucam3/libhal-lpc2106-cmucam3.a(uart_driver.o)
 .text.uart_lseek
                0x000048e0       0x18 ../../hal/lpc2106-cmucam3/libhal-lpc2106-cmucam3.a(uart_driver.o)
 .text.uart_fstat
                0x000048f8       0x10 ../../hal/lpc2106-cmucam3/libhal-lpc2106-cmucam3.a(uart_driver.o)
 .text.uart_unlink
                0x00004908       0x18 ../../hal/lpc2106-cmucam3/libhal-lpc2106-cmucam3.a(uart_driver.o)
 .text.uart_rename
                0x00004920       0x18 ../../hal/lpc2106-cmucam3/libhal-lpc2106-cmucam3.a(uart_driver.o)
 .text.process_uart_filename
                0x00004938       0x70 ../../hal/lpc2106-cmucam3/libhal-lpc2106-cmucam3.a(uart_driver.o)
 .text.uart_recognize
                0x000049a8       0x20 ../../hal/lpc2106-cmucam3/libhal-lpc2106-cmucam3.a(uart_driver.o)
 .text.uart_open
                0x000049c8       0x3c ../../hal/lpc2106-cmucam3/libhal-lpc2106-cmucam3.a(uart_driver.o)
 .text          0x00004a04      0x114 /media/sda4/Documents/Visual Studio 2005/483/CMUCam/arm-2006q3/bin/../lib/gcc/arm-none-eabi/4.1.1/libgcc.a(_udivsi3.o)
                0x00004a04                __udivsi3
                0x00004a04                __aeabi_uidiv
                0x00004b00                __aeabi_uidivmod
 .text          0x00004b18      0x144 /media/sda4/Documents/Visual Studio 2005/483/CMUCam/arm-2006q3/bin/../lib/gcc/arm-none-eabi/4.1.1/libgcc.a(_divsi3.o)
                0x00004b18                __aeabi_idiv
                0x00004b18                __divsi3
                0x00004c44                __aeabi_idivmod
 .text          0x00004c5c        0x4 /media/sda4/Documents/Visual Studio 2005/483/CMUCam/arm-2006q3/bin/../lib/gcc/arm-none-eabi/4.1.1/libgcc.a(_dvmd_tls.o)
                0x00004c5c                __aeabi_ldiv0
                0x00004c5c                __div0
                0x00004c5c                __aeabi_idiv0
 .text          0x00004c60       0x30 /media/sda4/Documents/Visual Studio 2005/483/CMUCam/arm-2006q3/bin/../lib/gcc/arm-none-eabi/4.1.1/../../../../arm-none-eabi/lib/libc.a(calloc.o)
                0x00004c60                calloc
 .text          0x00004c90       0xa0 /media/sda4/Documents/Visual Studio 2005/483/CMUCam/arm-2006q3/bin/../lib/gcc/arm-none-eabi/4.1.1/../../../../arm-none-eabi/lib/libc.a(callocr.o)
                0x00004c90                _calloc_r
 .text          0x00004d30       0x30 /media/sda4/Documents/Visual Studio 2005/483/CMUCam/arm-2006q3/bin/../lib/gcc/arm-none-eabi/4.1.1/../../../../arm-none-eabi/lib/libc.a(exit.o)
                0x00004d30                exit
 .text          0x00004d60      0x12c /media/sda4/Documents/Visual Studio 2005/483/CMUCam/arm-2006q3/bin/../lib/gcc/arm-none-eabi/4.1.1/../../../../arm-none-eabi/lib/libc.a(fclose.o)
                0x00004d60                _fclose_r
                0x00004e78                fclose
 .text          0x00004e8c       0xf0 /media/sda4/Documents/Visual Studio 2005/483/CMUCam/arm-2006q3/bin/../lib/gcc/arm-none-eabi/4.1.1/../../../../arm-none-eabi/lib/libc.a(fflush.o)
                0x00004e8c                fflush
 .text          0x00004f7c       0x7c /media/sda4/Documents/Visual Studio 2005/483/CMUCam/arm-2006q3/bin/../lib/gcc/arm-none-eabi/4.1.1/../../../../arm-none-eabi/lib/libc.a(fgetc.o)
                0x00004f7c                fgetc
 .text          0x00004ff8      0x2c4 /media/sda4/Documents/Visual Studio 2005/483/CMUCam/arm-2006q3/bin/../lib/gcc/arm-none-eabi/4.1.1/../../../../arm-none-eabi/lib/libc.a(findfp.o)
                0x00005064                __sinit
                0x0000517c                __sfmoreglue
                0x0000516c                _cleanup
                0x0000514c                _cleanup_r
                0x00005120                __fp_lock_all
                0x00005054                __sfp_lock_acquire
                0x000051d4                __sfp
                0x00005060                __sinit_lock_release
                0x000050f4                __fp_unlock_all
                0x00005058                __sfp_lock_release
                0x0000505c                __sinit_lock_acquire
 .text          0x000052bc       0x30 /media/sda4/Documents/Visual Studio 2005/483/CMUCam/arm-2006q3/bin/../lib/gcc/arm-none-eabi/4.1.1/../../../../arm-none-eabi/lib/libc.a(fiprintf.o)
                0x000052bc                fiprintf
 .text          0x000052ec       0xfc /media/sda4/Documents/Visual Studio 2005/483/CMUCam/arm-2006q3/bin/../lib/gcc/arm-none-eabi/4.1.1/../../../../arm-none-eabi/lib/libc.a(fopen.o)
                0x000053cc                fopen
                0x000052ec                _fopen_r
 .text          0x000053e8      0x3c0 /media/sda4/Documents/Visual Studio 2005/483/CMUCam/arm-2006q3/bin/../lib/gcc/arm-none-eabi/4.1.1/../../../../arm-none-eabi/lib/libc.a(freer.o)
                0x000054f0                _free_r
                0x000053e8                _malloc_trim_r
 .text          0x000057a8      0x480 /media/sda4/Documents/Visual Studio 2005/483/CMUCam/arm-2006q3/bin/../lib/gcc/arm-none-eabi/4.1.1/../../../../arm-none-eabi/lib/libc.a(fseek.o)
                0x00005bfc                fseek
                0x000057a8                _fseek_r
 .text          0x00005c28       0x48 /media/sda4/Documents/Visual Studio 2005/483/CMUCam/arm-2006q3/bin/../lib/gcc/arm-none-eabi/4.1.1/../../../../arm-none-eabi/lib/libc.a(fstatr.o)
                0x00005c28                _fstat_r
 .text          0x00005c70      0x11c /media/sda4/Documents/Visual Studio 2005/483/CMUCam/arm-2006q3/bin/../lib/gcc/arm-none-eabi/4.1.1/../../../../arm-none-eabi/lib/libc.a(fwalk.o)
                0x00005cfc                _fwalk
                0x00005c70                _fwalk_reent
 .text          0x00005d8c       0x74 /media/sda4/Documents/Visual Studio 2005/483/CMUCam/arm-2006q3/bin/../lib/gcc/arm-none-eabi/4.1.1/../../../../arm-none-eabi/lib/libc.a(iprintf.o)
                0x00005d8c                _iprintf_r
                0x00005dc0                iprintf
 .text          0x00005e00       0x74 /media/sda4/Documents/Visual Studio 2005/483/CMUCam/arm-2006q3/bin/../lib/gcc/arm-none-eabi/4.1.1/../../../../arm-none-eabi/lib/libc.a(iscanf.o)
                0x00005e00                _iscanf_r
                0x00005e34                iscanf
 .text          0x00005e74       0x1c /media/sda4/Documents/Visual Studio 2005/483/CMUCam/arm-2006q3/bin/../lib/gcc/arm-none-eabi/4.1.1/../../../../arm-none-eabi/lib/libc.a(lcltime_r.o)
                0x00005e74                localtime_r
 .text          0x00005e90      0x158 /media/sda4/Documents/Visual Studio 2005/483/CMUCam/arm-2006q3/bin/../lib/gcc/arm-none-eabi/4.1.1/../../../../arm-none-eabi/lib/libc.a(makebuf.o)
                0x00005e90                __smakebuf
 .text          0x00005fe8       0x50 /media/sda4/Documents/Visual Studio 2005/483/CMUCam/arm-2006q3/bin/../lib/gcc/arm-none-eabi/4.1.1/../../../../arm-none-eabi/lib/libc.a(malloc.o)
                0x00006010                malloc
                0x00005fe8                free
 .text          0x00006038      0x77c /media/sda4/Documents/Visual Studio 2005/483/CMUCam/arm-2006q3/bin/../lib/gcc/arm-none-eabi/4.1.1/../../../../arm-none-eabi/lib/libc.a(mallocr.o)
                0x00006038                _malloc_r
 .text          0x000067b4       0x98 /media/sda4/Documents/Visual Studio 2005/483/CMUCam/arm-2006q3/bin/../lib/gcc/arm-none-eabi/4.1.1/../../../../arm-none-eabi/lib/libc.a(memcmp.o)
                0x000067b4                memcmp
 .text          0x0000684c       0x9c /media/sda4/Documents/Visual Studio 2005/483/CMUCam/arm-2006q3/bin/../lib/gcc/arm-none-eabi/4.1.1/../../../../arm-none-eabi/lib/libc.a(memcpy.o)
                0x0000684c                memcpy
 .text          0x000068e8       0x98 /media/sda4/Documents/Visual Studio 2005/483/CMUCam/arm-2006q3/bin/../lib/gcc/arm-none-eabi/4.1.1/../../../../arm-none-eabi/lib/libc.a(memset.o)
                0x000068e8                memset
 .text          0x00006980      0x848 /media/sda4/Documents/Visual Studio 2005/483/CMUCam/arm-2006q3/bin/../lib/gcc/arm-none-eabi/4.1.1/../../../../arm-none-eabi/lib/libc.a(mktm_r.o)
                0x00006980                __tzcalc_limits
                0x00006bf0                _mktm_r
 .text          0x000071c8        0x8 /media/sda4/Documents/Visual Studio 2005/483/CMUCam/arm-2006q3/bin/../lib/gcc/arm-none-eabi/4.1.1/../../../../arm-none-eabi/lib/libc.a(mlock.o)
                0x000071cc                __malloc_unlock
                0x000071c8                __malloc_lock
 .text          0x000071d0       0x4c /media/sda4/Documents/Visual Studio 2005/483/CMUCam/arm-2006q3/bin/../lib/gcc/arm-none-eabi/4.1.1/../../../../arm-none-eabi/lib/libc.a(openr.o)
                0x000071d0                _open_r
 .text          0x0000721c       0x78 /media/sda4/Documents/Visual Studio 2005/483/CMUCam/arm-2006q3/bin/../lib/gcc/arm-none-eabi/4.1.1/../../../../arm-none-eabi/lib/libc.a(perror.o)
                0x00007280                perror
                0x0000721c                _perror_r
 .text          0x00007294      0x1c4 /media/sda4/Documents/Visual Studio 2005/483/CMUCam/arm-2006q3/bin/../lib/gcc/arm-none-eabi/4.1.1/../../../../arm-none-eabi/lib/libc.a(refill.o)
                0x000072cc                __srefill
 .text          0x00007458       0x38 /media/sda4/Documents/Visual Studio 2005/483/CMUCam/arm-2006q3/bin/../lib/gcc/arm-none-eabi/4.1.1/../../../../arm-none-eabi/lib/libc.a(rget.o)
                0x00007458                __srget
 .text          0x00007490       0x48 /media/sda4/Documents/Visual Studio 2005/483/CMUCam/arm-2006q3/bin/../lib/gcc/arm-none-eabi/4.1.1/../../../../arm-none-eabi/lib/libc.a(sbrkr.o)
                0x00007490                _sbrk_r
 .text          0x000074d8       0x28 /media/sda4/Documents/Visual Studio 2005/483/CMUCam/arm-2006q3/bin/../lib/gcc/arm-none-eabi/4.1.1/../../../../arm-none-eabi/lib/libc.a(setbuf.o)
                0x000074d8                setbuf
 .text          0x00007500       0x2c /media/sda4/Documents/Visual Studio 2005/483/CMUCam/arm-2006q3/bin/../lib/gcc/arm-none-eabi/4.1.1/../../../../arm-none-eabi/lib/libc.a(setjmp.o)
                0x00007514                longjmp
                0x00007500                setjmp
 .text          0x0000752c      0x1ac /media/sda4/Documents/Visual Studio 2005/483/CMUCam/arm-2006q3/bin/../lib/gcc/arm-none-eabi/4.1.1/../../../../arm-none-eabi/lib/libc.a(setvbuf.o)
                0x0000752c                setvbuf
 .text          0x000076d8      0x128 /media/sda4/Documents/Visual Studio 2005/483/CMUCam/arm-2006q3/bin/../lib/gcc/arm-none-eabi/4.1.1/../../../../arm-none-eabi/lib/libc.a(stdio.o)
                0x00007700                __sseek
                0x000077b8                __sread
                0x000076d8                __sclose
                0x0000774c                __swrite
 .text          0x00007800       0x28 /media/sda4/Documents/Visual Studio 2005/483/CMUCam/arm-2006q3/bin/../lib/gcc/arm-none-eabi/4.1.1/../../../../arm-none-eabi/lib/libc.a(strdup.o)
                0x00007800                strdup
 .text          0x00007828       0x40 /media/sda4/Documents/Visual Studio 2005/483/CMUCam/arm-2006q3/bin/../lib/gcc/arm-none-eabi/4.1.1/../../../../arm-none-eabi/lib/libc.a(strdup_r.o)
                0x00007828                _strdup_r
 .text          0x00007868      0x64c /media/sda4/Documents/Visual Studio 2005/483/CMUCam/arm-2006q3/bin/../lib/gcc/arm-none-eabi/4.1.1/../../../../arm-none-eabi/lib/libc.a(strerror.o)
                0x00007868                strerror
 .text          0x00007eb4       0x90 /media/sda4/Documents/Visual Studio 2005/483/CMUCam/arm-2006q3/bin/../lib/gcc/arm-none-eabi/4.1.1/../../../../arm-none-eabi/lib/libc.a(strlen.o)
                0x00007eb4                strlen
 .text          0x00007f44      0x1f0 /media/sda4/Documents/Visual Studio 2005/483/CMUCam/arm-2006q3/bin/../lib/gcc/arm-none-eabi/4.1.1/../../../../arm-none-eabi/lib/libc.a(strtol.o)
                0x00008108                strtol
                0x00007f44                _strtol_r
 .text          0x00008134       0x18 /media/sda4/Documents/Visual Studio 2005/483/CMUCam/arm-2006q3/bin/../lib/gcc/arm-none-eabi/4.1.1/../../../../arm-none-eabi/lib/libc.a(sysgettod.o)
                0x00008134                gettimeofday
 .text          0x0000814c        0x8 /media/sda4/Documents/Visual Studio 2005/483/CMUCam/arm-2006q3/bin/../lib/gcc/arm-none-eabi/4.1.1/../../../../arm-none-eabi/lib/libc.a(tzlock.o)
                0x00008150                __tz_unlock
                0x0000814c                __tz_lock
 .text          0x00008154        0x8 /media/sda4/Documents/Visual Studio 2005/483/CMUCam/arm-2006q3/bin/../lib/gcc/arm-none-eabi/4.1.1/../../../../arm-none-eabi/lib/libc.a(u_strerr.o)
                0x00008154                _user_strerror
 .text          0x0000815c     0x1344 /media/sda4/Documents/Visual Studio 2005/483/CMUCam/arm-2006q3/bin/../lib/gcc/arm-none-eabi/4.1.1/../../../../arm-none-eabi/lib/libc.a(vfiprintf.o)
                0x00009474                vfiprintf
                0x0000819c                _vfiprintf_r
 .text          0x000094a0      0xfc0 /media/sda4/Documents/Visual Studio 2005/483/CMUCam/arm-2006q3/bin/../lib/gcc/arm-none-eabi/4.1.1/../../../../arm-none-eabi/lib/libc.a(vfiscanf.o)
                0x0000a3b8                _vfiscanf_r
                0x0000a404                vfiscanf
                0x000094a0                __svfiscanf_r
                0x0000a38c                __svfiscanf
 .text          0x0000a460       0x84 /media/sda4/Documents/Visual Studio 2005/483/CMUCam/arm-2006q3/bin/../lib/gcc/arm-none-eabi/4.1.1/../../../../arm-none-eabi/lib/libc.a(wcrtomb.o)
                0x0000a460                _wcrtomb_r
                0x0000a4b8                wcrtomb
 .text          0x0000a4e4      0x180 /media/sda4/Documents/Visual Studio 2005/483/CMUCam/arm-2006q3/bin/../lib/gcc/arm-none-eabi/4.1.1/../../../../arm-none-eabi/lib/libc.a(wcsrtombs.o)
                0x0000a4e4                _wcsrtombs_r
                0x0000a620                wcsrtombs
 .text          0x0000a664      0x428 /media/sda4/Documents/Visual Studio 2005/483/CMUCam/arm-2006q3/bin/../lib/gcc/arm-none-eabi/4.1.1/../../../../arm-none-eabi/lib/libc.a(wctomb_r.o)
                0x0000a664                _wctomb_r
 .text          0x0000aa8c       0x4c /media/sda4/Documents/Visual Studio 2005/483/CMUCam/arm-2006q3/bin/../lib/gcc/arm-none-eabi/4.1.1/../../../../arm-none-eabi/lib/libc.a(writer.o)
                0x0000aa8c                _write_r
 .text          0x0000aad8      0x10c /media/sda4/Documents/Visual Studio 2005/483/CMUCam/arm-2006q3/bin/../lib/gcc/arm-none-eabi/4.1.1/../../../../arm-none-eabi/lib/libc.a(wsetup.o)
                0x0000aad8                __swsetup
 .text          0x0000abe4      0x164 /media/sda4/Documents/Visual Studio 2005/483/CMUCam/arm-2006q3/bin/../lib/gcc/arm-none-eabi/4.1.1/../../../../arm-none-eabi/lib/libc.a(__call_atexit.o)
                0x0000abe4                __call_exitprocs
 .text          0x0000ad48       0x44 /media/sda4/Documents/Visual Studio 2005/483/CMUCam/arm-2006q3/bin/../lib/gcc/arm-none-eabi/4.1.1/../../../../arm-none-eabi/lib/libc.a(closer.o)
                0x0000ad48                _close_r
 .text          0x0000ad8c       0xa4 /media/sda4/Documents/Visual Studio 2005/483/CMUCam/arm-2006q3/bin/../lib/gcc/arm-none-eabi/4.1.1/../../../../arm-none-eabi/lib/libc.a(flags.o)
                0x0000ad8c                __sflags
 .text          0x0000ae30       0xc0 /media/sda4/Documents/Visual Studio 2005/483/CMUCam/arm-2006q3/bin/../lib/gcc/arm-none-eabi/4.1.1/../../../../arm-none-eabi/lib/libc.a(fputc.o)
                0x0000ae30                fputc
 .text          0x0000aef0       0x6c /media/sda4/Documents/Visual Studio 2005/483/CMUCam/arm-2006q3/bin/../lib/gcc/arm-none-eabi/4.1.1/../../../../arm-none-eabi/lib/libc.a(fputs.o)
                0x0000aef0                fputs
 .text          0x0000af5c      0x1d0 /media/sda4/Documents/Visual Studio 2005/483/CMUCam/arm-2006q3/bin/../lib/gcc/arm-none-eabi/4.1.1/../../../../arm-none-eabi/lib/libc.a(fread.o)
                0x0000af5c                fread
 .text          0x0000b12c      0x3fc /media/sda4/Documents/Visual Studio 2005/483/CMUCam/arm-2006q3/bin/../lib/gcc/arm-none-eabi/4.1.1/../../../../arm-none-eabi/lib/libc.a(fvwrite.o)
                0x0000b12c                __sfvwrite
 .text          0x0000b528        0xc /media/sda4/Documents/Visual Studio 2005/483/CMUCam/arm-2006q3/bin/../lib/gcc/arm-none-eabi/4.1.1/../../../../arm-none-eabi/lib/libc.a(gettzinfo.o)
                0x0000b528                __gettzinfo
 .text          0x0000b534       0x24 /media/sda4/Documents/Visual Studio 2005/483/CMUCam/arm-2006q3/bin/../lib/gcc/arm-none-eabi/4.1.1/../../../../arm-none-eabi/lib/libc.a(iswspace.o)
                0x0000b534                iswspace
 .text          0x0000b558       0x4c /media/sda4/Documents/Visual Studio 2005/483/CMUCam/arm-2006q3/bin/../lib/gcc/arm-none-eabi/4.1.1/../../../../arm-none-eabi/lib/libc.a(lseekr.o)
                0x0000b558                _lseek_r
 .text          0x0000b5a4       0xac /media/sda4/Documents/Visual Studio 2005/483/CMUCam/arm-2006q3/bin/../lib/gcc/arm-none-eabi/4.1.1/../../../../arm-none-eabi/lib/libc.a(mbrtowc.o)
                0x0000b60c                mbrtowc
                0x0000b5a4                _mbrtowc_r
 .text          0x0000b650       0x50 /media/sda4/Documents/Visual Studio 2005/483/CMUCam/arm-2006q3/bin/../lib/gcc/arm-none-eabi/4.1.1/../../../../arm-none-eabi/lib/libc.a(mbtowc_r.o)
                0x0000b650                _mbtowc_r
 .text          0x0000b6a0      0x108 /media/sda4/Documents/Visual Studio 2005/483/CMUCam/arm-2006q3/bin/../lib/gcc/arm-none-eabi/4.1.1/../../../../arm-none-eabi/lib/libc.a(memchr.o)
                0x0000b6a0                memchr
 .text          0x0000b7a8       0xfc /media/sda4/Documents/Visual Studio 2005/483/CMUCam/arm-2006q3/bin/../lib/gcc/arm-none-eabi/4.1.1/../../../../arm-none-eabi/lib/libc.a(memmove.o)
                0x0000b7a8                memmove
 .text          0x0000b8a4       0x4c /media/sda4/Documents/Visual Studio 2005/483/CMUCam/arm-2006q3/bin/../lib/gcc/arm-none-eabi/4.1.1/../../../../arm-none-eabi/lib/libc.a(readr.o)
                0x0000b8a4                _read_r
 .text          0x0000b8f0      0x61c /media/sda4/Documents/Visual Studio 2005/483/CMUCam/arm-2006q3/bin/../lib/gcc/arm-none-eabi/4.1.1/../../../../arm-none-eabi/lib/libc.a(reallocr.o)
                0x0000b8f0                _realloc_r
 .text          0x0000bf0c       0xc8 /media/sda4/Documents/Visual Studio 2005/483/CMUCam/arm-2006q3/bin/../lib/gcc/arm-none-eabi/4.1.1/../../../../arm-none-eabi/lib/libc.a(sccl.o)
                0x0000bf0c                __sccl
 .text          0x0000bfd4       0xd0 /media/sda4/Documents/Visual Studio 2005/483/CMUCam/arm-2006q3/bin/../lib/gcc/arm-none-eabi/4.1.1/../../../../arm-none-eabi/lib/libc.a(strcmp.o)
                0x0000bfd4                strcmp
 .text          0x0000c0a4      0x2a0 /media/sda4/Documents/Visual Studio 2005/483/CMUCam/arm-2006q3/bin/../lib/gcc/arm-none-eabi/4.1.1/../../../../arm-none-eabi/lib/libc.a(strtoll_r.o)
                0x0000c0a4                _strtoll_r
 .text          0x0000c344      0x1e4 /media/sda4/Documents/Visual Studio 2005/483/CMUCam/arm-2006q3/bin/../lib/gcc/arm-none-eabi/4.1.1/../../../../arm-none-eabi/lib/libc.a(strtoul.o)
                0x0000c4fc                strtoul
                0x0000c344                _strtoul_r
 .text          0x0000c528      0x298 /media/sda4/Documents/Visual Studio 2005/483/CMUCam/arm-2006q3/bin/../lib/gcc/arm-none-eabi/4.1.1/../../../../arm-none-eabi/lib/libc.a(strtoull_r.o)
                0x0000c528                _strtoull_r
 .text          0x0000c7c0      0x254 /media/sda4/Documents/Visual Studio 2005/483/CMUCam/arm-2006q3/bin/../lib/gcc/arm-none-eabi/4.1.1/../../../../arm-none-eabi/lib/libc.a(ungetc.o)
                0x0000c9f8                ungetc
                0x0000c7c0                __submore
                0x0000c87c                _ungetc_r
 .text          0x0000ca14      0x10c /media/sda4/Documents/Visual Studio 2005/483/CMUCam/arm-2006q3/bin/../lib/gcc/arm-none-eabi/4.1.1/../../../../arm-none-eabi/lib/libc.a(wbuf.o)
                0x0000ca14                __swbuf
 .text          0x0000cb20       0x1c /media/sda4/Documents/Visual Studio 2005/483/CMUCam/arm-2006q3/bin/../lib/gcc/arm-none-eabi/4.1.1/libgcc.a(_aeabi_uldivmod.o)
                0x0000cb20                __aeabi_uldivmod
 .text          0x0000cb3c       0x90 /media/sda4/Documents/Visual Studio 2005/483/CMUCam/arm-2006q3/bin/../lib/gcc/arm-none-eabi/4.1.1/libgcc.a(bpabi.o)
                0x0000cb3c                __gnu_uldivmod_helper
                0x0000cb84                __gnu_ldivmod_helper
 .text          0x0000cbcc      0x590 /media/sda4/Documents/Visual Studio 2005/483/CMUCam/arm-2006q3/bin/../lib/gcc/arm-none-eabi/4.1.1/libgcc.a(_divdi3.o)
                0x0000cbcc                __divdi3
 .text          0x0000d15c      0x530 /media/sda4/Documents/Visual Studio 2005/483/CMUCam/arm-2006q3/bin/../lib/gcc/arm-none-eabi/4.1.1/libgcc.a(_udivdi3.o)
                0x0000d15c                __udivdi3
 *(.plt)
 *(.gnu.warning)
 *(.glue_7t)
 .glue_7t       0x0000d68c        0x0 /media/sda4/Documents/Visual Studio 2005/483/CMUCam/arm-2006q3/bin/../lib/gcc/arm-none-eabi/4.1.1/crti.o
 .glue_7t       0x0000d68c        0x0 /media/sda4/Documents/Visual Studio 2005/483/CMUCam/arm-2006q3/bin/../lib/gcc/arm-none-eabi/4.1.1/crtbegin.o
 .glue_7t       0x0000d68c        0x0 lpc2106-cmucam3_buildfiles/main.o
 .glue_7t       0x0000d68c        0x0 ../../lib/cc3-ilp/libcc3-ilp_lpc2106-cmucam3.a(cc3_ilp.o)
 .glue_7t       0x0000d68c        0x0 ../../hal/lpc2106-cmucam3/libhal-lpc2106-cmucam3.a(interrupt.o)
 .glue_7t       0x0000d68c        0x0 ../../hal/lpc2106-cmucam3/libhal-lpc2106-cmucam3.a(cc3.o)
 .glue_7t       0x0000d68c        0x0 ../../hal/lpc2106-cmucam3/libhal-lpc2106-cmucam3.a(cc3_hal.o)
 .glue_7t       0x0000d68c        0x0 ../../hal/lpc2106-cmucam3/libhal-lpc2106-cmucam3.a(syscalls.o)
 .glue_7t       0x0000d68c        0x0 ../../hal/lpc2106-cmucam3/libhal-lpc2106-cmucam3.a(serial.o)
 .glue_7t       0x0000d68c        0x0 ../../hal/lpc2106-cmucam3/libhal-lpc2106-cmucam3.a(servo.o)
 .glue_7t       0x0000d68c        0x0 ../../hal/lpc2106-cmucam3/libhal-lpc2106-cmucam3.a(rdcf2.o)
 .glue_7t       0x0000d68c        0x0 ../../hal/lpc2106-cmucam3/libhal-lpc2106-cmucam3.a(mmc_hardware.o)
 .glue_7t       0x0000d68c        0x0 ../../hal/lpc2106-cmucam3/libhal-lpc2106-cmucam3.a(mmc_driver.o)
 .glue_7t       0x0000d68c        0x0 ../../hal/lpc2106-cmucam3/libhal-lpc2106-cmucam3.a(gpio.o)
 .glue_7t       0x0000d68c        0x0 ../../hal/lpc2106-cmucam3/libhal-lpc2106-cmucam3.a(devices.o)
 .glue_7t       0x0000d68c        0x0 ../../hal/lpc2106-cmucam3/libhal-lpc2106-cmucam3.a(uart_driver.o)
 .glue_7t       0x0000d68c        0x0 ../../hal/lpc2106-cmucam3/libhal-lpc2106-cmucam3.a(startup.o)
 .glue_7t       0x0000d68c        0x0 /media/sda4/Documents/Visual Studio 2005/483/CMUCam/arm-2006q3/bin/../lib/gcc/arm-none-eabi/4.1.1/libgcc.a(_udivsi3.o)
 .glue_7t       0x0000d68c        0x0 /media/sda4/Documents/Visual Studio 2005/483/CMUCam/arm-2006q3/bin/../lib/gcc/arm-none-eabi/4.1.1/libgcc.a(_divsi3.o)
 .glue_7t       0x0000d68c        0x0 /media/sda4/Documents/Visual Studio 2005/483/CMUCam/arm-2006q3/bin/../lib/gcc/arm-none-eabi/4.1.1/libgcc.a(_dvmd_tls.o)
 .glue_7t       0x0000d68c        0x0 /media/sda4/Documents/Visual Studio 2005/483/CMUCam/arm-2006q3/bin/../lib/gcc/arm-none-eabi/4.1.1/../../../../arm-none-eabi/lib/libc.a(calloc.o)
 .glue_7t       0x0000d68c        0x0 /media/sda4/Documents/Visual Studio 2005/483/CMUCam/arm-2006q3/bin/../lib/gcc/arm-none-eabi/4.1.1/../../../../arm-none-eabi/lib/libc.a(callocr.o)
 .glue_7t       0x0000d68c        0x0 /media/sda4/Documents/Visual Studio 2005/483/CMUCam/arm-2006q3/bin/../lib/gcc/arm-none-eabi/4.1.1/../../../../arm-none-eabi/lib/libc.a(ctype_.o)
 .glue_7t       0x0000d68c        0x0 /media/sda4/Documents/Visual Studio 2005/483/CMUCam/arm-2006q3/bin/../lib/gcc/arm-none-eabi/4.1.1/../../../../arm-none-eabi/lib/libc.a(exit.o)
 .glue_7t       0x0000d68c        0x0 /media/sda4/Documents/Visual Studio 2005/483/CMUCam/arm-2006q3/bin/../lib/gcc/arm-none-eabi/4.1.1/../../../../arm-none-eabi/lib/libc.a(fclose.o)
 .glue_7t       0x0000d68c        0x0 /media/sda4/Documents/Visual Studio 2005/483/CMUCam/arm-2006q3/bin/../lib/gcc/arm-none-eabi/4.1.1/../../../../arm-none-eabi/lib/libc.a(fflush.o)
 .glue_7t       0x0000d68c        0x0 /media/sda4/Documents/Visual Studio 2005/483/CMUCam/arm-2006q3/bin/../lib/gcc/arm-none-eabi/4.1.1/../../../../arm-none-eabi/lib/libc.a(fgetc.o)
 .glue_7t       0x0000d68c        0x0 /media/sda4/Documents/Visual Studio 2005/483/CMUCam/arm-2006q3/bin/../lib/gcc/arm-none-eabi/4.1.1/../../../../arm-none-eabi/lib/libc.a(findfp.o)
 .glue_7t       0x0000d68c        0x0 /media/sda4/Documents/Visual Studio 2005/483/CMUCam/arm-2006q3/bin/../lib/gcc/arm-none-eabi/4.1.1/../../../../arm-none-eabi/lib/libc.a(fiprintf.o)
 .glue_7t       0x0000d68c        0x0 /media/sda4/Documents/Visual Studio 2005/483/CMUCam/arm-2006q3/bin/../lib/gcc/arm-none-eabi/4.1.1/../../../../arm-none-eabi/lib/libc.a(fopen.o)
 .glue_7t       0x0000d68c        0x0 /media/sda4/Documents/Visual Studio 2005/483/CMUCam/arm-2006q3/bin/../lib/gcc/arm-none-eabi/4.1.1/../../../../arm-none-eabi/lib/libc.a(freer.o)
 .glue_7t       0x0000d68c        0x0 /media/sda4/Documents/Visual Studio 2005/483/CMUCam/arm-2006q3/bin/../lib/gcc/arm-none-eabi/4.1.1/../../../../arm-none-eabi/lib/libc.a(fseek.o)
 .glue_7t       0x0000d68c        0x0 /media/sda4/Documents/Visual Studio 2005/483/CMUCam/arm-2006q3/bin/../lib/gcc/arm-none-eabi/4.1.1/../../../../arm-none-eabi/lib/libc.a(fstatr.o)
 .glue_7t       0x0000d68c        0x0 /media/sda4/Documents/Visual Studio 2005/483/CMUCam/arm-2006q3/bin/../lib/gcc/arm-none-eabi/4.1.1/../../../../arm-none-eabi/lib/libc.a(fwalk.o)
 .glue_7t       0x0000d68c        0x0 /media/sda4/Documents/Visual Studio 2005/483/CMUCam/arm-2006q3/bin/../lib/gcc/arm-none-eabi/4.1.1/../../../../arm-none-eabi/lib/libc.a(impure.o)
 .glue_7t       0x0000d68c        0x0 /media/sda4/Documents/Visual Studio 2005/483/CMUCam/arm-2006q3/bin/../lib/gcc/arm-none-eabi/4.1.1/../../../../arm-none-eabi/lib/libc.a(iprintf.o)
 .glue_7t       0x0000d68c        0x0 /media/sda4/Documents/Visual Studio 2005/483/CMUCam/arm-2006q3/bin/../lib/gcc/arm-none-eabi/4.1.1/../../../../arm-none-eabi/lib/libc.a(iscanf.o)
 .glue_7t       0x0000d68c        0x0 /media/sda4/Documents/Visual Studio 2005/483/CMUCam/arm-2006q3/bin/../lib/gcc/arm-none-eabi/4.1.1/../../../../arm-none-eabi/lib/libc.a(lcltime_r.o)
 .glue_7t       0x0000d68c        0x0 /media/sda4/Documents/Visual Studio 2005/483/CMUCam/arm-2006q3/bin/../lib/gcc/arm-none-eabi/4.1.1/../../../../arm-none-eabi/lib/libc.a(makebuf.o)
 .glue_7t       0x0000d68c        0x0 /media/sda4/Documents/Visual Studio 2005/483/CMUCam/arm-2006q3/bin/../lib/gcc/arm-none-eabi/4.1.1/../../../../arm-none-eabi/lib/libc.a(malloc.o)
 .glue_7t       0x0000d68c        0x0 /media/sda4/Documents/Visual Studio 2005/483/CMUCam/arm-2006q3/bin/../lib/gcc/arm-none-eabi/4.1.1/../../../../arm-none-eabi/lib/libc.a(mallocr.o)
 .glue_7t       0x0000d68c        0x0 /media/sda4/Documents/Visual Studio 2005/483/CMUCam/arm-2006q3/bin/../lib/gcc/arm-none-eabi/4.1.1/../../../../arm-none-eabi/lib/libc.a(memcmp.o)
 .glue_7t       0x0000d68c        0x0 /media/sda4/Documents/Visual Studio 2005/483/CMUCam/arm-2006q3/bin/../lib/gcc/arm-none-eabi/4.1.1/../../../../arm-none-eabi/lib/libc.a(memcpy.o)
 .glue_7t       0x0000d68c        0x0 /media/sda4/Documents/Visual Studio 2005/483/CMUCam/arm-2006q3/bin/../lib/gcc/arm-none-eabi/4.1.1/../../../../arm-none-eabi/lib/libc.a(memset.o)
 .glue_7t       0x0000d68c        0x0 /media/sda4/Documents/Visual Studio 2005/483/CMUCam/arm-2006q3/bin/../lib/gcc/arm-none-eabi/4.1.1/../../../../arm-none-eabi/lib/libc.a(mktm_r.o)
 .glue_7t       0x0000d68c        0x0 /media/sda4/Documents/Visual Studio 2005/483/CMUCam/arm-2006q3/bin/../lib/gcc/arm-none-eabi/4.1.1/../../../../arm-none-eabi/lib/libc.a(mlock.o)
 .glue_7t       0x0000d68c        0x0 /media/sda4/Documents/Visual Studio 2005/483/CMUCam/arm-2006q3/bin/../lib/gcc/arm-none-eabi/4.1.1/../../../../arm-none-eabi/lib/libc.a(openr.o)
 .glue_7t       0x0000d68c        0x0 /media/sda4/Documents/Visual Studio 2005/483/CMUCam/arm-2006q3/bin/../lib/gcc/arm-none-eabi/4.1.1/../../../../arm-none-eabi/lib/libc.a(perror.o)
 .glue_7t       0x0000d68c        0x0 /media/sda4/Documents/Visual Studio 2005/483/CMUCam/arm-2006q3/bin/../lib/gcc/arm-none-eabi/4.1.1/../../../../arm-none-eabi/lib/libc.a(reent.o)
 .glue_7t       0x0000d68c        0x0 /media/sda4/Documents/Visual Studio 2005/483/CMUCam/arm-2006q3/bin/../lib/gcc/arm-none-eabi/4.1.1/../../../../arm-none-eabi/lib/libc.a(refill.o)
 .glue_7t       0x0000d68c        0x0 /media/sda4/Documents/Visual Studio 2005/483/CMUCam/arm-2006q3/bin/../lib/gcc/arm-none-eabi/4.1.1/../../../../arm-none-eabi/lib/libc.a(rget.o)
 .glue_7t       0x0000d68c        0x0 /media/sda4/Documents/Visual Studio 2005/483/CMUCam/arm-2006q3/bin/../lib/gcc/arm-none-eabi/4.1.1/../../../../arm-none-eabi/lib/libc.a(sbrkr.o)
 .glue_7t       0x0000d68c        0x0 /media/sda4/Documents/Visual Studio 2005/483/CMUCam/arm-2006q3/bin/../lib/gcc/arm-none-eabi/4.1.1/../../../../arm-none-eabi/lib/libc.a(setbuf.o)
 .glue_7t       0x0000d68c        0x0 /media/sda4/Documents/Visual Studio 2005/483/CMUCam/arm-2006q3/bin/../lib/gcc/arm-none-eabi/4.1.1/../../../../arm-none-eabi/lib/libc.a(setjmp.o)
 .glue_7t       0x0000d68c        0x0 /media/sda4/Documents/Visual Studio 2005/483/CMUCam/arm-2006q3/bin/../lib/gcc/arm-none-eabi/4.1.1/../../../../arm-none-eabi/lib/libc.a(setvbuf.o)
 .glue_7t       0x0000d68c        0x0 /media/sda4/Documents/Visual Studio 2005/483/CMUCam/arm-2006q3/bin/../lib/gcc/arm-none-eabi/4.1.1/../../../../arm-none-eabi/lib/libc.a(sniprintf.o)
 .glue_7t       0x0000d68c        0x0 /media/sda4/Documents/Visual Studio 2005/483/CMUCam/arm-2006q3/bin/../lib/gcc/arm-none-eabi/4.1.1/../../../../arm-none-eabi/lib/libc.a(stdio.o)
 .glue_7t       0x0000d68c        0x0 /media/sda4/Documents/Visual Studio 2005/483/CMUCam/arm-2006q3/bin/../lib/gcc/arm-none-eabi/4.1.1/../../../../arm-none-eabi/lib/libc.a(strdup.o)
 .glue_7t       0x0000d68c        0x0 /media/sda4/Documents/Visual Studio 2005/483/CMUCam/arm-2006q3/bin/../lib/gcc/arm-none-eabi/4.1.1/../../../../arm-none-eabi/lib/libc.a(strdup_r.o)
 .glue_7t       0x0000d68c        0x0 /media/sda4/Documents/Visual Studio 2005/483/CMUCam/arm-2006q3/bin/../lib/gcc/arm-none-eabi/4.1.1/../../../../arm-none-eabi/lib/libc.a(strerror.o)
 .glue_7t       0x0000d68c        0x0 /media/sda4/Documents/Visual Studio 2005/483/CMUCam/arm-2006q3/bin/../lib/gcc/arm-none-eabi/4.1.1/../../../../arm-none-eabi/lib/libc.a(strlen.o)
 .glue_7t       0x0000d68c        0x0 /media/sda4/Documents/Visual Studio 2005/483/CMUCam/arm-2006q3/bin/../lib/gcc/arm-none-eabi/4.1.1/../../../../arm-none-eabi/lib/libc.a(strtol.o)
 .glue_7t       0x0000d68c        0x0 /media/sda4/Documents/Visual Studio 2005/483/CMUCam/arm-2006q3/bin/../lib/gcc/arm-none-eabi/4.1.1/../../../../arm-none-eabi/lib/libc.a(sysgettod.o)
 .glue_7t       0x0000d68c        0x0 /media/sda4/Documents/Visual Studio 2005/483/CMUCam/arm-2006q3/bin/../lib/gcc/arm-none-eabi/4.1.1/../../../../arm-none-eabi/lib/libc.a(tzlock.o)
 .glue_7t       0x0000d68c        0x0 /media/sda4/Documents/Visual Studio 2005/483/CMUCam/arm-2006q3/bin/../lib/gcc/arm-none-eabi/4.1.1/../../../../arm-none-eabi/lib/libc.a(tzvars.o)
 .glue_7t       0x0000d68c        0x0 /media/sda4/Documents/Visual Studio 2005/483/CMUCam/arm-2006q3/bin/../lib/gcc/arm-none-eabi/4.1.1/../../../../arm-none-eabi/lib/libc.a(u_strerr.o)
 .glue_7t       0x0000d68c        0x0 /media/sda4/Documents/Visual Studio 2005/483/CMUCam/arm-2006q3/bin/../lib/gcc/arm-none-eabi/4.1.1/../../../../arm-none-eabi/lib/libc.a(vfiprintf.o)
 .glue_7t       0x0000d68c        0x0 /media/sda4/Documents/Visual Studio 2005/483/CMUCam/arm-2006q3/bin/../lib/gcc/arm-none-eabi/4.1.1/../../../../arm-none-eabi/lib/libc.a(vfiscanf.o)
 .glue_7t       0x0000d68c        0x0 /media/sda4/Documents/Visual Studio 2005/483/CMUCam/arm-2006q3/bin/../lib/gcc/arm-none-eabi/4.1.1/../../../../arm-none-eabi/lib/libc.a(wcrtomb.o)
 .glue_7t       0x0000d68c        0x0 /media/sda4/Documents/Visual Studio 2005/483/CMUCam/arm-2006q3/bin/../lib/gcc/arm-none-eabi/4.1.1/../../../../arm-none-eabi/lib/libc.a(wcsrtombs.o)
 .glue_7t       0x0000d68c        0x0 /media/sda4/Documents/Visual Studio 2005/483/CMUCam/arm-2006q3/bin/../lib/gcc/arm-none-eabi/4.1.1/../../../../arm-none-eabi/lib/libc.a(wctomb_r.o)
 .glue_7t       0x0000d68c        0x0 /media/sda4/Documents/Visual Studio 2005/483/CMUCam/arm-2006q3/bin/../lib/gcc/arm-none-eabi/4.1.1/../../../../arm-none-eabi/lib/libc.a(writer.o)
 .glue_7t       0x0000d68c        0x0 /media/sda4/Documents/Visual Studio 2005/483/CMUCam/arm-2006q3/bin/../lib/gcc/arm-none-eabi/4.1.1/../../../../arm-none-eabi/lib/libc.a(wsetup.o)
 .glue_7t       0x0000d68c        0x0 /media/sda4/Documents/Visual Studio 2005/483/CMUCam/arm-2006q3/bin/../lib/gcc/arm-none-eabi/4.1.1/../../../../arm-none-eabi/lib/libc.a(__call_atexit.o)
 .glue_7t       0x0000d68c        0x0 /media/sda4/Documents/Visual Studio 2005/483/CMUCam/arm-2006q3/bin/../lib/gcc/arm-none-eabi/4.1.1/../../../../arm-none-eabi/lib/libc.a(closer.o)
 .glue_7t       0x0000d68c        0x0 /media/sda4/Documents/Visual Studio 2005/483/CMUCam/arm-2006q3/bin/../lib/gcc/arm-none-eabi/4.1.1/../../../../arm-none-eabi/lib/libc.a(flags.o)
 .glue_7t       0x0000d68c        0x0 /media/sda4/Documents/Visual Studio 2005/483/CMUCam/arm-2006q3/bin/../lib/gcc/arm-none-eabi/4.1.1/../../../../arm-none-eabi/lib/libc.a(fputc.o)
 .glue_7t       0x0000d68c        0x0 /media/sda4/Documents/Visual Studio 2005/483/CMUCam/arm-2006q3/bin/../lib/gcc/arm-none-eabi/4.1.1/../../../../arm-none-eabi/lib/libc.a(fputs.o)
 .glue_7t       0x0000d68c        0x0 /media/sda4/Documents/Visual Studio 2005/483/CMUCam/arm-2006q3/bin/../lib/gcc/arm-none-eabi/4.1.1/../../../../arm-none-eabi/lib/libc.a(fread.o)
 .glue_7t       0x0000d68c        0x0 /media/sda4/Documents/Visual Studio 2005/483/CMUCam/arm-2006q3/bin/../lib/gcc/arm-none-eabi/4.1.1/../../../../arm-none-eabi/lib/libc.a(fvwrite.o)
 .glue_7t       0x0000d68c        0x0 /media/sda4/Documents/Visual Studio 2005/483/CMUCam/arm-2006q3/bin/../lib/gcc/arm-none-eabi/4.1.1/../../../../arm-none-eabi/lib/libc.a(gettzinfo.o)
 .glue_7t       0x0000d68c        0x0 /media/sda4/Documents/Visual Studio 2005/483/CMUCam/arm-2006q3/bin/../lib/gcc/arm-none-eabi/4.1.1/../../../../arm-none-eabi/lib/libc.a(iswspace.o)
 .glue_7t       0x0000d68c        0x0 /media/sda4/Documents/Visual Studio 2005/483/CMUCam/arm-2006q3/bin/../lib/gcc/arm-none-eabi/4.1.1/../../../../arm-none-eabi/lib/libc.a(locale.o)
 .glue_7t       0x0000d68c        0x0 /media/sda4/Documents/Visual Studio 2005/483/CMUCam/arm-2006q3/bin/../lib/gcc/arm-none-eabi/4.1.1/../../../../arm-none-eabi/lib/libc.a(lseekr.o)
 .glue_7t       0x0000d68c        0x0 /media/sda4/Documents/Visual Studio 2005/483/CMUCam/arm-2006q3/bin/../lib/gcc/arm-none-eabi/4.1.1/../../../../arm-none-eabi/lib/libc.a(mbrtowc.o)
 .glue_7t       0x0000d68c        0x0 /media/sda4/Documents/Visual Studio 2005/483/CMUCam/arm-2006q3/bin/../lib/gcc/arm-none-eabi/4.1.1/../../../../arm-none-eabi/lib/libc.a(mbtowc_r.o)
 .glue_7t       0x0000d68c        0x0 /media/sda4/Documents/Visual Studio 2005/483/CMUCam/arm-2006q3/bin/../lib/gcc/arm-none-eabi/4.1.1/../../../../arm-none-eabi/lib/libc.a(memchr.o)
 .glue_7t       0x0000d68c        0x0 /media/sda4/Documents/Visual Studio 2005/483/CMUCam/arm-2006q3/bin/../lib/gcc/arm-none-eabi/4.1.1/../../../../arm-none-eabi/lib/libc.a(memmove.o)
 .glue_7t       0x0000d68c        0x0 /media/sda4/Documents/Visual Studio 2005/483/CMUCam/arm-2006q3/bin/../lib/gcc/arm-none-eabi/4.1.1/../../../../arm-none-eabi/lib/libc.a(readr.o)
 .glue_7t       0x0000d68c        0x0 /media/sda4/Documents/Visual Studio 2005/483/CMUCam/arm-2006q3/bin/../lib/gcc/arm-none-eabi/4.1.1/../../../../arm-none-eabi/lib/libc.a(reallocr.o)
 .glue_7t       0x0000d68c        0x0 /media/sda4/Documents/Visual Studio 2005/483/CMUCam/arm-2006q3/bin/../lib/gcc/arm-none-eabi/4.1.1/../../../../arm-none-eabi/lib/libc.a(sccl.o)
 .glue_7t       0x0000d68c        0x0 /media/sda4/Documents/Visual Studio 2005/483/CMUCam/arm-2006q3/bin/../lib/gcc/arm-none-eabi/4.1.1/../../../../arm-none-eabi/lib/libc.a(strcmp.o)
 .glue_7t       0x0000d68c        0x0 /media/sda4/Documents/Visual Studio 2005/483/CMUCam/arm-2006q3/bin/../lib/gcc/arm-none-eabi/4.1.1/../../../../arm-none-eabi/lib/libc.a(strtoll_r.o)
 .glue_7t       0x0000d68c        0x0 /media/sda4/Documents/Visual Studio 2005/483/CMUCam/arm-2006q3/bin/../lib/gcc/arm-none-eabi/4.1.1/../../../../arm-none-eabi/lib/libc.a(strtoul.o)
 .glue_7t       0x0000d68c        0x0 /media/sda4/Documents/Visual Studio 2005/483/CMUCam/arm-2006q3/bin/../lib/gcc/arm-none-eabi/4.1.1/../../../../arm-none-eabi/lib/libc.a(strtoull_r.o)
 .glue_7t       0x0000d68c        0x0 /media/sda4/Documents/Visual Studio 2005/483/CMUCam/arm-2006q3/bin/../lib/gcc/arm-none-eabi/4.1.1/../../../../arm-none-eabi/lib/libc.a(ungetc.o)
 .glue_7t       0x0000d68c        0x0 /media/sda4/Documents/Visual Studio 2005/483/CMUCam/arm-2006q3/bin/../lib/gcc/arm-none-eabi/4.1.1/../../../../arm-none-eabi/lib/libc.a(wbuf.o)
 .glue_7t       0x0000d68c        0x0 /media/sda4/Documents/Visual Studio 2005/483/CMUCam/arm-2006q3/bin/../lib/gcc/arm-none-eabi/4.1.1/libgcc.a(_aeabi_uldivmod.o)
 .glue_7t       0x0000d68c        0x0 /media/sda4/Documents/Visual Studio 2005/483/CMUCam/arm-2006q3/bin/../lib/gcc/arm-none-eabi/4.1.1/libgcc.a(bpabi.o)
 .glue_7t       0x0000d68c        0x0 /media/sda4/Documents/Visual Studio 2005/483/CMUCam/arm-2006q3/bin/../lib/gcc/arm-none-eabi/4.1.1/libgcc.a(_divdi3.o)
 .glue_7t       0x0000d68c        0x0 /media/sda4/Documents/Visual Studio 2005/483/CMUCam/arm-2006q3/bin/../lib/gcc/arm-none-eabi/4.1.1/libgcc.a(_udivdi3.o)
 .glue_7t       0x0000d68c        0x0 /media/sda4/Documents/Visual Studio 2005/483/CMUCam/arm-2006q3/bin/../lib/gcc/arm-none-eabi/4.1.1/libgcc.a(unwind-arm.o)
 .glue_7t       0x0000d68c        0x0 /media/sda4/Documents/Visual Studio 2005/483/CMUCam/arm-2006q3/bin/../lib/gcc/arm-none-eabi/4.1.1/libgcc.a(libunwind.o)
 .glue_7t       0x0000d68c        0x0 /media/sda4/Documents/Visual Studio 2005/483/CMUCam/arm-2006q3/bin/../lib/gcc/arm-none-eabi/4.1.1/libgcc.a(pr-support.o)
 .glue_7t       0x0000d68c        0x0 /media/sda4/Documents/Visual Studio 2005/483/CMUCam/arm-2006q3/bin/../lib/gcc/arm-none-eabi/4.1.1/libgcc.a(_clz.o)
 .glue_7t       0x0000d68c        0x0 /media/sda4/Documents/Visual Studio 2005/483/CMUCam/arm-2006q3/bin/../lib/gcc/arm-none-eabi/4.1.1/crtend.o
 .glue_7t       0x0000d68c        0x0 /media/sda4/Documents/Visual Studio 2005/483/CMUCam/arm-2006q3/bin/../lib/gcc/arm-none-eabi/4.1.1/crtn.o
 *(.glue_7)
 .glue_7        0x0000d68c        0x0 /media/sda4/Documents/Visual Studio 2005/483/CMUCam/arm-2006q3/bin/../lib/gcc/arm-none-eabi/4.1.1/crti.o
 .glue_7        0x0000d68c        0x0 /media/sda4/Documents/Visual Studio 2005/483/CMUCam/arm-2006q3/bin/../lib/gcc/arm-none-eabi/4.1.1/crtbegin.o
 .glue_7        0x0000d68c        0x0 lpc2106-cmucam3_buildfiles/main.o
 .glue_7        0x0000d68c        0x0 ../../lib/cc3-ilp/libcc3-ilp_lpc2106-cmucam3.a(cc3_ilp.o)
 .glue_7        0x0000d68c        0x0 ../../hal/lpc2106-cmucam3/libhal-lpc2106-cmucam3.a(interrupt.o)
 .glue_7        0x0000d68c        0x0 ../../hal/lpc2106-cmucam3/libhal-lpc2106-cmucam3.a(cc3.o)
 .glue_7        0x0000d68c        0x0 ../../hal/lpc2106-cmucam3/libhal-lpc2106-cmucam3.a(cc3_hal.o)
 .glue_7        0x0000d68c        0x0 ../../hal/lpc2106-cmucam3/libhal-lpc2106-cmucam3.a(syscalls.o)
 .glue_7        0x0000d68c        0x0 ../../hal/lpc2106-cmucam3/libhal-lpc2106-cmucam3.a(serial.o)
 .glue_7        0x0000d68c        0x0 ../../hal/lpc2106-cmucam3/libhal-lpc2106-cmucam3.a(servo.o)
 .glue_7        0x0000d68c        0x0 ../../hal/lpc2106-cmucam3/libhal-lpc2106-cmucam3.a(rdcf2.o)
 .glue_7        0x0000d68c        0x0 ../../hal/lpc2106-cmucam3/libhal-lpc2106-cmucam3.a(mmc_hardware.o)
 .glue_7        0x0000d68c        0x0 ../../hal/lpc2106-cmucam3/libhal-lpc2106-cmucam3.a(mmc_driver.o)
 .glue_7        0x0000d68c        0x0 ../../hal/lpc2106-cmucam3/libhal-lpc2106-cmucam3.a(gpio.o)
 .glue_7        0x0000d68c        0x0 ../../hal/lpc2106-cmucam3/libhal-lpc2106-cmucam3.a(devices.o)
 .glue_7        0x0000d68c        0x0 ../../hal/lpc2106-cmucam3/libhal-lpc2106-cmucam3.a(uart_driver.o)
 .glue_7        0x0000d68c        0x0 ../../hal/lpc2106-cmucam3/libhal-lpc2106-cmucam3.a(startup.o)
 .glue_7        0x0000d68c        0x0 /media/sda4/Documents/Visual Studio 2005/483/CMUCam/arm-2006q3/bin/../lib/gcc/arm-none-eabi/4.1.1/libgcc.a(_udivsi3.o)
 .glue_7        0x0000d68c        0x0 /media/sda4/Documents/Visual Studio 2005/483/CMUCam/arm-2006q3/bin/../lib/gcc/arm-none-eabi/4.1.1/libgcc.a(_divsi3.o)
 .glue_7        0x0000d68c        0x0 /media/sda4/Documents/Visual Studio 2005/483/CMUCam/arm-2006q3/bin/../lib/gcc/arm-none-eabi/4.1.1/libgcc.a(_dvmd_tls.o)
 .glue_7        0x0000d68c        0x0 /media/sda4/Documents/Visual Studio 2005/483/CMUCam/arm-2006q3/bin/../lib/gcc/arm-none-eabi/4.1.1/../../../../arm-none-eabi/lib/libc.a(calloc.o)
 .glue_7        0x0000d68c        0x0 /media/sda4/Documents/Visual Studio 2005/483/CMUCam/arm-2006q3/bin/../lib/gcc/arm-none-eabi/4.1.1/../../../../arm-none-eabi/lib/libc.a(callocr.o)
 .glue_7        0x0000d68c        0x0 /media/sda4/Documents/Visual Studio 2005/483/CMUCam/arm-2006q3/bin/../lib/gcc/arm-none-eabi/4.1.1/../../../../arm-none-eabi/lib/libc.a(ctype_.o)
 .glue_7        0x0000d68c        0x0 /media/sda4/Documents/Visual Studio 2005/483/CMUCam/arm-2006q3/bin/../lib/gcc/arm-none-eabi/4.1.1/../../../../arm-none-eabi/lib/libc.a(exit.o)
 .glue_7        0x0000d68c        0x0 /media/sda4/Documents/Visual Studio 2005/483/CMUCam/arm-2006q3/bin/../lib/gcc/arm-none-eabi/4.1.1/../../../../arm-none-eabi/lib/libc.a(fclose.o)
 .glue_7        0x0000d68c        0x0 /media/sda4/Documents/Visual Studio 2005/483/CMUCam/arm-2006q3/bin/../lib/gcc/arm-none-eabi/4.1.1/../../../../arm-none-eabi/lib/libc.a(fflush.o)
 .glue_7        0x0000d68c        0x0 /media/sda4/Documents/Visual Studio 2005/483/CMUCam/arm-2006q3/bin/../lib/gcc/arm-none-eabi/4.1.1/../../../../arm-none-eabi/lib/libc.a(fgetc.o)
 .glue_7        0x0000d68c        0x0 /media/sda4/Documents/Visual Studio 2005/483/CMUCam/arm-2006q3/bin/../lib/gcc/arm-none-eabi/4.1.1/../../../../arm-none-eabi/lib/libc.a(findfp.o)
 .glue_7        0x0000d68c        0x0 /media/sda4/Documents/Visual Studio 2005/483/CMUCam/arm-2006q3/bin/../lib/gcc/arm-none-eabi/4.1.1/../../../../arm-none-eabi/lib/libc.a(fiprintf.o)
 .glue_7        0x0000d68c        0x0 /media/sda4/Documents/Visual Studio 2005/483/CMUCam/arm-2006q3/bin/../lib/gcc/arm-none-eabi/4.1.1/../../../../arm-none-eabi/lib/libc.a(fopen.o)
 .glue_7        0x0000d68c        0x0 /media/sda4/Documents/Visual Studio 2005/483/CMUCam/arm-2006q3/bin/../lib/gcc/arm-none-eabi/4.1.1/../../../../arm-none-eabi/lib/libc.a(freer.o)
 .glue_7        0x0000d68c        0x0 /media/sda4/Documents/Visual Studio 2005/483/CMUCam/arm-2006q3/bin/../lib/gcc/arm-none-eabi/4.1.1/../../../../arm-none-eabi/lib/libc.a(fseek.o)
 .glue_7        0x0000d68c        0x0 /media/sda4/Documents/Visual Studio 2005/483/CMUCam/arm-2006q3/bin/../lib/gcc/arm-none-eabi/4.1.1/../../../../arm-none-eabi/lib/libc.a(fstatr.o)
 .glue_7        0x0000d68c        0x0 /media/sda4/Documents/Visual Studio 2005/483/CMUCam/arm-2006q3/bin/../lib/gcc/arm-none-eabi/4.1.1/../../../../arm-none-eabi/lib/libc.a(fwalk.o)
 .glue_7        0x0000d68c        0x0 /media/sda4/Documents/Visual Studio 2005/483/CMUCam/arm-2006q3/bin/../lib/gcc/arm-none-eabi/4.1.1/../../../../arm-none-eabi/lib/libc.a(impure.o)
 .glue_7        0x0000d68c        0x0 /media/sda4/Documents/Visual Studio 2005/483/CMUCam/arm-2006q3/bin/../lib/gcc/arm-none-eabi/4.1.1/../../../../arm-none-eabi/lib/libc.a(iprintf.o)
 .glue_7        0x0000d68c        0x0 /media/sda4/Documents/Visual Studio 2005/483/CMUCam/arm-2006q3/bin/../lib/gcc/arm-none-eabi/4.1.1/../../../../arm-none-eabi/lib/libc.a(iscanf.o)
 .glue_7        0x0000d68c        0x0 /media/sda4/Documents/Visual Studio 2005/483/CMUCam/arm-2006q3/bin/../lib/gcc/arm-none-eabi/4.1.1/../../../../arm-none-eabi/lib/libc.a(lcltime_r.o)
 .glue_7        0x0000d68c        0x0 /media/sda4/Documents/Visual Studio 2005/483/CMUCam/arm-2006q3/bin/../lib/gcc/arm-none-eabi/4.1.1/../../../../arm-none-eabi/lib/libc.a(makebuf.o)
 .glue_7        0x0000d68c        0x0 /media/sda4/Documents/Visual Studio 2005/483/CMUCam/arm-2006q3/bin/../lib/gcc/arm-none-eabi/4.1.1/../../../../arm-none-eabi/lib/libc.a(malloc.o)
 .glue_7        0x0000d68c        0x0 /media/sda4/Documents/Visual Studio 2005/483/CMUCam/arm-2006q3/bin/../lib/gcc/arm-none-eabi/4.1.1/../../../../arm-none-eabi/lib/libc.a(mallocr.o)
 .glue_7        0x0000d68c        0x0 /media/sda4/Documents/Visual Studio 2005/483/CMUCam/arm-2006q3/bin/../lib/gcc/arm-none-eabi/4.1.1/../../../../arm-none-eabi/lib/libc.a(memcmp.o)
 .glue_7        0x0000d68c        0x0 /media/sda4/Documents/Visual Studio 2005/483/CMUCam/arm-2006q3/bin/../lib/gcc/arm-none-eabi/4.1.1/../../../../arm-none-eabi/lib/libc.a(memcpy.o)
 .glue_7        0x0000d68c        0x0 /media/sda4/Documents/Visual Studio 2005/483/CMUCam/arm-2006q3/bin/../lib/gcc/arm-none-eabi/4.1.1/../../../../arm-none-eabi/lib/libc.a(memset.o)
 .glue_7        0x0000d68c        0x0 /media/sda4/Documents/Visual Studio 2005/483/CMUCam/arm-2006q3/bin/../lib/gcc/arm-none-eabi/4.1.1/../../../../arm-none-eabi/lib/libc.a(mktm_r.o)
 .glue_7        0x0000d68c        0x0 /media/sda4/Documents/Visual Studio 2005/483/CMUCam/arm-2006q3/bin/../lib/gcc/arm-none-eabi/4.1.1/../../../../arm-none-eabi/lib/libc.a(mlock.o)
 .glue_7        0x0000d68c        0x0 /media/sda4/Documents/Visual Studio 2005/483/CMUCam/arm-2006q3/bin/../lib/gcc/arm-none-eabi/4.1.1/../../../../arm-none-eabi/lib/libc.a(openr.o)
 .glue_7        0x0000d68c        0x0 /media/sda4/Documents/Visual Studio 2005/483/CMUCam/arm-2006q3/bin/../lib/gcc/arm-none-eabi/4.1.1/../../../../arm-none-eabi/lib/libc.a(perror.o)
 .glue_7        0x0000d68c        0x0 /media/sda4/Documents/Visual Studio 2005/483/CMUCam/arm-2006q3/bin/../lib/gcc/arm-none-eabi/4.1.1/../../../../arm-none-eabi/lib/libc.a(reent.o)
 .glue_7        0x0000d68c        0x0 /media/sda4/Documents/Visual Studio 2005/483/CMUCam/arm-2006q3/bin/../lib/gcc/arm-none-eabi/4.1.1/../../../../arm-none-eabi/lib/libc.a(refill.o)
 .glue_7        0x0000d68c        0x0 /media/sda4/Documents/Visual Studio 2005/483/CMUCam/arm-2006q3/bin/../lib/gcc/arm-none-eabi/4.1.1/../../../../arm-none-eabi/lib/libc.a(rget.o)
 .glue_7        0x0000d68c        0x0 /media/sda4/Documents/Visual Studio 2005/483/CMUCam/arm-2006q3/bin/../lib/gcc/arm-none-eabi/4.1.1/../../../../arm-none-eabi/lib/libc.a(sbrkr.o)
 .glue_7        0x0000d68c        0x0 /media/sda4/Documents/Visual Studio 2005/483/CMUCam/arm-2006q3/bin/../lib/gcc/arm-none-eabi/4.1.1/../../../../arm-none-eabi/lib/libc.a(setbuf.o)
 .glue_7        0x0000d68c        0x0 /media/sda4/Documents/Visual Studio 2005/483/CMUCam/arm-2006q3/bin/../lib/gcc/arm-none-eabi/4.1.1/../../../../arm-none-eabi/lib/libc.a(setjmp.o)
 .glue_7        0x0000d68c        0x0 /media/sda4/Documents/Visual Studio 2005/483/CMUCam/arm-2006q3/bin/../lib/gcc/arm-none-eabi/4.1.1/../../../../arm-none-eabi/lib/libc.a(setvbuf.o)
 .glue_7        0x0000d68c        0x0 /media/sda4/Documents/Visual Studio 2005/483/CMUCam/arm-2006q3/bin/../lib/gcc/arm-none-eabi/4.1.1/../../../../arm-none-eabi/lib/libc.a(sniprintf.o)
 .glue_7        0x0000d68c        0x0 /media/sda4/Documents/Visual Studio 2005/483/CMUCam/arm-2006q3/bin/../lib/gcc/arm-none-eabi/4.1.1/../../../../arm-none-eabi/lib/libc.a(stdio.o)
 .glue_7        0x0000d68c        0x0 /media/sda4/Documents/Visual Studio 2005/483/CMUCam/arm-2006q3/bin/../lib/gcc/arm-none-eabi/4.1.1/../../../../arm-none-eabi/lib/libc.a(strdup.o)
 .glue_7        0x0000d68c        0x0 /media/sda4/Documents/Visual Studio 2005/483/CMUCam/arm-2006q3/bin/../lib/gcc/arm-none-eabi/4.1.1/../../../../arm-none-eabi/lib/libc.a(strdup_r.o)
 .glue_7        0x0000d68c        0x0 /media/sda4/Documents/Visual Studio 2005/483/CMUCam/arm-2006q3/bin/../lib/gcc/arm-none-eabi/4.1.1/../../../../arm-none-eabi/lib/libc.a(strerror.o)
 .glue_7        0x0000d68c        0x0 /media/sda4/Documents/Visual Studio 2005/483/CMUCam/arm-2006q3/bin/../lib/gcc/arm-none-eabi/4.1.1/../../../../arm-none-eabi/lib/libc.a(strlen.o)
 .glue_7        0x0000d68c        0x0 /media/sda4/Documents/Visual Studio 2005/483/CMUCam/arm-2006q3/bin/../lib/gcc/arm-none-eabi/4.1.1/../../../../arm-none-eabi/lib/libc.a(strtol.o)
 .glue_7        0x0000d68c        0x0 /media/sda4/Documents/Visual Studio 2005/483/CMUCam/arm-2006q3/bin/../lib/gcc/arm-none-eabi/4.1.1/../../../../arm-none-eabi/lib/libc.a(sysgettod.o)
 .glue_7        0x0000d68c        0x0 /media/sda4/Documents/Visual Studio 2005/483/CMUCam/arm-2006q3/bin/../lib/gcc/arm-none-eabi/4.1.1/../../../../arm-none-eabi/lib/libc.a(tzlock.o)
 .glue_7        0x0000d68c        0x0 /media/sda4/Documents/Visual Studio 2005/483/CMUCam/arm-2006q3/bin/../lib/gcc/arm-none-eabi/4.1.1/../../../../arm-none-eabi/lib/libc.a(tzvars.o)
 .glue_7        0x0000d68c        0x0 /media/sda4/Documents/Visual Studio 2005/483/CMUCam/arm-2006q3/bin/../lib/gcc/arm-none-eabi/4.1.1/../../../../arm-none-eabi/lib/libc.a(u_strerr.o)
 .glue_7        0x0000d68c        0x0 /media/sda4/Documents/Visual Studio 2005/483/CMUCam/arm-2006q3/bin/../lib/gcc/arm-none-eabi/4.1.1/../../../../arm-none-eabi/lib/libc.a(vfiprintf.o)
 .glue_7        0x0000d68c        0x0 /media/sda4/Documents/Visual Studio 2005/483/CMUCam/arm-2006q3/bin/../lib/gcc/arm-none-eabi/4.1.1/../../../../arm-none-eabi/lib/libc.a(vfiscanf.o)
 .glue_7        0x0000d68c        0x0 /media/sda4/Documents/Visual Studio 2005/483/CMUCam/arm-2006q3/bin/../lib/gcc/arm-none-eabi/4.1.1/../../../../arm-none-eabi/lib/libc.a(wcrtomb.o)
 .glue_7        0x0000d68c        0x0 /media/sda4/Documents/Visual Studio 2005/483/CMUCam/arm-2006q3/bin/../lib/gcc/arm-none-eabi/4.1.1/../../../../arm-none-eabi/lib/libc.a(wcsrtombs.o)
 .glue_7        0x0000d68c        0x0 /media/sda4/Documents/Visual Studio 2005/483/CMUCam/arm-2006q3/bin/../lib/gcc/arm-none-eabi/4.1.1/../../../../arm-none-eabi/lib/libc.a(wctomb_r.o)
 .glue_7        0x0000d68c        0x0 /media/sda4/Documents/Visual Studio 2005/483/CMUCam/arm-2006q3/bin/../lib/gcc/arm-none-eabi/4.1.1/../../../../arm-none-eabi/lib/libc.a(writer.o)
 .glue_7        0x0000d68c        0x0 /media/sda4/Documents/Visual Studio 2005/483/CMUCam/arm-2006q3/bin/../lib/gcc/arm-none-eabi/4.1.1/../../../../arm-none-eabi/lib/libc.a(wsetup.o)
 .glue_7        0x0000d68c        0x0 /media/sda4/Documents/Visual Studio 2005/483/CMUCam/arm-2006q3/bin/../lib/gcc/arm-none-eabi/4.1.1/../../../../arm-none-eabi/lib/libc.a(__call_atexit.o)
 .glue_7        0x0000d68c        0x0 /media/sda4/Documents/Visual Studio 2005/483/CMUCam/arm-2006q3/bin/../lib/gcc/arm-none-eabi/4.1.1/../../../../arm-none-eabi/lib/libc.a(closer.o)
 .glue_7        0x0000d68c        0x0 /media/sda4/Documents/Visual Studio 2005/483/CMUCam/arm-2006q3/bin/../lib/gcc/arm-none-eabi/4.1.1/../../../../arm-none-eabi/lib/libc.a(flags.o)
 .glue_7        0x0000d68c        0x0 /media/sda4/Documents/Visual Studio 2005/483/CMUCam/arm-2006q3/bin/../lib/gcc/arm-none-eabi/4.1.1/../../../../arm-none-eabi/lib/libc.a(fputc.o)
 .glue_7        0x0000d68c        0x0 /media/sda4/Documents/Visual Studio 2005/483/CMUCam/arm-2006q3/bin/../lib/gcc/arm-none-eabi/4.1.1/../../../../arm-none-eabi/lib/libc.a(fputs.o)
 .glue_7        0x0000d68c        0x0 /media/sda4/Documents/Visual Studio 2005/483/CMUCam/arm-2006q3/bin/../lib/gcc/arm-none-eabi/4.1.1/../../../../arm-none-eabi/lib/libc.a(fread.o)
 .glue_7        0x0000d68c        0x0 /media/sda4/Documents/Visual Studio 2005/483/CMUCam/arm-2006q3/bin/../lib/gcc/arm-none-eabi/4.1.1/../../../../arm-none-eabi/lib/libc.a(fvwrite.o)
 .glue_7        0x0000d68c        0x0 /media/sda4/Documents/Visual Studio 2005/483/CMUCam/arm-2006q3/bin/../lib/gcc/arm-none-eabi/4.1.1/../../../../arm-none-eabi/lib/libc.a(gettzinfo.o)
 .glue_7        0x0000d68c        0x0 /media/sda4/Documents/Visual Studio 2005/483/CMUCam/arm-2006q3/bin/../lib/gcc/arm-none-eabi/4.1.1/../../../../arm-none-eabi/lib/libc.a(iswspace.o)
 .glue_7        0x0000d68c        0x0 /media/sda4/Documents/Visual Studio 2005/483/CMUCam/arm-2006q3/bin/../lib/gcc/arm-none-eabi/4.1.1/../../../../arm-none-eabi/lib/libc.a(locale.o)
 .glue_7        0x0000d68c        0x0 /media/sda4/Documents/Visual Studio 2005/483/CMUCam/arm-2006q3/bin/../lib/gcc/arm-none-eabi/4.1.1/../../../../arm-none-eabi/lib/libc.a(lseekr.o)
 .glue_7        0x0000d68c        0x0 /media/sda4/Documents/Visual Studio 2005/483/CMUCam/arm-2006q3/bin/../lib/gcc/arm-none-eabi/4.1.1/../../../../arm-none-eabi/lib/libc.a(mbrtowc.o)
 .glue_7        0x0000d68c        0x0 /media/sda4/Documents/Visual Studio 2005/483/CMUCam/arm-2006q3/bin/../lib/gcc/arm-none-eabi/4.1.1/../../../../arm-none-eabi/lib/libc.a(mbtowc_r.o)
 .glue_7        0x0000d68c        0x0 /media/sda4/Documents/Visual Studio 2005/483/CMUCam/arm-2006q3/bin/../lib/gcc/arm-none-eabi/4.1.1/../../../../arm-none-eabi/lib/libc.a(memchr.o)
 .glue_7        0x0000d68c        0x0 /media/sda4/Documents/Visual Studio 2005/483/CMUCam/arm-2006q3/bin/../lib/gcc/arm-none-eabi/4.1.1/../../../../arm-none-eabi/lib/libc.a(memmove.o)
 .glue_7        0x0000d68c        0x0 /media/sda4/Documents/Visual Studio 2005/483/CMUCam/arm-2006q3/bin/../lib/gcc/arm-none-eabi/4.1.1/../../../../arm-none-eabi/lib/libc.a(readr.o)
 .glue_7        0x0000d68c        0x0 /media/sda4/Documents/Visual Studio 2005/483/CMUCam/arm-2006q3/bin/../lib/gcc/arm-none-eabi/4.1.1/../../../../arm-none-eabi/lib/libc.a(reallocr.o)
 .glue_7        0x0000d68c        0x0 /media/sda4/Documents/Visual Studio 2005/483/CMUCam/arm-2006q3/bin/../lib/gcc/arm-none-eabi/4.1.1/../../../../arm-none-eabi/lib/libc.a(sccl.o)
 .glue_7        0x0000d68c        0x0 /media/sda4/Documents/Visual Studio 2005/483/CMUCam/arm-2006q3/bin/../lib/gcc/arm-none-eabi/4.1.1/../../../../arm-none-eabi/lib/libc.a(strcmp.o)
 .glue_7        0x0000d68c        0x0 /media/sda4/Documents/Visual Studio 2005/483/CMUCam/arm-2006q3/bin/../lib/gcc/arm-none-eabi/4.1.1/../../../../arm-none-eabi/lib/libc.a(strtoll_r.o)
 .glue_7        0x0000d68c        0x0 /media/sda4/Documents/Visual Studio 2005/483/CMUCam/arm-2006q3/bin/../lib/gcc/arm-none-eabi/4.1.1/../../../../arm-none-eabi/lib/libc.a(strtoul.o)
 .glue_7        0x0000d68c        0x0 /media/sda4/Documents/Visual Studio 2005/483/CMUCam/arm-2006q3/bin/../lib/gcc/arm-none-eabi/4.1.1/../../../../arm-none-eabi/lib/libc.a(strtoull_r.o)
 .glue_7        0x0000d68c        0x0 /media/sda4/Documents/Visual Studio 2005/483/CMUCam/arm-2006q3/bin/../lib/gcc/arm-none-eabi/4.1.1/../../../../arm-none-eabi/lib/libc.a(ungetc.o)
 .glue_7        0x0000d68c        0x0 /media/sda4/Documents/Visual Studio 2005/483/CMUCam/arm-2006q3/bin/../lib/gcc/arm-none-eabi/4.1.1/../../../../arm-none-eabi/lib/libc.a(wbuf.o)
 .glue_7        0x0000d68c        0x0 /media/sda4/Documents/Visual Studio 2005/483/CMUCam/arm-2006q3/bin/../lib/gcc/arm-none-eabi/4.1.1/libgcc.a(_aeabi_uldivmod.o)
 .glue_7        0x0000d68c        0x0 /media/sda4/Documents/Visual Studio 2005/483/CMUCam/arm-2006q3/bin/../lib/gcc/arm-none-eabi/4.1.1/libgcc.a(bpabi.o)
 .glue_7        0x0000d68c        0x0 /media/sda4/Documents/Visual Studio 2005/483/CMUCam/arm-2006q3/bin/../lib/gcc/arm-none-eabi/4.1.1/libgcc.a(_divdi3.o)
 .glue_7        0x0000d68c        0x0 /media/sda4/Documents/Visual Studio 2005/483/CMUCam/arm-2006q3/bin/../lib/gcc/arm-none-eabi/4.1.1/libgcc.a(_udivdi3.o)
 .glue_7        0x0000d68c        0x0 /media/sda4/Documents/Visual Studio 2005/483/CMUCam/arm-2006q3/bin/../lib/gcc/arm-none-eabi/4.1.1/libgcc.a(unwind-arm.o)
 .glue_7        0x0000d68c        0x0 /media/sda4/Documents/Visual Studio 2005/483/CMUCam/arm-2006q3/bin/../lib/gcc/arm-none-eabi/4.1.1/libgcc.a(libunwind.o)
 .glue_7        0x0000d68c        0x0 /media/sda4/Documents/Visual Studio 2005/483/CMUCam/arm-2006q3/bin/../lib/gcc/arm-none-eabi/4.1.1/libgcc.a(pr-support.o)
 .glue_7        0x0000d68c        0x0 /media/sda4/Documents/Visual Studio 2005/483/CMUCam/arm-2006q3/bin/../lib/gcc/arm-none-eabi/4.1.1/libgcc.a(_clz.o)
 .glue_7        0x0000d68c        0x0 /media/sda4/Documents/Visual Studio 2005/483/CMUCam/arm-2006q3/bin/../lib/gcc/arm-none-eabi/4.1.1/crtend.o
 .glue_7        0x0000d68c        0x0 /media/sda4/Documents/Visual Studio 2005/483/CMUCam/arm-2006q3/bin/../lib/gcc/arm-none-eabi/4.1.1/crtn.o
 *(.vfp11_veneer)
 *(.rodata .rodata.* .gnu.linkonce.r.*)
 .rodata.str1.4
                0x0000d68c      0x295 lpc2106-cmucam3_buildfiles/main.o
                                0x29c (size before relaxing)
 *fill*         0x0000d921        0x3 00
 .rodata.str1.4
                0x0000d924       0x2b ../../hal/lpc2106-cmucam3/libhal-lpc2106-cmucam3.a(interrupt.o)
                                 0x2c (size before relaxing)
 *fill*         0x0000d94f        0x1 00
 .rodata.str1.4
                0x0000d950        0xb ../../hal/lpc2106-cmucam3/libhal-lpc2106-cmucam3.a(serial.o)
                                 0x10 (size before relaxing)
 *fill*         0x0000d95b        0x1 00
 .rodata._cc3_servo_map
                0x0000d95c       0x10 ../../hal/lpc2106-cmucam3/libhal-lpc2106-cmucam3.a(servo.o)
                0x0000d95c                _cc3_servo_map
 .rodata.table.2227
                0x0000d96c       0x20 ../../hal/lpc2106-cmucam3/libhal-lpc2106-cmucam3.a(rdcf2.o)
 .rodata.cmdReset
                0x0000d98c        0x6 ../../hal/lpc2106-cmucam3/libhal-lpc2106-cmucam3.a(mmc_hardware.o)
 .rodata.cmdInitCard
                0x0000d992        0x6 ../../hal/lpc2106-cmucam3/libhal-lpc2106-cmucam3.a(mmc_hardware.o)
 .rodata.cmdSetBlock
                0x0000d998        0x6 ../../hal/lpc2106-cmucam3/libhal-lpc2106-cmucam3.a(mmc_hardware.o)
 *fill*         0x0000d99e        0x2 00
 .rodata._cc3_mmc_driver
                0x0000d9a0       0x2c ../../hal/lpc2106-cmucam3/libhal-lpc2106-cmucam3.a(mmc_driver.o)
                0x0000d9a0                _cc3_mmc_driver
 .rodata._cc3_uart_driver
                0x0000d9cc       0x2c ../../hal/lpc2106-cmucam3/libhal-lpc2106-cmucam3.a(uart_driver.o)
                0x0000d9cc                _cc3_uart_driver
 .rodata        0x0000d9f8      0x101 /media/sda4/Documents/Visual Studio 2005/483/CMUCam/arm-2006q3/bin/../lib/gcc/arm-none-eabi/4.1.1/../../../../arm-none-eabi/lib/libc.a(ctype_.o)
                0x0000d9f8                _ctype_
 *fill*         0x0000daf9        0x3 00
 .rodata        0x0000dafc        0x4 /media/sda4/Documents/Visual Studio 2005/483/CMUCam/arm-2006q3/bin/../lib/gcc/arm-none-eabi/4.1.1/../../../../arm-none-eabi/lib/libc.a(impure.o)
                0x0000dafc                _global_impure_ptr
 .rodata.str1.4
                0x0000db00        0x2 /media/sda4/Documents/Visual Studio 2005/483/CMUCam/arm-2006q3/bin/../lib/gcc/arm-none-eabi/4.1.1/../../../../arm-none-eabi/lib/libc.a(impure.o)
                                  0x4 (size before relaxing)
 *fill*         0x0000db02        0x2 00
 .rodata        0x0000db04       0x68 /media/sda4/Documents/Visual Studio 2005/483/CMUCam/arm-2006q3/bin/../lib/gcc/arm-none-eabi/4.1.1/../../../../arm-none-eabi/lib/libc.a(mktm_r.o)
 .rodata.str1.4
                0x0000db6c        0x3 /media/sda4/Documents/Visual Studio 2005/483/CMUCam/arm-2006q3/bin/../lib/gcc/arm-none-eabi/4.1.1/../../../../arm-none-eabi/lib/libc.a(perror.o)
                                  0x4 (size before relaxing)
 *fill*         0x0000db6f        0x1 00
 .rodata.str1.4
                0x0000db70      0x7a2 /media/sda4/Documents/Visual Studio 2005/483/CMUCam/arm-2006q3/bin/../lib/gcc/arm-none-eabi/4.1.1/../../../../arm-none-eabi/lib/libc.a(strerror.o)
                                0x7a8 (size before relaxing)
 *fill*         0x0000e312        0x2 00
 .rodata.str1.4
                0x0000e314       0x4b /media/sda4/Documents/Visual Studio 2005/483/CMUCam/arm-2006q3/bin/../lib/gcc/arm-none-eabi/4.1.1/../../../../arm-none-eabi/lib/libc.a(vfiprintf.o)
                                 0x4c (size before relaxing)
 .rodata        0x0000e35f       0x20 /media/sda4/Documents/Visual Studio 2005/483/CMUCam/arm-2006q3/bin/../lib/gcc/arm-none-eabi/4.1.1/../../../../arm-none-eabi/lib/libc.a(vfiprintf.o)
 *fill*         0x0000e37f        0x1 00
 .rodata        0x0000e380       0x22 /media/sda4/Documents/Visual Studio 2005/483/CMUCam/arm-2006q3/bin/../lib/gcc/arm-none-eabi/4.1.1/../../../../arm-none-eabi/lib/libc.a(vfiscanf.o)
 *fill*         0x0000e3a2        0x2 00
 .rodata.str1.4
                0x0000e3a4       0x20 /media/sda4/Documents/Visual Studio 2005/483/CMUCam/arm-2006q3/bin/../lib/gcc/arm-none-eabi/4.1.1/../../../../arm-none-eabi/lib/libc.a(wctomb_r.o)
 .rodata.str1.4
                0x00000000        0x4 /media/sda4/Documents/Visual Studio 2005/483/CMUCam/arm-2006q3/bin/../lib/gcc/arm-none-eabi/4.1.1/../../../../arm-none-eabi/lib/libc.a(mbrtowc.o)
 .rodata        0x0000e3c4      0x100 /media/sda4/Documents/Visual Studio 2005/483/CMUCam/arm-2006q3/bin/../lib/gcc/arm-none-eabi/4.1.1/libgcc.a(_clz.o)
                0x0000e3c4                __clz_tab
 *(.ARM.extab* .gnu.linkonce.armextab.*)
 *(.gcc_except_table)
 *(.eh_frame_hdr)
 *(.eh_frame)
 .eh_frame      0x0000e4c4        0x0 /media/sda4/Documents/Visual Studio 2005/483/CMUCam/arm-2006q3/bin/../lib/gcc/arm-none-eabi/4.1.1/crtbegin.o
                0x0000e4c4                . = ALIGN (0x4)
 *(.init)
 .init          0x0000e4c4        0xc /media/sda4/Documents/Visual Studio 2005/483/CMUCam/arm-2006q3/bin/../lib/gcc/arm-none-eabi/4.1.1/crti.o
                0x0000e4c4                _init
 .init          0x0000e4d0        0xc /media/sda4/Documents/Visual Studio 2005/483/CMUCam/arm-2006q3/bin/../lib/gcc/arm-none-eabi/4.1.1/crtn.o
                0x0000e4dc                . = ALIGN (0x4)
                0x0000e4dc                __preinit_array_start = .
 *(.preinit_array)
                0x0000e4dc                __preinit_array_end = .
                0x0000e4dc                . = ALIGN (0x4)
                0x0000e4dc                __init_array_start = .
 *(SORT(.init_array.*))
 *(.init_array)
 .init_array    0x0000e4dc        0x4 /media/sda4/Documents/Visual Studio 2005/483/CMUCam/arm-2006q3/bin/../lib/gcc/arm-none-eabi/4.1.1/crtbegin.o
                0x0000e4e0                __init_array_end = .
                0x0000e4e0                . = ALIGN (0x4)
 *crtbegin.o(.ctors)
 *(EXCLUDE_FILE(*crtend.o) .ctors)
 *(SORT(.ctors.*))
 *crtend.o(.ctors)
                0x0000e4e0                . = ALIGN (0x4)
 *(.fini)
 .fini          0x0000e4e0        0xc /media/sda4/Documents/Visual Studio 2005/483/CMUCam/arm-2006q3/bin/../lib/gcc/arm-none-eabi/4.1.1/crti.o
                0x0000e4e0                _fini
 .fini          0x0000e4ec        0xc /media/sda4/Documents/Visual Studio 2005/483/CMUCam/arm-2006q3/bin/../lib/gcc/arm-none-eabi/4.1.1/crtn.o
                0x0000e4f8                . = ALIGN (0x4)
                0x0000e4f8                __fini_array_start = .
 *(.fini_array)
 .fini_array    0x0000e4f8        0x4 /media/sda4/Documents/Visual Studio 2005/483/CMUCam/arm-2006q3/bin/../lib/gcc/arm-none-eabi/4.1.1/crtbegin.o
 *(SORT(.fini_array.*))
                0x0000e4fc                __fini_array_end = .
 *crtbegin.o(.dtors)
 *(EXCLUDE_FILE(*crtend.o) .dtors)
 *(SORT(.dtors.*))
 *crtend.o(.dtors)
                0x0000e4fc                __exidx_start = .

.ARM.exidx
 *(.ARM.exidx* .gnu.linkonce.armexidx.*)
                0x0000e4fc                __exidx_end = .

.text.align     0x0000e4fc        0x4
                0x0000e500                . = ALIGN (0x8)
 *fill*         0x0000e4fc        0x4 00
                0x0000e500                _etext = .

.stack          0x40000000     0x2400
                0x40002400                . = (. + STACK_SIZE)
 *fill*         0x40000000     0x2400 00
                0x40002400                _stack = .

.data           0x40002400      0x880 load address 0x0000e500
                0x40002400                _data = .
 *(.jcr)
 .jcr           0x40002400        0x0 /media/sda4/Documents/Visual Studio 2005/483/CMUCam/arm-2006q3/bin/../lib/gcc/arm-none-eabi/4.1.1/crtbegin.o
 .jcr           0x40002400        0x4 /media/sda4/Documents/Visual Studio 2005/483/CMUCam/arm-2006q3/bin/../lib/gcc/arm-none-eabi/4.1.1/crtend.o
 *(.got.plt)
 *(.got)
 *(.shdata)
 *(.data .data.* .gnu.linkonce.d.*)
 .data.servo_val
                0x40002404        0x4 ../../hal/lpc2106-cmucam3/libhal-lpc2106-cmucam3.a(servo.o)
 .data.device_driver_table
                0x40002408        0x8 ../../hal/lpc2106-cmucam3/libhal-lpc2106-cmucam3.a(devices.o)
 .data          0x40002410        0x4 /media/sda4/Documents/Visual Studio 2005/483/CMUCam/arm-2006q3/bin/../lib/gcc/arm-none-eabi/4.1.1/../../../../arm-none-eabi/lib/libc.a(ctype_.o)
                0x40002410                __ctype_ptr
 *fill*         0x40002414        0x4 00
 .data          0x40002418      0x408 /media/sda4/Documents/Visual Studio 2005/483/CMUCam/arm-2006q3/bin/../lib/gcc/arm-none-eabi/4.1.1/../../../../arm-none-eabi/lib/libc.a(impure.o)
                0x40002418                _impure_ptr
 .data          0x40002820      0x410 /media/sda4/Documents/Visual Studio 2005/483/CMUCam/arm-2006q3/bin/../lib/gcc/arm-none-eabi/4.1.1/../../../../arm-none-eabi/lib/libc.a(mallocr.o)
                0x40002c2c                __malloc_sbrk_base
                0x40002820                __malloc_av_
                0x40002c28                __malloc_trim_threshold
 .data          0x40002c30       0x40 /media/sda4/Documents/Visual Studio 2005/483/CMUCam/arm-2006q3/bin/../lib/gcc/arm-none-eabi/4.1.1/../../../../arm-none-eabi/lib/libc.a(gettzinfo.o)
 .data          0x40002c70       0x10 /media/sda4/Documents/Visual Studio 2005/483/CMUCam/arm-2006q3/bin/../lib/gcc/arm-none-eabi/4.1.1/../../../../arm-none-eabi/lib/libc.a(locale.o)
                0x40002c70                __mb_cur_max
                0x40002c74                __lc_ctype
 *(.ram)
                0x40002c80                . = ALIGN (0x8)
                0x40002c80                _edata = .

.bss            0x40002c80       0xd8
                0x40002c80                _bss = .
 *(.shbss)
 *(.bss .bss.* .gnu.linkonce.b.*)
 .bss           0x40002c80       0x1c /media/sda4/Documents/Visual Studio 2005/483/CMUCam/arm-2006q3/bin/../lib/gcc/arm-none-eabi/4.1.1/crtbegin.o
 .bss._cc3_g_current_camera_state
                0x40002c9c        0xa ../../hal/lpc2106-cmucam3/libhal-lpc2106-cmucam3.a(cc3.o)
 .bss._cc3_second_green
                0x40002ca6        0x1 ../../hal/lpc2106-cmucam3/libhal-lpc2106-cmucam3.a(cc3.o)
 .bss._cc3_second_green_valid
                0x40002ca7        0x1 ../../hal/lpc2106-cmucam3/libhal-lpc2106-cmucam3.a(cc3.o)
 .bss.heap_ptr  0x40002ca8        0x4 ../../hal/lpc2106-cmucam3/libhal-lpc2106-cmucam3.a(syscalls.o)
 .bss.started.1882
                0x40002cac        0x1 ../../hal/lpc2106-cmucam3/libhal-lpc2106-cmucam3.a(serial.o)
 .bss.servo_tmp
                0x40002cad        0x4 ../../hal/lpc2106-cmucam3/libhal-lpc2106-cmucam3.a(servo.o)
 *fill*         0x40002cb1        0x3 00
 .bss.servo_mask
                0x40002cb4        0x4 ../../hal/lpc2106-cmucam3/libhal-lpc2106-cmucam3.a(servo.o)
 .bss.fcbs      0x40002cb8       0x14 ../../hal/lpc2106-cmucam3/libhal-lpc2106-cmucam3.a(mmc_driver.o)
 .bss           0x40002ccc       0x34 /media/sda4/Documents/Visual Studio 2005/483/CMUCam/arm-2006q3/bin/../lib/gcc/arm-none-eabi/4.1.1/../../../../arm-none-eabi/lib/libc.a(mallocr.o)
                0x40002ccc                __malloc_top_pad
                0x40002cd0                __malloc_max_sbrked_mem
                0x40002cd8                __malloc_current_mallinfo
                0x40002cd4                __malloc_max_total_mem
 .bss           0x40002d00        0x8 /media/sda4/Documents/Visual Studio 2005/483/CMUCam/arm-2006q3/bin/../lib/gcc/arm-none-eabi/4.1.1/../../../../arm-none-eabi/lib/libc.a(tzvars.o)
                0x40002d00                _daylight
                0x40002d04                _timezone
 *(COMMON)
 COMMON         0x40002d08        0x1 ../../hal/lpc2106-cmucam3/libhal-lpc2106-cmucam3.a(interrupt.o)
                0x40002d08                _cc3_button_trigger
 *fill*         0x40002d09        0x1 00
 COMMON         0x40002d0a       0x1b ../../hal/lpc2106-cmucam3/libhal-lpc2106-cmucam3.a(cc3.o)
                0x40002d0a                cc3_g_pixbuf_frame
                0x40002d22                cc3_g_current_pixel
 COMMON         0x40002d25        0x2 ../../hal/lpc2106-cmucam3/libhal-lpc2106-cmucam3.a(serial.o)
                0x40002d25                _cc3_uart1_binmode
                0x40002d26                _cc3_uart0_binmode
 *fill*         0x40002d27        0x1 00
 COMMON         0x40002d28       0x28 ../../hal/lpc2106-cmucam3/libhal-lpc2106-cmucam3.a(mmc_hardware.o)
                0x40002d28                DriveDesc
 COMMON         0x40002d50        0x4 /media/sda4/Documents/Visual Studio 2005/483/CMUCam/arm-2006q3/bin/../lib/gcc/arm-none-eabi/4.1.1/../../../../arm-none-eabi/lib/libc.a(reent.o)
                0x40002d50                errno
 *(.ram.b)
                0x40002d58                . = ALIGN (0x8)
 *fill*         0x40002d54        0x4 00
                0x40002d58                _end = .
                0x40002d58                __end = .
                0x40010000                _heap_end = 0x40010000

.stab
 *(.stab)

.stabstr
 *(.stabstr)

.debug
 *(.debug)

.line
 *(.line)

.debug_srcinfo
 *(.debug_srcinfo)

.debug_sfnames
 *(.debug_sfnames)

.debug_aranges  0x00000000      0x6e0
 *(.debug_aranges)
 .debug_aranges
                0x00000000       0x28 lpc2106-cmucam3_buildfiles/main.o
 .debug_aranges
                0x00000028       0x38 ../../lib/cc3-ilp/libcc3-ilp_lpc2106-cmucam3.a(cc3_ilp.o)
 .debug_aranges
                0x00000060       0x80 ../../hal/lpc2106-cmucam3/libhal-lpc2106-cmucam3.a(interrupt.o)
 .debug_aranges
                0x000000e0      0x100 ../../hal/lpc2106-cmucam3/libhal-lpc2106-cmucam3.a(cc3.o)
 .debug_aranges
                0x000001e0       0x50 ../../hal/lpc2106-cmucam3/libhal-lpc2106-cmucam3.a(cc3_hal.o)
 .debug_aranges
                0x00000230       0xc8 ../../hal/lpc2106-cmucam3/libhal-lpc2106-cmucam3.a(syscalls.o)
 .debug_aranges
                0x000002f8       0x90 ../../hal/lpc2106-cmucam3/libhal-lpc2106-cmucam3.a(serial.o)
 .debug_aranges
                0x00000388       0x48 ../../hal/lpc2106-cmucam3/libhal-lpc2106-cmucam3.a(servo.o)
 .debug_aranges
                0x000003d0      0x110 ../../hal/lpc2106-cmucam3/libhal-lpc2106-cmucam3.a(rdcf2.o)
 .debug_aranges
                0x000004e0       0x70 ../../hal/lpc2106-cmucam3/libhal-lpc2106-cmucam3.a(mmc_hardware.o)
 .debug_aranges
                0x00000550       0x78 ../../hal/lpc2106-cmucam3/libhal-lpc2106-cmucam3.a(mmc_driver.o)
 .debug_aranges
                0x000005c8       0x40 ../../hal/lpc2106-cmucam3/libhal-lpc2106-cmucam3.a(gpio.o)
 .debug_aranges
                0x00000608       0x48 ../../hal/lpc2106-cmucam3/libhal-lpc2106-cmucam3.a(devices.o)
 .debug_aranges
                0x00000650       0x70 ../../hal/lpc2106-cmucam3/libhal-lpc2106-cmucam3.a(uart_driver.o)
 .debug_aranges
                0x000006c0       0x20 ../../hal/lpc2106-cmucam3/libhal-lpc2106-cmucam3.a(startup.o)

.debug_pubnames
                0x00000000      0xa04
 *(.debug_pubnames)
 .debug_pubnames
                0x00000000       0x1b lpc2106-cmucam3_buildfiles/main.o
 .debug_pubnames
                0x0000001b       0x4c ../../lib/cc3-ilp/libcc3-ilp_lpc2106-cmucam3.a(cc3_ilp.o)
 .debug_pubnames
                0x00000067      0x113 ../../hal/lpc2106-cmucam3/libhal-lpc2106-cmucam3.a(interrupt.o)
 .debug_pubnames
                0x0000017a      0x2cc ../../hal/lpc2106-cmucam3/libhal-lpc2106-cmucam3.a(cc3.o)
 .debug_pubnames
                0x00000446       0x97 ../../hal/lpc2106-cmucam3/libhal-lpc2106-cmucam3.a(cc3_hal.o)
 .debug_pubnames
                0x000004dd       0xf0 ../../hal/lpc2106-cmucam3/libhal-lpc2106-cmucam3.a(syscalls.o)
 .debug_pubnames
                0x000005cd      0x140 ../../hal/lpc2106-cmucam3/libhal-lpc2106-cmucam3.a(serial.o)
 .debug_pubnames
                0x0000070d       0x8e ../../hal/lpc2106-cmucam3/libhal-lpc2106-cmucam3.a(servo.o)
 .debug_pubnames
                0x0000079b       0x93 ../../hal/lpc2106-cmucam3/libhal-lpc2106-cmucam3.a(rdcf2.o)
 .debug_pubnames
                0x0000082e       0x75 ../../hal/lpc2106-cmucam3/libhal-lpc2106-cmucam3.a(mmc_hardware.o)
 .debug_pubnames
                0x000008a3       0x26 ../../hal/lpc2106-cmucam3/libhal-lpc2106-cmucam3.a(mmc_driver.o)
 .debug_pubnames
                0x000008c9       0x6d ../../hal/lpc2106-cmucam3/libhal-lpc2106-cmucam3.a(gpio.o)
 .debug_pubnames
                0x00000936       0xa7 ../../hal/lpc2106-cmucam3/libhal-lpc2106-cmucam3.a(devices.o)
 .debug_pubnames
                0x000009dd       0x27 ../../hal/lpc2106-cmucam3/libhal-lpc2106-cmucam3.a(uart_driver.o)

.debug_info     0x00000000     0x759a
 *(.debug_info .gnu.linkonce.wi.*)
 .debug_info    0x00000000      0xc78 lpc2106-cmucam3_buildfiles/main.o
 .debug_info    0x00000c78      0x1fa ../../lib/cc3-ilp/libcc3-ilp_lpc2106-cmucam3.a(cc3_ilp.o)
 .debug_info    0x00000e72      0x1e5 ../../hal/lpc2106-cmucam3/libhal-lpc2106-cmucam3.a(interrupt.o)
 .debug_info    0x00001057     0x1526 ../../hal/lpc2106-cmucam3/libhal-lpc2106-cmucam3.a(cc3.o)
 .debug_info    0x0000257d      0x137 ../../hal/lpc2106-cmucam3/libhal-lpc2106-cmucam3.a(cc3_hal.o)
 .debug_info    0x000026b4      0xa82 ../../hal/lpc2106-cmucam3/libhal-lpc2106-cmucam3.a(syscalls.o)