Archive member included because of file (symbol)

../../lib/cc3-ilp/libcc3-ilp_lpc2106-cmucam3.a(cc3_color_track.o)
                              lpc2106-cmucam3_buildfiles/cmucam2.o (cc3_track_color_scanline_start)
../../lib/cc3-ilp/libcc3-ilp_lpc2106-cmucam3.a(cc3_color_info.o)
                              lpc2106-cmucam3_buildfiles/cmucam2.o (cc3_color_info_scanline_start)
../../lib/cc3-ilp/libcc3-ilp_lpc2106-cmucam3.a(cc3_jpg.o)
                              lpc2106-cmucam3_buildfiles/cmucam2.o (cc3_jpeg_send_simple)
../../lib/cc3-ilp/libcc3-ilp_lpc2106-cmucam3.a(cc3_histogram.o)
                              lpc2106-cmucam3_buildfiles/cmucam2.o (cc3_histogram_scanline_start)
../../lib/cc3-ilp/libcc3-ilp_lpc2106-cmucam3.a(cc3_frame_diff.o)
                              lpc2106-cmucam3_buildfiles/cmucam2.o (cc3_frame_diff_scanline_start)
../../lib/cc3-ilp/libcc3-ilp_lpc2106-cmucam3.a(cc3_hsv.o)
                              lpc2106-cmucam3_buildfiles/cmucam2.o (cc3_rgb2hsv_row)
../../lib/cc3-ilp/libcc3-ilp_lpc2106-cmucam3.a(cc3_ilp.o)
                              ../../lib/cc3-ilp/libcc3-ilp_lpc2106-cmucam3.a(cc3_color_track.o) (cc3_get_pixel)
../../lib/jpeg-6b/libjpeg-6b_lpc2106-cmucam3.a(jcapimin.o)
                              ../../lib/cc3-ilp/libcc3-ilp_lpc2106-cmucam3.a(cc3_jpg.o) (jpeg_finish_compress)
../../lib/jpeg-6b/libjpeg-6b_lpc2106-cmucam3.a(jcapistd.o)
                              ../../lib/cc3-ilp/libcc3-ilp_lpc2106-cmucam3.a(cc3_jpg.o) (jpeg_write_scanlines)
../../lib/jpeg-6b/libjpeg-6b_lpc2106-cmucam3.a(jcinit.o)
                              ../../lib/jpeg-6b/libjpeg-6b_lpc2106-cmucam3.a(jcapistd.o) (jinit_compress_master)
../../lib/jpeg-6b/libjpeg-6b_lpc2106-cmucam3.a(jcmainct.o)
                              ../../lib/jpeg-6b/libjpeg-6b_lpc2106-cmucam3.a(jcinit.o) (jinit_c_main_controller)
../../lib/jpeg-6b/libjpeg-6b_lpc2106-cmucam3.a(jcmarker.o)
                              ../../lib/jpeg-6b/libjpeg-6b_lpc2106-cmucam3.a(jcapimin.o) (jinit_marker_writer)
../../lib/jpeg-6b/libjpeg-6b_lpc2106-cmucam3.a(jcmaster.o)
                              ../../lib/jpeg-6b/libjpeg-6b_lpc2106-cmucam3.a(jcinit.o) (jinit_c_master_control)
../../lib/jpeg-6b/libjpeg-6b_lpc2106-cmucam3.a(jcomapi.o)
                              ../../lib/jpeg-6b/libjpeg-6b_lpc2106-cmucam3.a(jcapimin.o) (jpeg_abort)
../../lib/jpeg-6b/libjpeg-6b_lpc2106-cmucam3.a(jcparam.o)
                              ../../lib/cc3-ilp/libcc3-ilp_lpc2106-cmucam3.a(cc3_jpg.o) (jpeg_set_quality)
../../lib/jpeg-6b/libjpeg-6b_lpc2106-cmucam3.a(jcprepct.o)
                              ../../lib/jpeg-6b/libjpeg-6b_lpc2106-cmucam3.a(jcinit.o) (jinit_c_prep_controller)
../../lib/jpeg-6b/libjpeg-6b_lpc2106-cmucam3.a(jcsample.o)
                              ../../lib/jpeg-6b/libjpeg-6b_lpc2106-cmucam3.a(jcinit.o) (jinit_downsampler)
../../lib/jpeg-6b/libjpeg-6b_lpc2106-cmucam3.a(jdatadst.o)
                              ../../lib/cc3-ilp/libcc3-ilp_lpc2106-cmucam3.a(cc3_jpg.o) (jpeg_stdio_dest)
../../lib/jpeg-6b/libjpeg-6b_lpc2106-cmucam3.a(jerror.o)
                              ../../lib/cc3-ilp/libcc3-ilp_lpc2106-cmucam3.a(cc3_jpg.o) (jpeg_std_error)
../../lib/jpeg-6b/libjpeg-6b_lpc2106-cmucam3.a(jutils.o)
                              ../../lib/jpeg-6b/libjpeg-6b_lpc2106-cmucam3.a(jcmaster.o) (jdiv_round_up)
../../lib/jpeg-6b/libjpeg-6b_lpc2106-cmucam3.a(jmemmgr.o)
                              ../../lib/jpeg-6b/libjpeg-6b_lpc2106-cmucam3.a(jcapimin.o) (jinit_memory_mgr)
../../lib/jpeg-6b/libjpeg-6b_lpc2106-cmucam3.a(jmemnobs.o)
                              ../../lib/jpeg-6b/libjpeg-6b_lpc2106-cmucam3.a(jmemmgr.o) (jpeg_mem_available)
../../lib/jpeg-6b/libjpeg-6b_lpc2106-cmucam3.a(jccoefct.o)
                              ../../lib/jpeg-6b/libjpeg-6b_lpc2106-cmucam3.a(jcinit.o) (jinit_c_coef_controller)
../../lib/jpeg-6b/libjpeg-6b_lpc2106-cmucam3.a(jccolor.o)
                              ../../lib/jpeg-6b/libjpeg-6b_lpc2106-cmucam3.a(jcinit.o) (jinit_color_converter)
../../lib/jpeg-6b/libjpeg-6b_lpc2106-cmucam3.a(jcdctmgr.o)
                              ../../lib/jpeg-6b/libjpeg-6b_lpc2106-cmucam3.a(jcinit.o) (jinit_forward_dct)
../../lib/jpeg-6b/libjpeg-6b_lpc2106-cmucam3.a(jchuff.o)
                              ../../lib/jpeg-6b/libjpeg-6b_lpc2106-cmucam3.a(jcinit.o) (jinit_huff_encoder)
../../lib/jpeg-6b/libjpeg-6b_lpc2106-cmucam3.a(jfdctint.o)
                              ../../lib/jpeg-6b/libjpeg-6b_lpc2106-cmucam3.a(jcdctmgr.o) (jpeg_fdct_islow)
../../hal/lpc2106-cmucam3/libhal-lpc2106-cmucam3.a(interrupt.o)
                              (--whole-archive)
../../hal/lpc2106-cmucam3/libhal-lpc2106-cmucam3.a(cc3.o)
                              (--whole-archive)
../../hal/lpc2106-cmucam3/libhal-lpc2106-cmucam3.a(cc3_hal.o)
                              (--whole-archive)
../../hal/lpc2106-cmucam3/libhal-lpc2106-cmucam3.a(syscalls.o)
                              (--whole-archive)
[...]
Memory Configuration

Name             Origin             Length             Attributes
ROM              0x00000000         0x0001e000         xr
RAM              0x40000000         0x00010000         rw
*default*        0x00000000         0xffffffff

Linker script and memory map

LOAD /media/sda4/Documents/Visual Studio 2005/483/CMUCam/arm-2006q3/bin/../lib/gcc/arm-none-eabi/4.1.1/crti.o
LOAD /media/sda4/Documents/Visual Studio 2005/483/CMUCam/arm-2006q3/bin/../lib/gcc/arm-none-eabi/4.1.1/crtbegin.o
LOAD lpc2106-cmucam3_buildfiles/cmucam2.o
LOAD ../../lib/cc3-ilp/libcc3-ilp_lpc2106-cmucam3.a
LOAD ../../lib/jpeg-6b/libjpeg-6b_lpc2106-cmucam3.a
LOAD ../../hal/lpc2106-cmucam3/libhal-lpc2106-cmucam3.a
LOAD /media/sda4/Documents/Visual Studio 2005/483/CMUCam/arm-2006q3/bin/../lib/gcc/arm-none-eabi/4.1.1/../../../../arm-none-eabi/lib/libm.a
START GROUP
LOAD /media/sda4/Documents/Visual Studio 2005/483/CMUCam/arm-2006q3/bin/../lib/gcc/arm-none-eabi/4.1.1/libgcc.a
LOAD /media/sda4/Documents/Visual Studio 2005/483/CMUCam/arm-2006q3/bin/../lib/gcc/arm-none-eabi/4.1.1/../../../../arm-none-eabi/lib/libc.a
END GROUP
                0x00002400                STACK_SIZE = 0x2400

.text           0x00000000    0x1476c
 *(.boot)
 .boot          0x00000000      0x140 ../../hal/lpc2106-cmucam3/libhal-lpc2106-cmucam3.a(startup.o)
                0x00000000                _boot
                0x0000006c                _mainCRTStartup
                0x0000006c                _start
                0x0000006c                start
 *(.text .text.* .gnu.linkonce.t.*)
 .text          0x00000140       0xa4 /media/sda4/Documents/Visual Studio 2005/483/CMUCam/arm-2006q3/bin/../lib/gcc/arm-none-eabi/4.1.1/crtbegin.o
 .text.print_cr
                0x000001e4       0x30 lpc2106-cmucam3_buildfiles/cmucam2.o
 .text.print_ACK
                0x00000214       0x30 lpc2106-cmucam3_buildfiles/cmucam2.o
 .text.raw_print
                0x00000244      0x118 lpc2106-cmucam3_buildfiles/cmucam2.o
 .text.cmucam2_write_t_packet
                0x0000035c      0x284 lpc2106-cmucam3_buildfiles/cmucam2.o
 .text.cmucam2_get_command
                0x000005e0      0x1dc lpc2106-cmucam3_buildfiles/cmucam2.o
 .text.cmucam2_track_color
                0x000007bc      0xccc lpc2106-cmucam3_buildfiles/cmucam2.o
 .text.cmucam2_get_mean
                0x00001488      0x36c lpc2106-cmucam3_buildfiles/cmucam2.o
 .text.main     0x000017f4     0x1e04 lpc2106-cmucam3_buildfiles/cmucam2.o
                0x000017f4                main
 .text.cc3_track_color_scanline_start
                0x000035f8       0x74 ../../lib/cc3-ilp/libcc3-ilp_lpc2106-cmucam3.a(cc3_color_track.o)
                0x000035f8                cc3_track_color_scanline_start
 .text.cc3_track_color_scanline_finish
                0x0000366c       0x98 ../../lib/cc3-ilp/libcc3-ilp_lpc2106-cmucam3.a(cc3_color_track.o)
                0x0000366c                cc3_track_color_scanline_finish
 .text.cc3_track_color_scanline
                0x00003704      0x20c ../../lib/cc3-ilp/libcc3-ilp_lpc2106-cmucam3.a(cc3_color_track.o)
                0x00003704                cc3_track_color_scanline
 .text.cc3_color_info_scanline_start
                0x00003910       0x5c ../../lib/cc3-ilp/libcc3-ilp_lpc2106-cmucam3.a(cc3_color_info.o)
                0x00003910                cc3_color_info_scanline_start
 .text.cc3_color_info_scanline_finish
                0x0000396c       0x64 ../../lib/cc3-ilp/libcc3-ilp_lpc2106-cmucam3.a(cc3_color_info.o)
                0x0000396c                cc3_color_info_scanline_finish
 .text.cc3_color_info_scanline
                0x000039d0      0x15c ../../lib/cc3-ilp/libcc3-ilp_lpc2106-cmucam3.a(cc3_color_info.o)
                0x000039d0                cc3_color_info_scanline
 .text.cc3_jpeg_send_simple
                0x00003b2c      0x128 ../../lib/cc3-ilp/libcc3-ilp_lpc2106-cmucam3.a(cc3_jpg.o)
                0x00003b2c                cc3_jpeg_send_simple
 .text.cc3_histogram_scanline_start
                0x00003c54       0x7c ../../lib/cc3-ilp/libcc3-ilp_lpc2106-cmucam3.a(cc3_histogram.o)
                0x00003c54                cc3_histogram_scanline_start
 .text.cc3_histogram_scanline_finish
                0x00003cd0        0x8 ../../lib/cc3-ilp/libcc3-ilp_lpc2106-cmucam3.a(cc3_histogram.o)
                0x00003cd0                cc3_histogram_scanline_finish
 .text.cc3_histogram_scanline
                0x00003cd8       0xf4 ../../lib/cc3-ilp/libcc3-ilp_lpc2106-cmucam3.a(cc3_histogram.o)
                0x00003cd8                cc3_histogram_scanline
 .text.cc3_frame_diff_scanline_start
                0x00003dcc       0xf0 ../../lib/cc3-ilp/libcc3-ilp_lpc2106-cmucam3.a(cc3_frame_diff.o)
                0x00003dcc                cc3_frame_diff_scanline_start
 .text.cc3_frame_diff_scanline_finish
                0x00003ebc      0x1d8 ../../lib/cc3-ilp/libcc3-ilp_lpc2106-cmucam3.a(cc3_frame_diff.o)
                0x00003ebc                cc3_frame_diff_scanline_finish
 .text.cc3_frame_diff_scanline
                0x00004094      0x130 ../../lib/cc3-ilp/libcc3-ilp_lpc2106-cmucam3.a(cc3_frame_diff.o)
                0x00004094                cc3_frame_diff_scanline
 .text.cc3_rgb2hsv_row
                0x000041c4      0x198 ../../lib/cc3-ilp/libcc3-ilp_lpc2106-cmucam3.a(cc3_hsv.o)
                0x000041c4                cc3_rgb2hsv_row
 .text.cc3_get_pixel
                0x0000435c       0x88 ../../lib/cc3-ilp/libcc3-ilp_lpc2106-cmucam3.a(cc3_ilp.o)
                0x0000435c                cc3_get_pixel
 .text.jpeg_suppress_tables
                0x000043e4       0x60 ../../lib/jpeg-6b/libjpeg-6b_lpc2106-cmucam3.a(jcapimin.o)
                0x000043e4                jpeg_suppress_tables
 .text.jpeg_finish_compress
                0x00004444      0x180 ../../lib/jpeg-6b/libjpeg-6b_lpc2106-cmucam3.a(jcapimin.o)
                0x00004444                jpeg_finish_compress
 .text.jpeg_destroy_compress
                0x000045c4       0x18 ../../lib/jpeg-6b/libjpeg-6b_lpc2106-cmucam3.a(jcapimin.o)
                0x000045c4                jpeg_destroy_compress
 .text.jpeg_CreateCompress
                0x000045dc      0x120 ../../lib/jpeg-6b/libjpeg-6b_lpc2106-cmucam3.a(jcapimin.o)
                0x000045dc                jpeg_CreateCompress
 .text.jpeg_write_scanlines
                0x000046fc      0x114 ../../lib/jpeg-6b/libjpeg-6b_lpc2106-cmucam3.a(jcapistd.o)
                0x000046fc                jpeg_write_scanlines
 .text.jpeg_start_compress
                0x00004810       0xc4 ../../lib/jpeg-6b/libjpeg-6b_lpc2106-cmucam3.a(jcapistd.o)
                0x00004810                jpeg_start_compress
 .text.jinit_compress_master
                0x000048d4      0x124 ../../lib/jpeg-6b/libjpeg-6b_lpc2106-cmucam3.a(jcinit.o)
                0x000048d4                jinit_compress_master
 .text.start_pass_main
                0x000049f8       0x64 ../../lib/jpeg-6b/libjpeg-6b_lpc2106-cmucam3.a(jcmainct.o)
 .text.process_data_simple_main
                0x00004a5c      0x118 ../../lib/jpeg-6b/libjpeg-6b_lpc2106-cmucam3.a(jcmainct.o)
 .text.jinit_c_main_controller
                0x00004b74       0xd0 ../../lib/jpeg-6b/libjpeg-6b_lpc2106-cmucam3.a(jcmainct.o)
                0x00004b74                jinit_c_main_controller
 .text.emit_byte
                0x00004c44       0x64 ../../lib/jpeg-6b/libjpeg-6b_lpc2106-cmucam3.a(jcmarker.o)
 .text.emit_marker
                0x00004ca8       0x2c ../../lib/jpeg-6b/libjpeg-6b_lpc2106-cmucam3.a(jcmarker.o)
 .text.emit_2bytes
                0x00004cd4       0x34 ../../lib/jpeg-6b/libjpeg-6b_lpc2106-cmucam3.a(jcmarker.o)
 .text.emit_dqt
                0x00004d08      0x11c ../../lib/jpeg-6b/libjpeg-6b_lpc2106-cmucam3.a(jcmarker.o)
 .text.emit_dht
                0x00004e24      0x100 ../../lib/jpeg-6b/libjpeg-6b_lpc2106-cmucam3.a(jcmarker.o)
 .text.emit_sof
                0x00004f24       0xfc ../../lib/jpeg-6b/libjpeg-6b_lpc2106-cmucam3.a(jcmarker.o)
 .text.write_marker_header
                0x00005020       0x54 ../../lib/jpeg-6b/libjpeg-6b_lpc2106-cmucam3.a(jcmarker.o)
 .text.write_marker_byte
                0x00005074        0x4 ../../lib/jpeg-6b/libjpeg-6b_lpc2106-cmucam3.a(jcmarker.o)
 .text.write_file_header
                0x00005078      0x18c ../../lib/jpeg-6b/libjpeg-6b_lpc2106-cmucam3.a(jcmarker.o)
 .text.write_frame_header
                0x00005204      0x16c ../../lib/jpeg-6b/libjpeg-6b_lpc2106-cmucam3.a(jcmarker.o)
 .text.write_scan_header
                0x00005370      0x1e4 ../../lib/jpeg-6b/libjpeg-6b_lpc2106-cmucam3.a(jcmarker.o)
 .text.write_file_trailer
                0x00005554        0x8 ../../lib/jpeg-6b/libjpeg-6b_lpc2106-cmucam3.a(jcmarker.o)
 .text.write_tables_only
                0x0000555c       0xa0 ../../lib/jpeg-6b/libjpeg-6b_lpc2106-cmucam3.a(jcmarker.o)
 .text.jinit_marker_writer
                0x000055fc       0x84 ../../lib/jpeg-6b/libjpeg-6b_lpc2106-cmucam3.a(jcmarker.o)
                0x000055fc                jinit_marker_writer
 .text.select_scan_parameters
                0x00005680       0xa4 ../../lib/jpeg-6b/libjpeg-6b_lpc2106-cmucam3.a(jcmaster.o)
 .text.pass_startup
                0x00005724       0x40 ../../lib/jpeg-6b/libjpeg-6b_lpc2106-cmucam3.a(jcmaster.o)
 .text.finish_pass_master
                0x00005764       0x8c ../../lib/jpeg-6b/libjpeg-6b_lpc2106-cmucam3.a(jcmaster.o)
 .text.per_scan_setup
                0x000057f0      0x1f0 ../../lib/jpeg-6b/libjpeg-6b_lpc2106-cmucam3.a(jcmaster.o)
 .text.prepare_for_pass
                0x000059e0      0x1e4 ../../lib/jpeg-6b/libjpeg-6b_lpc2106-cmucam3.a(jcmaster.o)
 .text.jinit_c_master_control
                0x00005bc4      0x34c ../../lib/jpeg-6b/libjpeg-6b_lpc2106-cmucam3.a(jcmaster.o)
                0x00005bc4                jinit_c_master_control
 .text.jpeg_abort
                0x00005f10       0x4c ../../lib/jpeg-6b/libjpeg-6b_lpc2106-cmucam3.a(jcomapi.o)
                0x00005f10                jpeg_abort
 .text.jpeg_destroy
                0x00005f5c       0x30 ../../lib/jpeg-6b/libjpeg-6b_lpc2106-cmucam3.a(jcomapi.o)
                0x00005f5c                jpeg_destroy
 .text.jpeg_alloc_quant_table
                0x00005f8c       0x34 ../../lib/jpeg-6b/libjpeg-6b_lpc2106-cmucam3.a(jcomapi.o)
                0x00005f8c                jpeg_alloc_quant_table
 .text.jpeg_alloc_huff_table
                0x00005fc0       0x34 ../../lib/jpeg-6b/libjpeg-6b_lpc2106-cmucam3.a(jcomapi.o)
                0x00005fc0                jpeg_alloc_huff_table
 .text.jpeg_quality_scaling
                0x00005ff4       0x5c ../../lib/jpeg-6b/libjpeg-6b_lpc2106-cmucam3.a(jcparam.o)
                0x00005ff4                jpeg_quality_scaling
 .text.jpeg_set_colorspace
                0x00006050      0x37c ../../lib/jpeg-6b/libjpeg-6b_lpc2106-cmucam3.a(jcparam.o)
                0x00006050                jpeg_set_colorspace
 .text.jpeg_default_colorspace
                0x000063cc       0xa4 ../../lib/jpeg-6b/libjpeg-6b_lpc2106-cmucam3.a(jcparam.o)
                0x000063cc                jpeg_default_colorspace
 .text.add_huff_table
                0x00006470       0xac ../../lib/jpeg-6b/libjpeg-6b_lpc2106-cmucam3.a(jcparam.o)
 .text.jpeg_add_quant_table
                0x0000651c      0x130 ../../lib/jpeg-6b/libjpeg-6b_lpc2106-cmucam3.a(jcparam.o)
                0x0000651c                jpeg_add_quant_table
 .text.jpeg_set_linear_quality
                0x0000664c       0x54 ../../lib/jpeg-6b/libjpeg-6b_lpc2106-cmucam3.a(jcparam.o)
                0x0000664c                jpeg_set_linear_quality
 .text.jpeg_set_quality
                0x000066a0       0x30 ../../lib/jpeg-6b/libjpeg-6b_lpc2106-cmucam3.a(jcparam.o)
                0x000066a0                jpeg_set_quality
 .text.jpeg_set_defaults
                0x000066d0      0x174 ../../lib/jpeg-6b/libjpeg-6b_lpc2106-cmucam3.a(jcparam.o)
                0x000066d0                jpeg_set_defaults
 .text.start_pass_prep
                0x00006844       0x48 ../../lib/jpeg-6b/libjpeg-6b_lpc2106-cmucam3.a(jcprepct.o)
 .text.jinit_c_prep_controller
                0x0000688c      0x110 ../../lib/jpeg-6b/libjpeg-6b_lpc2106-cmucam3.a(jcprepct.o)
                0x0000688c                jinit_c_prep_controller
 .text.expand_bottom_edge
                0x0000699c       0x60 ../../lib/jpeg-6b/libjpeg-6b_lpc2106-cmucam3.a(jcprepct.o)
 .text.pre_process_data
                0x000069fc      0x1d8 ../../lib/jpeg-6b/libjpeg-6b_lpc2106-cmucam3.a(jcprepct.o)
 .text.start_pass_downsample
                0x00006bd4        0x4 ../../lib/jpeg-6b/libjpeg-6b_lpc2106-cmucam3.a(jcsample.o)
 .text.expand_right_edge
                0x00006bd8       0x50 ../../lib/jpeg-6b/libjpeg-6b_lpc2106-cmucam3.a(jcsample.o)
 .text.sep_downsample
                0x00006c28       0x90 ../../lib/jpeg-6b/libjpeg-6b_lpc2106-cmucam3.a(jcsample.o)
 .text.int_downsample
                0x00006cb8      0x154 ../../lib/jpeg-6b/libjpeg-6b_lpc2106-cmucam3.a(jcsample.o)
 .text.h2v1_downsample
                0x00006e0c       0xa8 ../../lib/jpeg-6b/libjpeg-6b_lpc2106-cmucam3.a(jcsample.o)
 .text.h2v2_downsample
                0x00006eb4       0xbc ../../lib/jpeg-6b/libjpeg-6b_lpc2106-cmucam3.a(jcsample.o)
 .text.jinit_downsampler
                0x00006f70      0x168 ../../lib/jpeg-6b/libjpeg-6b_lpc2106-cmucam3.a(jcsample.o)
                0x00006f70                jinit_downsampler
 .text.fullsize_downsample
                0x000070d8       0x58 ../../lib/jpeg-6b/libjpeg-6b_lpc2106-cmucam3.a(jcsample.o)
 .text.init_destination
                0x00007130       0x34 ../../lib/jpeg-6b/libjpeg-6b_lpc2106-cmucam3.a(jdatadst.o)
 .text.jpeg_stdio_dest
                0x00007164       0x74 ../../lib/jpeg-6b/libjpeg-6b_lpc2106-cmucam3.a(jdatadst.o)
                0x00007164                jpeg_stdio_dest
 .text.empty_output_buffer
                0x000071d8       0x60 ../../lib/jpeg-6b/libjpeg-6b_lpc2106-cmucam3.a(jdatadst.o)
 .text.term_destination
                0x00007238       0x8c ../../lib/jpeg-6b/libjpeg-6b_lpc2106-cmucam3.a(jdatadst.o)
 .text.emit_message
                0x000072c4       0x68 ../../lib/jpeg-6b/libjpeg-6b_lpc2106-cmucam3.a(jerror.o)
 .text.reset_error_mgr
                0x0000732c       0x14 ../../lib/jpeg-6b/libjpeg-6b_lpc2106-cmucam3.a(jerror.o)
 .text.jpeg_std_error
                0x00007340       0x70 ../../lib/jpeg-6b/libjpeg-6b_lpc2106-cmucam3.a(jerror.o)
                0x00007340                jpeg_std_error
 .text.format_message
                0x000073b0      0x104 ../../lib/jpeg-6b/libjpeg-6b_lpc2106-cmucam3.a(jerror.o)
 .text.output_message
                0x000074b4       0x4c ../../lib/jpeg-6b/libjpeg-6b_lpc2106-cmucam3.a(jerror.o)
 .text.error_exit
                0x00007500       0x28 ../../lib/jpeg-6b/libjpeg-6b_lpc2106-cmucam3.a(jerror.o)
 .text.jdiv_round_up
                0x00007528       0x20 ../../lib/jpeg-6b/libjpeg-6b_lpc2106-cmucam3.a(jutils.o)
                0x00007528                jdiv_round_up
 .text.jzero_far
                0x00007548       0x20 ../../lib/jpeg-6b/libjpeg-6b_lpc2106-cmucam3.a(jutils.o)
                0x00007548                jzero_far
 .text.jcopy_sample_rows
                0x00007568       0x58 ../../lib/jpeg-6b/libjpeg-6b_lpc2106-cmucam3.a(jutils.o)
                0x00007568                jcopy_sample_rows
 .text.out_of_memory
                0x000075c0       0x30 ../../lib/jpeg-6b/libjpeg-6b_lpc2106-cmucam3.a(jmemmgr.o)
 .text.do_sarray_io
                0x000075f0      0x140 ../../lib/jpeg-6b/libjpeg-6b_lpc2106-cmucam3.a(jmemmgr.o)
 .text.do_barray_io
                0x00007730      0x144 ../../lib/jpeg-6b/libjpeg-6b_lpc2106-cmucam3.a(jmemmgr.o)
 .text.alloc_small
                0x00007874      0x1a4 ../../lib/jpeg-6b/libjpeg-6b_lpc2106-cmucam3.a(jmemmgr.o)
 .text.request_virt_barray
                0x00007a18       0x84 ../../lib/jpeg-6b/libjpeg-6b_lpc2106-cmucam3.a(jmemmgr.o)
 .text.request_virt_sarray
                0x00007a9c       0x84 ../../lib/jpeg-6b/libjpeg-6b_lpc2106-cmucam3.a(jmemmgr.o)
 .text.jinit_memory_mgr
                0x00007b20      0x128 ../../lib/jpeg-6b/libjpeg-6b_lpc2106-cmucam3.a(jmemmgr.o)
                0x00007b20                jinit_memory_mgr
 .text.free_pool
                0x00007c48      0x1a0 ../../lib/jpeg-6b/libjpeg-6b_lpc2106-cmucam3.a(jmemmgr.o)
 .text.self_destruct
                0x00007de8       0x54 ../../lib/jpeg-6b/libjpeg-6b_lpc2106-cmucam3.a(jmemmgr.o)
 .text.access_virt_barray
                0x00007e3c      0x224 ../../lib/jpeg-6b/libjpeg-6b_lpc2106-cmucam3.a(jmemmgr.o)
 .text.access_virt_sarray
                0x00008060      0x220 ../../lib/jpeg-6b/libjpeg-6b_lpc2106-cmucam3.a(jmemmgr.o)
 .text.alloc_large
                0x00008280       0xc4 ../../lib/jpeg-6b/libjpeg-6b_lpc2106-cmucam3.a(jmemmgr.o)
 .text.alloc_barray
                0x00008344       0xe0 ../../lib/jpeg-6b/libjpeg-6b_lpc2106-cmucam3.a(jmemmgr.o)
 .text.alloc_sarray
                0x00008424       0xe0 ../../lib/jpeg-6b/libjpeg-6b_lpc2106-cmucam3.a(jmemmgr.o)
 .text.realize_virt_arrays
                0x00008504      0x25c ../../lib/jpeg-6b/libjpeg-6b_lpc2106-cmucam3.a(jmemmgr.o)
 .text.jpeg_mem_available
                0x00008760        0x8 ../../lib/jpeg-6b/libjpeg-6b_lpc2106-cmucam3.a(jmemnobs.o)
                0x00008760                jpeg_mem_available
 .text.jpeg_open_backing_store
                0x00008768       0x2c ../../lib/jpeg-6b/libjpeg-6b_lpc2106-cmucam3.a(jmemnobs.o)
                0x00008768                jpeg_open_backing_store
 .text.jpeg_mem_init
                0x00008794        0x8 ../../lib/jpeg-6b/libjpeg-6b_lpc2106-cmucam3.a(jmemnobs.o)
                0x00008794                jpeg_mem_init
 .text.jpeg_mem_term
                0x0000879c        0x4 ../../lib/jpeg-6b/libjpeg-6b_lpc2106-cmucam3.a(jmemnobs.o)
                0x0000879c                jpeg_mem_term
 .text.jpeg_free_large
                0x000087a0       0x1c ../../lib/jpeg-6b/libjpeg-6b_lpc2106-cmucam3.a(jmemnobs.o)
                0x000087a0                jpeg_free_large
 .text.jpeg_free_small
                0x000087bc       0x1c ../../lib/jpeg-6b/libjpeg-6b_lpc2106-cmucam3.a(jmemnobs.o)
                0x000087bc                jpeg_free_small
 .text.jpeg_get_large
                0x000087d8       0x1c ../../lib/jpeg-6b/libjpeg-6b_lpc2106-cmucam3.a(jmemnobs.o)
                0x000087d8                jpeg_get_large
 .text.jpeg_get_small
                0x000087f4       0x1c ../../lib/jpeg-6b/libjpeg-6b_lpc2106-cmucam3.a(jmemnobs.o)
                0x000087f4                jpeg_get_small
 .text.start_iMCU_row
                0x00008810       0x60 ../../lib/jpeg-6b/libjpeg-6b_lpc2106-cmucam3.a(jccoefct.o)
 .text.start_pass_coef
                0x00008870       0x78 ../../lib/jpeg-6b/libjpeg-6b_lpc2106-cmucam3.a(jccoefct.o)
 .text.jinit_c_coef_controller
                0x000088e8       0xa8 ../../lib/jpeg-6b/libjpeg-6b_lpc2106-cmucam3.a(jccoefct.o)
                0x000088e8                jinit_c_coef_controller
 .text.compress_data
                0x00008990      0x2dc ../../lib/jpeg-6b/libjpeg-6b_lpc2106-cmucam3.a(jccoefct.o)
 .text.rgb_ycc_start
                0x00008c6c       0xd0 ../../lib/jpeg-6b/libjpeg-6b_lpc2106-cmucam3.a(jccolor.o)
 .text.rgb_ycc_convert
                0x00008d3c      0x138 ../../lib/jpeg-6b/libjpeg-6b_lpc2106-cmucam3.a(jccolor.o)
 .text.rgb_gray_convert
                0x00008e74       0xa0 ../../lib/jpeg-6b/libjpeg-6b_lpc2106-cmucam3.a(jccolor.o)
 .text.cmyk_ycck_convert
                0x00008f14      0x150 ../../lib/jpeg-6b/libjpeg-6b_lpc2106-cmucam3.a(jccolor.o)
 .text.grayscale_convert
                0x00009064       0x64 ../../lib/jpeg-6b/libjpeg-6b_lpc2106-cmucam3.a(jccolor.o)
 .text.null_convert
                0x000090c8       0x88 ../../lib/jpeg-6b/libjpeg-6b_lpc2106-cmucam3.a(jccolor.o)
 .text.null_method
                0x00009150        0x4 ../../lib/jpeg-6b/libjpeg-6b_lpc2106-cmucam3.a(jccolor.o)
 .text.jinit_color_converter
                0x00009154      0x308 ../../lib/jpeg-6b/libjpeg-6b_lpc2106-cmucam3.a(jccolor.o)
                0x00009154                jinit_color_converter
 .text.start_pass_fdctmgr
                0x0000945c      0x134 ../../lib/jpeg-6b/libjpeg-6b_lpc2106-cmucam3.a(jcdctmgr.o)
 .text.forward_DCT
                0x00009590      0x1a4 ../../lib/jpeg-6b/libjpeg-6b_lpc2106-cmucam3.a(jcdctmgr.o)
 .text.jinit_forward_dct
                0x00009734       0x9c ../../lib/jpeg-6b/libjpeg-6b_lpc2106-cmucam3.a(jcdctmgr.o)
                0x00009734                jinit_forward_dct
 .text.dump_buffer
                0x000097d0       0x48 ../../lib/jpeg-6b/libjpeg-6b_lpc2106-cmucam3.a(jchuff.o)
 .text.jinit_huff_encoder
                0x00009818       0x58 ../../lib/jpeg-6b/libjpeg-6b_lpc2106-cmucam3.a(jchuff.o)
                0x00009818                jinit_huff_encoder
 .text.jpeg_make_c_derived_tbl
                0x00009870      0x2f8 ../../lib/jpeg-6b/libjpeg-6b_lpc2106-cmucam3.a(jchuff.o)
                0x00009870                jpeg_make_c_derived_tbl
 .text.start_pass_huff
                0x00009b68      0x104 ../../lib/jpeg-6b/libjpeg-6b_lpc2106-cmucam3.a(jchuff.o)
 .text.flush_bits
                0x00009c6c       0xe0 ../../lib/jpeg-6b/libjpeg-6b_lpc2106-cmucam3.a(jchuff.o)
 .text.finish_pass_huff
                0x00009d4c       0xa0 ../../lib/jpeg-6b/libjpeg-6b_lpc2106-cmucam3.a(jchuff.o)
 .text.encode_mcu_huff
                0x00009dec      0x91c ../../lib/jpeg-6b/libjpeg-6b_lpc2106-cmucam3.a(jchuff.o)
 .text.jpeg_fdct_islow
                0x0000a708      0x944 ../../lib/jpeg-6b/libjpeg-6b_lpc2106-cmucam3.a(jfdctint.o)
                0x0000a708                jpeg_fdct_islow
 .text.disable_ext_interrupt
                0x0000b04c       0x2c ../../hal/lpc2106-cmucam3/libhal-lpc2106-cmucam3.a(interrupt.o)
                0x0000b04c                disable_ext_interrupt
 .text.enable_ext_interrupt
                0x0000b078       0x20 ../../hal/lpc2106-cmucam3/libhal-lpc2106-cmucam3.a(interrupt.o)
                0x0000b078                enable_ext_interrupt
 .text.enable_servo_interrupt
                0x0000b098       0x10 ../../hal/lpc2106-cmucam3/libhal-lpc2106-cmucam3.a(interrupt.o)
                0x0000b098                enable_servo_interrupt
 .text.disable_servo_interrupt
                0x0000b0a8       0x10 ../../hal/lpc2106-cmucam3/libhal-lpc2106-cmucam3.a(interrupt.o)
                0x0000b0a8                disable_servo_interrupt
 .text.enable_button_interrupt
                0x0000b0b8       0x28 ../../hal/lpc2106-cmucam3/libhal-lpc2106-cmucam3.a(interrupt.o)
                0x0000b0b8                enable_button_interrupt
 .text.disable_button_interrupt
                0x0000b0e0       0x30 ../../hal/lpc2106-cmucam3/libhal-lpc2106-cmucam3.a(interrupt.o)
                0x0000b0e0                disable_button_interrupt
 .text.panic_blink
                0x0000b110       0x70 ../../hal/lpc2106-cmucam3/libhal-lpc2106-cmucam3.a(interrupt.o)
 .text.data_abort
                0x0000b180       0x2c ../../hal/lpc2106-cmucam3/libhal-lpc2106-cmucam3.a(interrupt.o)
                0x0000b180                data_abort
 .text.prefetch_abort
                0x0000b1ac       0x2c ../../hal/lpc2106-cmucam3/libhal-lpc2106-cmucam3.a(interrupt.o)
                0x0000b1ac                prefetch_abort
 .text.undefined
                0x0000b1d8        0x8 ../../hal/lpc2106-cmucam3/libhal-lpc2106-cmucam3.a(interrupt.o)
                0x0000b1d8                undefined
 .text.swi      0x0000b1e0       0x1c ../../hal/lpc2106-cmucam3/libhal-lpc2106-cmucam3.a(interrupt.o)
                0x0000b1e0                swi
 .text.interrupt
                0x0000b1fc       0x94 ../../hal/lpc2106-cmucam3/libhal-lpc2106-cmucam3.a(interrupt.o)
                0x0000b1fc                interrupt
 .text.cc3_pixbuf_rewind
                0x0000b290       0x84 ../../hal/lpc2106-cmucam3/libhal-lpc2106-cmucam3.a(cc3.o)
                0x0000b290                cc3_pixbuf_rewind
 .text.cc3_led_set_state
                0x0000b314       0x90 ../../hal/lpc2106-cmucam3/libhal-lpc2106-cmucam3.a(cc3.o)
                0x0000b314                cc3_led_set_state
 .text.cc3_timer_get_current_ms
                0x0000b3a4       0x10 ../../hal/lpc2106-cmucam3/libhal-lpc2106-cmucam3.a(cc3.o)
                0x0000b3a4                cc3_timer_get_current_ms
 .text.cc3_timer_wait_ms
                0x0000b3b4       0x24 ../../hal/lpc2106-cmucam3/libhal-lpc2106-cmucam3.a(cc3.o)
                0x0000b3b4                cc3_timer_wait_ms
 .text.cc3_pixbuf_frame_set_coi
                0x0000b3d8       0x34 ../../hal/lpc2106-cmucam3/libhal-lpc2106-cmucam3.a(cc3.o)
                0x0000b3d8                cc3_pixbuf_frame_set_coi
 .text._cc3_update_frame_bounds
                0x0000b40c       0x40 ../../hal/lpc2106-cmucam3/libhal-lpc2106-cmucam3.a(cc3.o)
 .text.cc3_pixbuf_frame_reset
                0x0000b44c       0x50 ../../hal/lpc2106-cmucam3/libhal-lpc2106-cmucam3.a(cc3.o)
                0x0000b44c                cc3_pixbuf_frame_reset
 .text.cc3_pixbuf_frame_set_subsample
                0x0000b49c       0x70 ../../hal/lpc2106-cmucam3/libhal-lpc2106-cmucam3.a(cc3.o)
                0x0000b49c                cc3_pixbuf_frame_set_subsample
 .text.cc3_pixbuf_frame_set_roi
                0x0000b50c      0x104 ../../hal/lpc2106-cmucam3/libhal-lpc2106-cmucam3.a(cc3.o)
                0x0000b50c                cc3_pixbuf_frame_set_roi
 .text.cc3_button_get_state
                0x0000b610       0x34 ../../hal/lpc2106-cmucam3/libhal-lpc2106-cmucam3.a(cc3.o)
                0x0000b610                cc3_button_get_state
 .text.cc3_button_get_and_reset_trigger
                0x0000b644       0x30 ../../hal/lpc2106-cmucam3/libhal-lpc2106-cmucam3.a(cc3.o)
                0x0000b644                cc3_button_get_and_reset_trigger
 .text._cc3_set_cam_ddr
                0x0000b674       0x2c ../../hal/lpc2106-cmucam3/libhal-lpc2106-cmucam3.a(cc3.o)
 .text._cc3_set_cam_ddr_sccb_write
                0x0000b6a0       0x2c ../../hal/lpc2106-cmucam3/libhal-lpc2106-cmucam3.a(cc3.o)
 .text._cc3_set_cam_ddr_sccb_idle
                0x0000b6cc       0x30 ../../hal/lpc2106-cmucam3/libhal-lpc2106-cmucam3.a(cc3.o)
 .text.cc3_camera_set_raw_register
                0x0000b6fc      0x164 ../../hal/lpc2106-cmucam3/libhal-lpc2106-cmucam3.a(cc3.o)
                0x0000b6fc                cc3_camera_set_raw_register
 .text._cc3_set_register_state
                0x0000b860      0x178 ../../hal/lpc2106-cmucam3/libhal-lpc2106-cmucam3.a(cc3.o)
 .text.cc3_camera_set_auto_white_balance
                0x0000b9d8       0x10 ../../hal/lpc2106-cmucam3/libhal-lpc2106-cmucam3.a(cc3.o)
                0x0000b9d8                cc3_camera_set_auto_white_balance
 .text.cc3_camera_set_auto_exposure
                0x0000b9e8       0x10 ../../hal/lpc2106-cmucam3/libhal-lpc2106-cmucam3.a(cc3.o)
                0x0000b9e8                cc3_camera_set_auto_exposure
 .text.cc3_camera_set_power_state
                0x0000b9f8       0x28 ../../hal/lpc2106-cmucam3/libhal-lpc2106-cmucam3.a(cc3.o)
                0x0000b9f8                cc3_camera_set_power_state
 .text.cc3_camera_set_resolution
                0x0000ba20       0x10 ../../hal/lpc2106-cmucam3/libhal-lpc2106-cmucam3.a(cc3.o)
                0x0000ba20                cc3_camera_set_resolution
 .text.cc3_camera_init
                0x0000ba30       0x94 ../../hal/lpc2106-cmucam3/libhal-lpc2106-cmucam3.a(cc3.o)
                0x0000ba30                cc3_camera_init
 .text.cc3_malloc_rows
                0x0000bac4       0x30 ../../hal/lpc2106-cmucam3/libhal-lpc2106-cmucam3.a(cc3.o)
                0x0000bac4                cc3_malloc_rows
 .text.cc3_pixbuf_load
                0x0000baf4       0xb4 ../../hal/lpc2106-cmucam3/libhal-lpc2106-cmucam3.a(cc3.o)
                0x0000baf4                cc3_pixbuf_load
 .text.cc3_pixbuf_read_rows
                0x0000bba8      0x690 ../../hal/lpc2106-cmucam3/libhal-lpc2106-cmucam3.a(cc3.o)
                0x0000bba8                cc3_pixbuf_read_rows
 .text._cc3_delay_us_4
                0x0000c238       0x64 ../../hal/lpc2106-cmucam3/libhal-lpc2106-cmucam3.a(cc3_hal.o)
                0x0000c238                _cc3_delay_us_4
 .text._cc3_fifo_reset
                0x0000c29c       0x68 ../../hal/lpc2106-cmucam3/libhal-lpc2106-cmucam3.a(cc3_hal.o)
                0x0000c29c                _cc3_fifo_reset
 .text._cc3_camera_reset
                0x0000c304       0x40 ../../hal/lpc2106-cmucam3/libhal-lpc2106-cmucam3.a(cc3_hal.o)
                0x0000c304                _cc3_camera_reset
 .text._cc3_delay_sccb
                0x0000c344       0x38 ../../hal/lpc2106-cmucam3/libhal-lpc2106-cmucam3.a(cc3_hal.o)
                0x0000c344                _cc3_delay_sccb
 .text._cc3_pixbuf_write_rewind
                0x0000c37c       0x38 ../../hal/lpc2106-cmucam3/libhal-lpc2106-cmucam3.a(cc3_hal.o)
                0x0000c37c                _cc3_pixbuf_write_rewind
 .text._cc3_system_setup
                0x0000c3b4       0xb0 ../../hal/lpc2106-cmucam3/libhal-lpc2106-cmucam3.a(cc3_hal.o)
                0x0000c3b4                _cc3_system_setup
 .text._exit    0x0000c464        0x4 ../../hal/lpc2106-cmucam3/libhal-lpc2106-cmucam3.a(syscalls.o)
                0x0000c464                _exit
 .text._sbrk    0x0000c468       0x54 ../../hal/lpc2106-cmucam3/libhal-lpc2106-cmucam3.a(syscalls.o)
                0x0000c468                _sbrk
 .text.isatty   0x0000c4bc       0x38 ../../hal/lpc2106-cmucam3/libhal-lpc2106-cmucam3.a(syscalls.o)
                0x0000c4bc                isatty
 .text._fstat   0x0000c4f4       0x5c ../../hal/lpc2106-cmucam3/libhal-lpc2106-cmucam3.a(syscalls.o)
                0x0000c4f4                _fstat
 .text._lseek   0x0000c550       0x5c ../../hal/lpc2106-cmucam3/libhal-lpc2106-cmucam3.a(syscalls.o)
                0x0000c550                _lseek
 .text._close   0x0000c5ac       0x4c ../../hal/lpc2106-cmucam3/libhal-lpc2106-cmucam3.a(syscalls.o)
                0x0000c5ac                _close
 .text._read    0x0000c5f8       0x5c ../../hal/lpc2106-cmucam3/libhal-lpc2106-cmucam3.a(syscalls.o)
                0x0000c5f8                _read
 .text._write   0x0000c654       0x5c ../../hal/lpc2106-cmucam3/libhal-lpc2106-cmucam3.a(syscalls.o)
                0x0000c654                _write
 .text._cc3_uart0_setup
                0x0000c6b0       0x5c ../../hal/lpc2106-cmucam3/libhal-lpc2106-cmucam3.a(serial.o)
                0x0000c6b0                _cc3_uart0_setup
 .text._cc3_uart1_setup
                0x0000c70c       0x5c ../../hal/lpc2106-cmucam3/libhal-lpc2106-cmucam3.a(serial.o)
                0x0000c70c                _cc3_uart1_setup
 .text.cc3_uart_get_count
                0x0000c768        0x8 ../../hal/lpc2106-cmucam3/libhal-lpc2106-cmucam3.a(serial.o)
                0x0000c768                cc3_uart_get_count
 .text.cc3_uart_has_data
                0x0000c770       0x3c ../../hal/lpc2106-cmucam3/libhal-lpc2106-cmucam3.a(serial.o)
                0x0000c770                cc3_uart_has_data
 .text.uart0_putc
                0x0000c7ac       0x1c ../../hal/lpc2106-cmucam3/libhal-lpc2106-cmucam3.a(serial.o)
                0x0000c7ac                uart0_putc
 .text.uart1_putc
                0x0000c7c8       0x1c ../../hal/lpc2106-cmucam3/libhal-lpc2106-cmucam3.a(serial.o)
                0x0000c7c8                uart1_putc
 .text.uart0_getc
                0x0000c7e4       0x1c ../../hal/lpc2106-cmucam3/libhal-lpc2106-cmucam3.a(serial.o)
                0x0000c7e4                uart0_getc
 .text.uart1_getc
                0x0000c800       0x1c ../../hal/lpc2106-cmucam3/libhal-lpc2106-cmucam3.a(serial.o)
                0x0000c800                uart1_getc
 .text.uart0_write
                0x0000c81c       0x30 ../../hal/lpc2106-cmucam3/libhal-lpc2106-cmucam3.a(serial.o)
                0x0000c81c                uart0_write
 .text.uart0_write_hex
                0x0000c84c       0x70 ../../hal/lpc2106-cmucam3/libhal-lpc2106-cmucam3.a(serial.o)
                0x0000c84c                uart0_write_hex
 .text.cc3_uart_init
                0x0000c8bc      0x174 ../../hal/lpc2106-cmucam3/libhal-lpc2106-cmucam3.a(serial.o)
                0x0000c8bc                cc3_uart_init
 .text.cc3_gpio_set_servo_position
                0x0000ca30       0x20 ../../hal/lpc2106-cmucam3/libhal-lpc2106-cmucam3.a(servo.o)
                0x0000ca30                cc3_gpio_set_servo_position
 .text.cc3_gpio_get_servo_position
                0x0000ca50       0x1c ../../hal/lpc2106-cmucam3/libhal-lpc2106-cmucam3.a(servo.o)
                0x0000ca50                cc3_gpio_get_servo_position
 .text.servo_lo
                0x0000ca6c       0x1c ../../hal/lpc2106-cmucam3/libhal-lpc2106-cmucam3.a(servo.o)
 .text._cc3_servo_int
                0x0000ca88      0x138 ../../hal/lpc2106-cmucam3/libhal-lpc2106-cmucam3.a(servo.o)
                0x0000ca88                _cc3_servo_int
 .text._cc3_servo_enable
                0x0000cbc0       0xa0 ../../hal/lpc2106-cmucam3/libhal-lpc2106-cmucam3.a(servo.o)
                0x0000cbc0                _cc3_servo_enable
 .text.cc3_gpio_set_value
                0x0000cc60       0x44 ../../hal/lpc2106-cmucam3/libhal-lpc2106-cmucam3.a(gpio.o)
                0x0000cc60                cc3_gpio_set_value
 .text.cc3_gpio_get_value
                0x0000cca4       0x38 ../../hal/lpc2106-cmucam3/libhal-lpc2106-cmucam3.a(gpio.o)
                0x0000cca4                cc3_gpio_get_value
 .text.cc3_gpio_set_mode
                0x0000ccdc       0x7c ../../hal/lpc2106-cmucam3/libhal-lpc2106-cmucam3.a(gpio.o)
                0x0000ccdc                cc3_gpio_set_mode
 .text._cc3_get_internal_file_number
                0x0000cd58        0x8 ../../hal/lpc2106-cmucam3/libhal-lpc2106-cmucam3.a(devices.o)
                0x0000cd58                _cc3_get_internal_file_number
 .text._cc3_get_driver_for_file_number
                0x0000cd60       0x24 ../../hal/lpc2106-cmucam3/libhal-lpc2106-cmucam3.a(devices.o)
                0x0000cd60                _cc3_get_driver_for_file_number
 .text.uart_close
                0x0000cd84        0x8 ../../hal/lpc2106-cmucam3/libhal-lpc2106-cmucam3.a(uart_driver.o)
 .text.uart_read
                0x0000cd8c       0xe4 ../../hal/lpc2106-cmucam3/libhal-lpc2106-cmucam3.a(uart_driver.o)
 .text.uart_write
                0x0000ce70      0x118 ../../hal/lpc2106-cmucam3/libhal-lpc2106-cmucam3.a(uart_driver.o)
 .text.uart_lseek
                0x0000cf88       0x18 ../../hal/lpc2106-cmucam3/libhal-lpc2106-cmucam3.a(uart_driver.o)
 .text.uart_fstat
                0x0000cfa0       0x10 ../../hal/lpc2106-cmucam3/libhal-lpc2106-cmucam3.a(uart_driver.o)
 .text.uart_unlink
                0x0000cfb0       0x18 ../../hal/lpc2106-cmucam3/libhal-lpc2106-cmucam3.a(uart_driver.o)
 .text.uart_rename
                0x0000cfc8       0x18 ../../hal/lpc2106-cmucam3/libhal-lpc2106-cmucam3.a(uart_driver.o)
 .text.process_uart_filename
                0x0000cfe0       0x70 ../../hal/lpc2106-cmucam3/libhal-lpc2106-cmucam3.a(uart_driver.o)
 .text.uart_recognize
                0x0000d050       0x20 ../../hal/lpc2106-cmucam3/libhal-lpc2106-cmucam3.a(uart_driver.o)
 .text.uart_open
                0x0000d070       0x3c ../../hal/lpc2106-cmucam3/libhal-lpc2106-cmucam3.a(uart_driver.o)
 .text          0x0000d0ac      0x114 /media/sda4/Documents/Visual Studio 2005/483/CMUCam/arm-2006q3/bin/../lib/gcc/arm-none-eabi/4.1.1/libgcc.a(_udivsi3.o)
                0x0000d0ac                __udivsi3
                0x0000d0ac                __aeabi_uidiv
                0x0000d1a8                __aeabi_uidivmod
 .text          0x0000d1c0      0x144 /media/sda4/Documents/Visual Studio 2005/483/CMUCam/arm-2006q3/bin/../lib/gcc/arm-none-eabi/4.1.1/libgcc.a(_divsi3.o)
                0x0000d1c0                __aeabi_idiv
                0x0000d1c0                __divsi3
                0x0000d2ec                __aeabi_idivmod
 .text          0x0000d304        0x4 /media/sda4/Documents/Visual Studio 2005/483/CMUCam/arm-2006q3/bin/../lib/gcc/arm-none-eabi/4.1.1/libgcc.a(_dvmd_tls.o)
                0x0000d304                __aeabi_ldiv0
                0x0000d304                __div0
                0x0000d304                __aeabi_idiv0
 .text          0x0000d308       0x40 /media/sda4/Documents/Visual Studio 2005/483/CMUCam/arm-2006q3/bin/../lib/gcc/arm-none-eabi/4.1.1/../../../../arm-none-eabi/lib/libc.a(atoi.o)
                0x0000d308                _atoi_r
                0x0000d328                atoi
 .text          0x0000d348       0x30 /media/sda4/Documents/Visual Studio 2005/483/CMUCam/arm-2006q3/bin/../lib/gcc/arm-none-eabi/4.1.1/../../../../arm-none-eabi/lib/libc.a(exit.o)
                0x0000d348                exit
 .text          0x0000d378       0x48 /media/sda4/Documents/Visual Studio 2005/483/CMUCam/arm-2006q3/bin/../lib/gcc/arm-none-eabi/4.1.1/../../../../arm-none-eabi/lib/libc.a(ferror.o)
                0x0000d378                ferror
 .text          0x0000d3c0       0xf0 /media/sda4/Documents/Visual Studio 2005/483/CMUCam/arm-2006q3/bin/../lib/gcc/arm-none-eabi/4.1.1/../../../../arm-none-eabi/lib/libc.a(fflush.o)
                0x0000d3c0                fflush
 .text          0x0000d4b0      0x2c4 /media/sda4/Documents/Visual Studio 2005/483/CMUCam/arm-2006q3/bin/../lib/gcc/arm-none-eabi/4.1.1/../../../../arm-none-eabi/lib/libc.a(findfp.o)
                0x0000d51c                __sinit
                0x0000d634                __sfmoreglue
                0x0000d624                _cleanup
                0x0000d604                _cleanup_r
                0x0000d5d8                __fp_lock_all
                0x0000d50c                __sfp_lock_acquire
                0x0000d68c                __sfp
                0x0000d518                __sinit_lock_release
                0x0000d5ac                __fp_unlock_all
                0x0000d510                __sfp_lock_release
                0x0000d514                __sinit_lock_acquire
 .text          0x0000d774       0x30 /media/sda4/Documents/Visual Studio 2005/483/CMUCam/arm-2006q3/bin/../lib/gcc/arm-none-eabi/4.1.1/../../../../arm-none-eabi/lib/libc.a(fiprintf.o)
                0x0000d774                fiprintf
 .text          0x0000d7a4       0x48 /media/sda4/Documents/Visual Studio 2005/483/CMUCam/arm-2006q3/bin/../lib/gcc/arm-none-eabi/4.1.1/../../../../arm-none-eabi/lib/libc.a(fstatr.o)
                0x0000d7a4                _fstat_r
 .text          0x0000d7ec      0x11c /media/sda4/Documents/Visual Studio 2005/483/CMUCam/arm-2006q3/bin/../lib/gcc/arm-none-eabi/4.1.1/../../../../arm-none-eabi/lib/libc.a(fwalk.o)
                0x0000d878                _fwalk
                0x0000d7ec                _fwalk_reent
 .text          0x0000d908       0x94 /media/sda4/Documents/Visual Studio 2005/483/CMUCam/arm-2006q3/bin/../lib/gcc/arm-none-eabi/4.1.1/../../../../arm-none-eabi/lib/libc.a(fwrite.o)
                0x0000d908                fwrite
 .text          0x0000d99c       0x74 /media/sda4/Documents/Visual Studio 2005/483/CMUCam/arm-2006q3/bin/../lib/gcc/arm-none-eabi/4.1.1/../../../../arm-none-eabi/lib/libc.a(iprintf.o)
                0x0000d99c                _iprintf_r
                0x0000d9d0                iprintf
 .text          0x0000da10      0x158 /media/sda4/Documents/Visual Studio 2005/483/CMUCam/arm-2006q3/bin/../lib/gcc/arm-none-eabi/4.1.1/../../../../arm-none-eabi/lib/libc.a(makebuf.o)
                0x0000da10                __smakebuf
 .text          0x0000db68       0x50 /media/sda4/Documents/Visual Studio 2005/483/CMUCam/arm-2006q3/bin/../lib/gcc/arm-none-eabi/4.1.1/../../../../arm-none-eabi/lib/libc.a(malloc.o)
                0x0000db90                malloc
                0x0000db68                free
 .text          0x0000dbb8      0x77c /media/sda4/Documents/Visual Studio 2005/483/CMUCam/arm-2006q3/bin/../lib/gcc/arm-none-eabi/4.1.1/../../../../arm-none-eabi/lib/libc.a(mallocr.o)
                0x0000dbb8                _malloc_r
 .text          0x0000e334       0x9c /media/sda4/Documents/Visual Studio 2005/483/CMUCam/arm-2006q3/bin/../lib/gcc/arm-none-eabi/4.1.1/../../../../arm-none-eabi/lib/libc.a(memcpy.o)
                0x0000e334                memcpy
 .text          0x0000e3d0       0x98 /media/sda4/Documents/Visual Studio 2005/483/CMUCam/arm-2006q3/bin/../lib/gcc/arm-none-eabi/4.1.1/../../../../arm-none-eabi/lib/libc.a(memset.o)
                0x0000e3d0                memset
 .text          0x0000e468        0x8 /media/sda4/Documents/Visual Studio 2005/483/CMUCam/arm-2006q3/bin/../lib/gcc/arm-none-eabi/4.1.1/../../../../arm-none-eabi/lib/libc.a(mlock.o)
                0x0000e46c                __malloc_unlock
                0x0000e468                __malloc_lock
 .text          0x0000e470      0x1c4 /media/sda4/Documents/Visual Studio 2005/483/CMUCam/arm-2006q3/bin/../lib/gcc/arm-none-eabi/4.1.1/../../../../arm-none-eabi/lib/libc.a(refill.o)
                0x0000e4a8                __srefill
 .text          0x0000e634       0x38 /media/sda4/Documents/Visual Studio 2005/483/CMUCam/arm-2006q3/bin/../lib/gcc/arm-none-eabi/4.1.1/../../../../arm-none-eabi/lib/libc.a(rget.o)
                0x0000e634                __srget
 .text          0x0000e66c       0x48 /media/sda4/Documents/Visual Studio 2005/483/CMUCam/arm-2006q3/bin/../lib/gcc/arm-none-eabi/4.1.1/../../../../arm-none-eabi/lib/libc.a(sbrkr.o)
                0x0000e66c                _sbrk_r
 .text          0x0000e6b4       0x28 /media/sda4/Documents/Visual Studio 2005/483/CMUCam/arm-2006q3/bin/../lib/gcc/arm-none-eabi/4.1.1/../../../../arm-none-eabi/lib/libc.a(setbuf.o)
                0x0000e6b4                setbuf
 .text          0x0000e6dc      0x1ac /media/sda4/Documents/Visual Studio 2005/483/CMUCam/arm-2006q3/bin/../lib/gcc/arm-none-eabi/4.1.1/../../../../arm-none-eabi/lib/libc.a(setvbuf.o)
                0x0000e6dc                setvbuf
 .text          0x0000e888       0xdc /media/sda4/Documents/Visual Studio 2005/483/CMUCam/arm-2006q3/bin/../lib/gcc/arm-none-eabi/4.1.1/../../../../arm-none-eabi/lib/libc.a(siprintf.o)
                0x0000e8fc                _siprintf_r
                0x0000e888                siprintf
 .text          0x0000e964      0x128 /media/sda4/Documents/Visual Studio 2005/483/CMUCam/arm-2006q3/bin/../lib/gcc/arm-none-eabi/4.1.1/../../../../arm-none-eabi/lib/libc.a(stdio.o)
                0x0000e98c                __sseek
                0x0000ea44                __sread
                0x0000e964                __sclose
                0x0000e9d8                __swrite
 .text          0x0000ea8c       0xd0 /media/sda4/Documents/Visual Studio 2005/483/CMUCam/arm-2006q3/bin/../lib/gcc/arm-none-eabi/4.1.1/../../../../arm-none-eabi/lib/libc.a(strcmp.o)
                0x0000ea8c                strcmp
 .text          0x0000eb5c       0x90 /media/sda4/Documents/Visual Studio 2005/483/CMUCam/arm-2006q3/bin/../lib/gcc/arm-none-eabi/4.1.1/../../../../arm-none-eabi/lib/libc.a(strlen.o)
                0x0000eb5c                strlen
 .text          0x0000ebec       0x2c /media/sda4/Documents/Visual Studio 2005/483/CMUCam/arm-2006q3/bin/../lib/gcc/arm-none-eabi/4.1.1/../../../../arm-none-eabi/lib/libc.a(strtok.o)
                0x0000ebec                strtok
 .text          0x0000ec18       0xcc /media/sda4/Documents/Visual Studio 2005/483/CMUCam/arm-2006q3/bin/../lib/gcc/arm-none-eabi/4.1.1/../../../../arm-none-eabi/lib/libc.a(strtok_r.o)
                0x0000ecdc                strtok_r
                0x0000ec18                __strtok_r
 .text          0x0000ece4      0x1f0 /media/sda4/Documents/Visual Studio 2005/483/CMUCam/arm-2006q3/bin/../lib/gcc/arm-none-eabi/4.1.1/../../../../arm-none-eabi/lib/libc.a(strtol.o)
                0x0000eea8                strtol
                0x0000ece4                _strtol_r
 .text          0x0000eed4     0x1344 /media/sda4/Documents/Visual Studio 2005/483/CMUCam/arm-2006q3/bin/../lib/gcc/arm-none-eabi/4.1.1/../../../../arm-none-eabi/lib/libc.a(vfiprintf.o)
                0x000101ec                vfiprintf
                0x0000ef14                _vfiprintf_r
 .text          0x00010218      0x10c /media/sda4/Documents/Visual Studio 2005/483/CMUCam/arm-2006q3/bin/../lib/gcc/arm-none-eabi/4.1.1/../../../../arm-none-eabi/lib/libc.a(wbuf.o)
                0x00010218                __swbuf
 .text          0x00010324       0x84 /media/sda4/Documents/Visual Studio 2005/483/CMUCam/arm-2006q3/bin/../lib/gcc/arm-none-eabi/4.1.1/../../../../arm-none-eabi/lib/libc.a(wcrtomb.o)
                0x00010324                _wcrtomb_r
                0x0001037c                wcrtomb
 .text          0x000103a8      0x180 /media/sda4/Documents/Visual Studio 2005/483/CMUCam/arm-2006q3/bin/../lib/gcc/arm-none-eabi/4.1.1/../../../../arm-none-eabi/lib/libc.a(wcsrtombs.o)
                0x000103a8                _wcsrtombs_r
                0x000104e4                wcsrtombs
 .text          0x00010528      0x428 /media/sda4/Documents/Visual Studio 2005/483/CMUCam/arm-2006q3/bin/../lib/gcc/arm-none-eabi/4.1.1/../../../../arm-none-eabi/lib/libc.a(wctomb_r.o)
                0x00010528                _wctomb_r
 .text          0x00010950       0x4c /media/sda4/Documents/Visual Studio 2005/483/CMUCam/arm-2006q3/bin/../lib/gcc/arm-none-eabi/4.1.1/../../../../arm-none-eabi/lib/libc.a(writer.o)
                0x00010950                _write_r
 .text          0x0001099c      0x10c /media/sda4/Documents/Visual Studio 2005/483/CMUCam/arm-2006q3/bin/../lib/gcc/arm-none-eabi/4.1.1/../../../../arm-none-eabi/lib/libc.a(wsetup.o)
                0x0001099c                __swsetup
 .text          0x00010aa8      0x164 /media/sda4/Documents/Visual Studio 2005/483/CMUCam/arm-2006q3/bin/../lib/gcc/arm-none-eabi/4.1.1/../../../../arm-none-eabi/lib/libc.a(__call_atexit.o)
                0x00010aa8                __call_exitprocs
 .text          0x00010c0c       0x44 /media/sda4/Documents/Visual Studio 2005/483/CMUCam/arm-2006q3/bin/../lib/gcc/arm-none-eabi/4.1.1/../../../../arm-none-eabi/lib/libc.a(closer.o)
                0x00010c0c                _close_r
 .text          0x00010c50      0x12c /media/sda4/Documents/Visual Studio 2005/483/CMUCam/arm-2006q3/bin/../lib/gcc/arm-none-eabi/4.1.1/../../../../arm-none-eabi/lib/libc.a(fclose.o)
                0x00010c50                _fclose_r
                0x00010d68                fclose
 .text          0x00010d7c      0x3c0 /media/sda4/Documents/Visual Studio 2005/483/CMUCam/arm-2006q3/bin/../lib/gcc/arm-none-eabi/4.1.1/../../../../arm-none-eabi/lib/libc.a(freer.o)
                0x00010e84                _free_r
                0x00010d7c                _malloc_trim_r
 .text          0x0001113c      0x3fc /media/sda4/Documents/Visual Studio 2005/483/CMUCam/arm-2006q3/bin/../lib/gcc/arm-none-eabi/4.1.1/../../../../arm-none-eabi/lib/libc.a(fvwrite.o)
                0x0001113c                __sfvwrite
 .text          0x00011538       0x4c /media/sda4/Documents/Visual Studio 2005/483/CMUCam/arm-2006q3/bin/../lib/gcc/arm-none-eabi/4.1.1/../../../../arm-none-eabi/lib/libc.a(lseekr.o)
                0x00011538                _lseek_r
 .text          0x00011584      0x108 /media/sda4/Documents/Visual Studio 2005/483/CMUCam/arm-2006q3/bin/../lib/gcc/arm-none-eabi/4.1.1/../../../../arm-none-eabi/lib/libc.a(memchr.o)
                0x00011584                memchr
 .text          0x0001168c       0xfc /media/sda4/Documents/Visual Studio 2005/483/CMUCam/arm-2006q3/bin/../lib/gcc/arm-none-eabi/4.1.1/../../../../arm-none-eabi/lib/libc.a(memmove.o)
                0x0001168c                memmove
 .text          0x00011788       0x4c /media/sda4/Documents/Visual Studio 2005/483/CMUCam/arm-2006q3/bin/../lib/gcc/arm-none-eabi/4.1.1/../../../../arm-none-eabi/lib/libc.a(readr.o)
                0x00011788                _read_r
 .text          0x000117d4      0x61c /media/sda4/Documents/Visual Studio 2005/483/CMUCam/arm-2006q3/bin/../lib/gcc/arm-none-eabi/4.1.1/../../../../arm-none-eabi/lib/libc.a(reallocr.o)
                0x000117d4                _realloc_r
 .text          0x00011df0       0x1c /media/sda4/Documents/Visual Studio 2005/483/CMUCam/arm-2006q3/bin/../lib/gcc/arm-none-eabi/4.1.1/libgcc.a(_aeabi_uldivmod.o)
                0x00011df0                __aeabi_uldivmod
 .text          0x00011e0c       0x90 /media/sda4/Documents/Visual Studio 2005/483/CMUCam/arm-2006q3/bin/../lib/gcc/arm-none-eabi/4.1.1/libgcc.a(bpabi.o)
                0x00011e0c                __gnu_uldivmod_helper
                0x00011e54                __gnu_ldivmod_helper
 .text          0x00011e9c      0x590 /media/sda4/Documents/Visual Studio 2005/483/CMUCam/arm-2006q3/bin/../lib/gcc/arm-none-eabi/4.1.1/libgcc.a(_divdi3.o)
                0x00011e9c                __divdi3
 .text          0x0001242c      0x530 /media/sda4/Documents/Visual Studio 2005/483/CMUCam/arm-2006q3/bin/../lib/gcc/arm-none-eabi/4.1.1/libgcc.a(_udivdi3.o)
                0x0001242c                __udivdi3
 *(.plt)
 *(.gnu.warning)
 *(.glue_7t)
 .glue_7t       0x0001295c        0x0 /media/sda4/Documents/Visual Studio 2005/483/CMUCam/arm-2006q3/bin/../lib/gcc/arm-none-eabi/4.1.1/crti.o
 .glue_7t       0x0001295c        0x0 /media/sda4/Documents/Visual Studio 2005/483/CMUCam/arm-2006q3/bin/../lib/gcc/arm-none-eabi/4.1.1/crtbegin.o
 .glue_7t       0x0001295c        0x0 lpc2106-cmucam3_buildfiles/cmucam2.o
 .glue_7t       0x0001295c        0x0 ../../lib/cc3-ilp/libcc3-ilp_lpc2106-cmucam3.a(cc3_color_track.o)
 .glue_7t       0x0001295c        0x0 ../../lib/cc3-ilp/libcc3-ilp_lpc2106-cmucam3.a(cc3_color_info.o)
 .glue_7t       0x0001295c        0x0 ../../lib/cc3-ilp/libcc3-ilp_lpc2106-cmucam3.a(cc3_jpg.o)
 .glue_7t       0x0001295c        0x0 ../../lib/cc3-ilp/libcc3-ilp_lpc2106-cmucam3.a(cc3_histogram.o)
 .glue_7t       0x0001295c        0x0 ../../lib/cc3-ilp/libcc3-ilp_lpc2106-cmucam3.a(cc3_frame_diff.o)
 .glue_7t       0x0001295c        0x0 ../../lib/cc3-ilp/libcc3-ilp_lpc2106-cmucam3.a(cc3_hsv.o)
 .glue_7t       0x0001295c        0x0 ../../lib/cc3-ilp/libcc3-ilp_lpc2106-cmucam3.a(cc3_ilp.o)
 .glue_7t       0x0001295c        0x0 ../../lib/jpeg-6b/libjpeg-6b_lpc2106-cmucam3.a(jcapimin.o)
 .glue_7t       0x0001295c        0x0 ../../lib/jpeg-6b/libjpeg-6b_lpc2106-cmucam3.a(jcapistd.o)
 .glue_7t       0x0001295c        0x0 ../../lib/jpeg-6b/libjpeg-6b_lpc2106-cmucam3.a(jcinit.o)
 .glue_7t       0x0001295c        0x0 ../../lib/jpeg-6b/libjpeg-6b_lpc2106-cmucam3.a(jcmainct.o)
 .glue_7t       0x0001295c        0x0 ../../lib/jpeg-6b/libjpeg-6b_lpc2106-cmucam3.a(jcmarker.o)
 .glue_7t       0x0001295c        0x0 ../../lib/jpeg-6b/libjpeg-6b_lpc2106-cmucam3.a(jcmaster.o)
 .glue_7t       0x0001295c        0x0 ../../lib/jpeg-6b/libjpeg-6b_lpc2106-cmucam3.a(jcomapi.o)
 .glue_7t       0x0001295c        0x0 ../../lib/jpeg-6b/libjpeg-6b_lpc2106-cmucam3.a(jcparam.o)
 .glue_7t       0x0001295c        0x0 ../../lib/jpeg-6b/libjpeg-6b_lpc2106-cmucam3.a(jcprepct.o)
 .glue_7t       0x0001295c        0x0 ../../lib/jpeg-6b/libjpeg-6b_lpc2106-cmucam3.a(jcsample.o)
 .glue_7t       0x0001295c        0x0 ../../lib/jpeg-6b/libjpeg-6b_lpc2106-cmucam3.a(jdatadst.o)
 .glue_7t       0x0001295c        0x0 ../../lib/jpeg-6b/libjpeg-6b_lpc2106-cmucam3.a(jerror.o)
 .glue_7t       0x0001295c        0x0 ../../lib/jpeg-6b/libjpeg-6b_lpc2106-cmucam3.a(jutils.o)
 .glue_7t       0x0001295c        0x0 ../../lib/jpeg-6b/libjpeg-6b_lpc2106-cmucam3.a(jmemmgr.o)
 .glue_7t       0x0001295c        0x0 ../../lib/jpeg-6b/libjpeg-6b_lpc2106-cmucam3.a(jmemnobs.o)
 .glue_7t       0x0001295c        0x0 ../../lib/jpeg-6b/libjpeg-6b_lpc2106-cmucam3.a(jccoefct.o)
 .glue_7t       0x0001295c        0x0 ../../lib/jpeg-6b/libjpeg-6b_lpc2106-cmucam3.a(jccolor.o)
 .glue_7t       0x0001295c        0x0 ../../lib/jpeg-6b/libjpeg-6b_lpc2106-cmucam3.a(jcdctmgr.o)
 .glue_7t       0x0001295c        0x0 ../../lib/jpeg-6b/libjpeg-6b_lpc2106-cmucam3.a(jchuff.o)
 .glue_7t       0x0001295c        0x0 ../../lib/jpeg-6b/libjpeg-6b_lpc2106-cmucam3.a(jfdctint.o)
 .glue_7t       0x0001295c        0x0 ../../hal/lpc2106-cmucam3/libhal-lpc2106-cmucam3.a(interrupt.o)
 .glue_7t       0x0001295c        0x0 ../../hal/lpc2106-cmucam3/libhal-lpc2106-cmucam3.a(cc3.o)
 .glue_7t       0x0001295c        0x0 ../../hal/lpc2106-cmucam3/libhal-lpc2106-cmucam3.a(cc3_hal.o)
 .glue_7t       0x0001295c        0x0 ../../hal/lpc2106-cmucam3/libhal-lpc2106-cmucam3.a(syscalls.o)
 .glue_7t       0x0001295c        0x0 ../../hal/lpc2106-cmucam3/libhal-lpc2106-cmucam3.a(serial.o)
 .glue_7t       0x0001295c        0x0 ../../hal/lpc2106-cmucam3/libhal-lpc2106-cmucam3.a(servo.o)
 .glue_7t       0x0001295c        0x0 ../../hal/lpc2106-cmucam3/libhal-lpc2106-cmucam3.a(rdcf2.o)
 .glue_7t       0x0001295c        0x0 ../../hal/lpc2106-cmucam3/libhal-lpc2106-cmucam3.a(mmc_hardware.o)
 .glue_7t       0x0001295c        0x0 ../../hal/lpc2106-cmucam3/libhal-lpc2106-cmucam3.a(mmc_driver.o)
 .glue_7t       0x0001295c        0x0 ../../hal/lpc2106-cmucam3/libhal-lpc2106-cmucam3.a(gpio.o)
 .glue_7t       0x0001295c        0x0 ../../hal/lpc2106-cmucam3/libhal-lpc2106-cmucam3.a(devices.o)
 .glue_7t       0x0001295c        0x0 ../../hal/lpc2106-cmucam3/libhal-lpc2106-cmucam3.a(uart_driver.o)
 .glue_7t       0x0001295c        0x0 ../../hal/lpc2106-cmucam3/libhal-lpc2106-cmucam3.a(startup.o)
 .glue_7t       0x0001295c        0x0 /media/sda4/Documents/Visual Studio 2005/483/CMUCam/arm-2006q3/bin/../lib/gcc/arm-none-eabi/4.1.1/libgcc.a(_udivsi3.o)
 .glue_7t       0x0001295c        0x0 /media/sda4/Documents/Visual Studio 2005/483/CMUCam/arm-2006q3/bin/../lib/gcc/arm-none-eabi/4.1.1/libgcc.a(_divsi3.o)
 .glue_7t       0x0001295c        0x0 /media/sda4/Documents/Visual Studio 2005/483/CMUCam/arm-2006q3/bin/../lib/gcc/arm-none-eabi/4.1.1/libgcc.a(_dvmd_tls.o)
 .glue_7t       0x0001295c        0x0 /media/sda4/Documents/Visual Studio 2005/483/CMUCam/arm-2006q3/bin/../lib/gcc/arm-none-eabi/4.1.1/../../../../arm-none-eabi/lib/libc.a(atoi.o)
 .glue_7t       0x0001295c        0x0 /media/sda4/Documents/Visual Studio 2005/483/CMUCam/arm-2006q3/bin/../lib/gcc/arm-none-eabi/4.1.1/../../../../arm-none-eabi/lib/libc.a(calloc.o)
 .glue_7t       0x0001295c        0x0 /media/sda4/Documents/Visual Studio 2005/483/CMUCam/arm-2006q3/bin/../lib/gcc/arm-none-eabi/4.1.1/../../../../arm-none-eabi/lib/libc.a(callocr.o)
 .glue_7t       0x0001295c        0x0 /media/sda4/Documents/Visual Studio 2005/483/CMUCam/arm-2006q3/bin/../lib/gcc/arm-none-eabi/4.1.1/../../../../arm-none-eabi/lib/libc.a(ctype_.o)
 .glue_7t       0x0001295c        0x0 /media/sda4/Documents/Visual Studio 2005/483/CMUCam/arm-2006q3/bin/../lib/gcc/arm-none-eabi/4.1.1/../../../../arm-none-eabi/lib/libc.a(exit.o)
 .glue_7t       0x0001295c        0x0 /media/sda4/Documents/Visual Studio 2005/483/CMUCam/arm-2006q3/bin/../lib/gcc/arm-none-eabi/4.1.1/../../../../arm-none-eabi/lib/libc.a(ferror.o)
 .glue_7t       0x0001295c        0x0 /media/sda4/Documents/Visual Studio 2005/483/CMUCam/arm-2006q3/bin/../lib/gcc/arm-none-eabi/4.1.1/../../../../arm-none-eabi/lib/libc.a(fflush.o)
 .glue_7t       0x0001295c        0x0 /media/sda4/Documents/Visual Studio 2005/483/CMUCam/arm-2006q3/bin/../lib/gcc/arm-none-eabi/4.1.1/../../../../arm-none-eabi/lib/libc.a(findfp.o)
 .glue_7t       0x0001295c        0x0 /media/sda4/Documents/Visual Studio 2005/483/CMUCam/arm-2006q3/bin/../lib/gcc/arm-none-eabi/4.1.1/../../../../arm-none-eabi/lib/libc.a(fiprintf.o)
 .glue_7t       0x0001295c        0x0 /media/sda4/Documents/Visual Studio 2005/483/CMUCam/arm-2006q3/bin/../lib/gcc/arm-none-eabi/4.1.1/../../../../arm-none-eabi/lib/libc.a(fopen.o)
 .glue_7t       0x0001295c        0x0 /media/sda4/Documents/Visual Studio 2005/483/CMUCam/arm-2006q3/bin/../lib/gcc/arm-none-eabi/4.1.1/../../../../arm-none-eabi/lib/libc.a(fseek.o)
 .glue_7t       0x0001295c        0x0 /media/sda4/Documents/Visual Studio 2005/483/CMUCam/arm-2006q3/bin/../lib/gcc/arm-none-eabi/4.1.1/../../../../arm-none-eabi/lib/libc.a(fstatr.o)
 .glue_7t       0x0001295c        0x0 /media/sda4/Documents/Visual Studio 2005/483/CMUCam/arm-2006q3/bin/../lib/gcc/arm-none-eabi/4.1.1/../../../../arm-none-eabi/lib/libc.a(fwalk.o)
 .glue_7t       0x0001295c        0x0 /media/sda4/Documents/Visual Studio 2005/483/CMUCam/arm-2006q3/bin/../lib/gcc/arm-none-eabi/4.1.1/../../../../arm-none-eabi/lib/libc.a(fwrite.o)
 .glue_7t       0x0001295c        0x0 /media/sda4/Documents/Visual Studio 2005/483/CMUCam/arm-2006q3/bin/../lib/gcc/arm-none-eabi/4.1.1/../../../../arm-none-eabi/lib/libc.a(impure.o)
 .glue_7t       0x0001295c        0x0 /media/sda4/Documents/Visual Studio 2005/483/CMUCam/arm-2006q3/bin/../lib/gcc/arm-none-eabi/4.1.1/../../../../arm-none-eabi/lib/libc.a(iprintf.o)
 .glue_7t       0x0001295c        0x0 /media/sda4/Documents/Visual Studio 2005/483/CMUCam/arm-2006q3/bin/../lib/gcc/arm-none-eabi/4.1.1/../../../../arm-none-eabi/lib/libc.a(lcltime_r.o)
 .glue_7t       0x0001295c        0x0 /media/sda4/Documents/Visual Studio 2005/483/CMUCam/arm-2006q3/bin/../lib/gcc/arm-none-eabi/4.1.1/../../../../arm-none-eabi/lib/libc.a(makebuf.o)
 .glue_7t       0x0001295c        0x0 /media/sda4/Documents/Visual Studio 2005/483/CMUCam/arm-2006q3/bin/../lib/gcc/arm-none-eabi/4.1.1/../../../../arm-none-eabi/lib/libc.a(malloc.o)
 .glue_7t       0x0001295c        0x0 /media/sda4/Documents/Visual Studio 2005/483/CMUCam/arm-2006q3/bin/../lib/gcc/arm-none-eabi/4.1.1/../../../../arm-none-eabi/lib/libc.a(mallocr.o)
 .glue_7t       0x0001295c        0x0 /media/sda4/Documents/Visual Studio 2005/483/CMUCam/arm-2006q3/bin/../lib/gcc/arm-none-eabi/4.1.1/../../../../arm-none-eabi/lib/libc.a(memcmp.o)
 .glue_7t       0x0001295c        0x0 /media/sda4/Documents/Visual Studio 2005/483/CMUCam/arm-2006q3/bin/../lib/gcc/arm-none-eabi/4.1.1/../../../../arm-none-eabi/lib/libc.a(memcpy.o)
 .glue_7t       0x0001295c        0x0 /media/sda4/Documents/Visual Studio 2005/483/CMUCam/arm-2006q3/bin/../lib/gcc/arm-none-eabi/4.1.1/../../../../arm-none-eabi/lib/libc.a(memset.o)
 .glue_7t       0x0001295c        0x0 /media/sda4/Documents/Visual Studio 2005/483/CMUCam/arm-2006q3/bin/../lib/gcc/arm-none-eabi/4.1.1/../../../../arm-none-eabi/lib/libc.a(mktm_r.o)
 .glue_7t       0x0001295c        0x0 /media/sda4/Documents/Visual Studio 2005/483/CMUCam/arm-2006q3/bin/../lib/gcc/arm-none-eabi/4.1.1/../../../../arm-none-eabi/lib/libc.a(mlock.o)
 .glue_7t       0x0001295c        0x0 /media/sda4/Documents/Visual Studio 2005/483/CMUCam/arm-2006q3/bin/../lib/gcc/arm-none-eabi/4.1.1/../../../../arm-none-eabi/lib/libc.a(openr.o)
 .glue_7t       0x0001295c        0x0 /media/sda4/Documents/Visual Studio 2005/483/CMUCam/arm-2006q3/bin/../lib/gcc/arm-none-eabi/4.1.1/../../../../arm-none-eabi/lib/libc.a(reent.o)
 .glue_7t       0x0001295c        0x0 /media/sda4/Documents/Visual Studio 2005/483/CMUCam/arm-2006q3/bin/../lib/gcc/arm-none-eabi/4.1.1/../../../../arm-none-eabi/lib/libc.a(refill.o)
 .glue_7t       0x0001295c        0x0 /media/sda4/Documents/Visual Studio 2005/483/CMUCam/arm-2006q3/bin/../lib/gcc/arm-none-eabi/4.1.1/../../../../arm-none-eabi/lib/libc.a(rget.o)
 .glue_7t       0x0001295c        0x0 /media/sda4/Documents/Visual Studio 2005/483/CMUCam/arm-2006q3/bin/../lib/gcc/arm-none-eabi/4.1.1/../../../../arm-none-eabi/lib/libc.a(sbrkr.o)
 .glue_7t       0x0001295c        0x0 /media/sda4/Documents/Visual Studio 2005/483/CMUCam/arm-2006q3/bin/../lib/gcc/arm-none-eabi/4.1.1/../../../../arm-none-eabi/lib/libc.a(setbuf.o)
 .glue_7t       0x0001295c        0x0 /media/sda4/Documents/Visual Studio 2005/483/CMUCam/arm-2006q3/bin/../lib/gcc/arm-none-eabi/4.1.1/../../../../arm-none-eabi/lib/libc.a(setjmp.o)
 .glue_7t       0x0001295c        0x0 /media/sda4/Documents/Visual Studio 2005/483/CMUCam/arm-2006q3/bin/../lib/gcc/arm-none-eabi/4.1.1/../../../../arm-none-eabi/lib/libc.a(setvbuf.o)
 .glue_7t       0x0001295c        0x0 /media/sda4/Documents/Visual Studio 2005/483/CMUCam/arm-2006q3/bin/../lib/gcc/arm-none-eabi/4.1.1/../../../../arm-none-eabi/lib/libc.a(siprintf.o)
 .glue_7t       0x0001295c        0x0 /media/sda4/Documents/Visual Studio 2005/483/CMUCam/arm-2006q3/bin/../lib/gcc/arm-none-eabi/4.1.1/../../../../arm-none-eabi/lib/libc.a(sniprintf.o)
 .glue_7t       0x0001295c        0x0 /media/sda4/Documents/Visual Studio 2005/483/CMUCam/arm-2006q3/bin/../lib/gcc/arm-none-eabi/4.1.1/../../../../arm-none-eabi/lib/libc.a(stdio.o)
 .glue_7t       0x0001295c        0x0 /media/sda4/Documents/Visual Studio 2005/483/CMUCam/arm-2006q3/bin/../lib/gcc/arm-none-eabi/4.1.1/../../../../arm-none-eabi/lib/libc.a(strcmp.o)
 .glue_7t       0x0001295c        0x0 /media/sda4/Documents/Visual Studio 2005/483/CMUCam/arm-2006q3/bin/../lib/gcc/arm-none-eabi/4.1.1/../../../../arm-none-eabi/lib/libc.a(strdup.o)
 .glue_7t       0x0001295c        0x0 /media/sda4/Documents/Visual Studio 2005/483/CMUCam/arm-2006q3/bin/../lib/gcc/arm-none-eabi/4.1.1/../../../../arm-none-eabi/lib/libc.a(strdup_r.o)
 .glue_7t       0x0001295c        0x0 /media/sda4/Documents/Visual Studio 2005/483/CMUCam/arm-2006q3/bin/../lib/gcc/arm-none-eabi/4.1.1/../../../../arm-none-eabi/lib/libc.a(strlen.o)
 .glue_7t       0x0001295c        0x0 /media/sda4/Documents/Visual Studio 2005/483/CMUCam/arm-2006q3/bin/../lib/gcc/arm-none-eabi/4.1.1/../../../../arm-none-eabi/lib/libc.a(strtok.o)
 .glue_7t       0x0001295c        0x0 /media/sda4/Documents/Visual Studio 2005/483/CMUCam/arm-2006q3/bin/../lib/gcc/arm-none-eabi/4.1.1/../../../../arm-none-eabi/lib/libc.a(strtok_r.o)
 .glue_7t       0x0001295c        0x0 /media/sda4/Documents/Visual Studio 2005/483/CMUCam/arm-2006q3/bin/../lib/gcc/arm-none-eabi/4.1.1/../../../../arm-none-eabi/lib/libc.a(strtol.o)
 .glue_7t       0x0001295c        0x0 /media/sda4/Documents/Visual Studio 2005/483/CMUCam/arm-2006q3/bin/../lib/gcc/arm-none-eabi/4.1.1/../../../../arm-none-eabi/lib/libc.a(sysgettod.o)
 .glue_7t       0x0001295c        0x0 /media/sda4/Documents/Visual Studio 2005/483/CMUCam/arm-2006q3/bin/../lib/gcc/arm-none-eabi/4.1.1/../../../../arm-none-eabi/lib/libc.a(tzlock.o)
 .glue_7t       0x0001295c        0x0 /media/sda4/Documents/Visual Studio 2005/483/CMUCam/arm-2006q3/bin/../lib/gcc/arm-none-eabi/4.1.1/../../../../arm-none-eabi/lib/libc.a(tzvars.o)
 .glue_7t       0x0001295c        0x0 /media/sda4/Documents/Visual Studio 2005/483/CMUCam/arm-2006q3/bin/../lib/gcc/arm-none-eabi/4.1.1/../../../../arm-none-eabi/lib/libc.a(vfiprintf.o)
 .glue_7t       0x0001295c        0x0 /media/sda4/Documents/Visual Studio 2005/483/CMUCam/arm-2006q3/bin/../lib/gcc/arm-none-eabi/4.1.1/../../../../arm-none-eabi/lib/libc.a(wbuf.o)
 .glue_7t       0x0001295c        0x0 /media/sda4/Documents/Visual Studio 2005/483/CMUCam/arm-2006q3/bin/../lib/gcc/arm-none-eabi/4.1.1/../../../../arm-none-eabi/lib/libc.a(wcrtomb.o)
 .glue_7t       0x0001295c        0x0 /media/sda4/Documents/Visual Studio 2005/483/CMUCam/arm-2006q3/bin/../lib/gcc/arm-none-eabi/4.1.1/../../../../arm-none-eabi/lib/libc.a(wcsrtombs.o)
 .glue_7t       0x0001295c        0x0 /media/sda4/Documents/Visual Studio 2005/483/CMUCam/arm-2006q3/bin/../lib/gcc/arm-none-eabi/4.1.1/../../../../arm-none-eabi/lib/libc.a(wctomb_r.o)
 .glue_7t       0x0001295c        0x0 /media/sda4/Documents/Visual Studio 2005/483/CMUCam/arm-2006q3/bin/../lib/gcc/arm-none-eabi/4.1.1/../../../../arm-none-eabi/lib/libc.a(writer.o)
 .glue_7t       0x0001295c        0x0 /media/sda4/Documents/Visual Studio 2005/483/CMUCam/arm-2006q3/bin/../lib/gcc/arm-none-eabi/4.1.1/../../../../arm-none-eabi/lib/libc.a(wsetup.o)
 .glue_7t       0x0001295c        0x0 /media/sda4/Documents/Visual Studio 2005/483/CMUCam/arm-2006q3/bin/../lib/gcc/arm-none-eabi/4.1.1/../../../../arm-none-eabi/lib/libc.a(__call_atexit.o)
 .glue_7t       0x0001295c        0x0 /media/sda4/Documents/Visual Studio 2005/483/CMUCam/arm-2006q3/bin/../lib/gcc/arm-none-eabi/4.1.1/../../../../arm-none-eabi/lib/libc.a(closer.o)
 .glue_7t       0x0001295c        0x0 /media/sda4/Documents/Visual Studio 2005/483/CMUCam/arm-2006q3/bin/../lib/gcc/arm-none-eabi/4.1.1/../../../../arm-none-eabi/lib/libc.a(fclose.o)
 .glue_7t       0x0001295c        0x0 /media/sda4/Documents/Visual Studio 2005/483/CMUCam/arm-2006q3/bin/../lib/gcc/arm-none-eabi/4.1.1/../../../../arm-none-eabi/lib/libc.a(flags.o)
 .glue_7t       0x0001295c        0x0 /media/sda4/Documents/Visual Studio 2005/483/CMUCam/arm-2006q3/bin/../lib/gcc/arm-none-eabi/4.1.1/../../../../arm-none-eabi/lib/libc.a(freer.o)
 .glue_7t       0x0001295c        0x0 /media/sda4/Documents/Visual Studio 2005/483/CMUCam/arm-2006q3/bin/../lib/gcc/arm-none-eabi/4.1.1/../../../../arm-none-eabi/lib/libc.a(fvwrite.o)
 .glue_7t       0x0001295c        0x0 /media/sda4/Documents/Visual Studio 2005/483/CMUCam/arm-2006q3/bin/../lib/gcc/arm-none-eabi/4.1.1/../../../../arm-none-eabi/lib/libc.a(gettzinfo.o)
 .glue_7t       0x0001295c        0x0 /media/sda4/Documents/Visual Studio 2005/483/CMUCam/arm-2006q3/bin/../lib/gcc/arm-none-eabi/4.1.1/../../../../arm-none-eabi/lib/libc.a(locale.o)
 .glue_7t       0x0001295c        0x0 /media/sda4/Documents/Visual Studio 2005/483/CMUCam/arm-2006q3/bin/../lib/gcc/arm-none-eabi/4.1.1/../../../../arm-none-eabi/lib/libc.a(lseekr.o)
 .glue_7t       0x0001295c        0x0 /media/sda4/Documents/Visual Studio 2005/483/CMUCam/arm-2006q3/bin/../lib/gcc/arm-none-eabi/4.1.1/../../../../arm-none-eabi/lib/libc.a(memchr.o)
 .glue_7t       0x0001295c        0x0 /media/sda4/Documents/Visual Studio 2005/483/CMUCam/arm-2006q3/bin/../lib/gcc/arm-none-eabi/4.1.1/../../../../arm-none-eabi/lib/libc.a(memmove.o)
 .glue_7t       0x0001295c        0x0 /media/sda4/Documents/Visual Studio 2005/483/CMUCam/arm-2006q3/bin/../lib/gcc/arm-none-eabi/4.1.1/../../../../arm-none-eabi/lib/libc.a(readr.o)
 .glue_7t       0x0001295c        0x0 /media/sda4/Documents/Visual Studio 2005/483/CMUCam/arm-2006q3/bin/../lib/gcc/arm-none-eabi/4.1.1/../../../../arm-none-eabi/lib/libc.a(reallocr.o)
 .glue_7t       0x0001295c        0x0 /media/sda4/Documents/Visual Studio 2005/483/CMUCam/arm-2006q3/bin/../lib/gcc/arm-none-eabi/4.1.1/libgcc.a(_aeabi_uldivmod.o)
 .glue_7t       0x0001295c        0x0 /media/sda4/Documents/Visual Studio 2005/483/CMUCam/arm-2006q3/bin/../lib/gcc/arm-none-eabi/4.1.1/libgcc.a(bpabi.o)
 .glue_7t       0x0001295c        0x0 /media/sda4/Documents/Visual Studio 2005/483/CMUCam/arm-2006q3/bin/../lib/gcc/arm-none-eabi/4.1.1/libgcc.a(_divdi3.o)
 .glue_7t       0x0001295c        0x0 /media/sda4/Documents/Visual Studio 2005/483/CMUCam/arm-2006q3/bin/../lib/gcc/arm-none-eabi/4.1.1/libgcc.a(_udivdi3.o)
 .glue_7t       0x0001295c        0x0 /media/sda4/Documents/Visual Studio 2005/483/CMUCam/arm-2006q3/bin/../lib/gcc/arm-none-eabi/4.1.1/libgcc.a(unwind-arm.o)
 .glue_7t       0x0001295c        0x0 /media/sda4/Documents/Visual Studio 2005/483/CMUCam/arm-2006q3/bin/../lib/gcc/arm-none-eabi/4.1.1/libgcc.a(libunwind.o)
 .glue_7t       0x0001295c        0x0 /media/sda4/Documents/Visual Studio 2005/483/CMUCam/arm-2006q3/bin/../lib/gcc/arm-none-eabi/4.1.1/libgcc.a(pr-support.o)
 .glue_7t       0x0001295c        0x0 /media/sda4/Documents/Visual Studio 2005/483/CMUCam/arm-2006q3/bin/../lib/gcc/arm-none-eabi/4.1.1/libgcc.a(_clz.o)
 .glue_7t       0x0001295c        0x0 /media/sda4/Documents/Visual Studio 2005/483/CMUCam/arm-2006q3/bin/../lib/gcc/arm-none-eabi/4.1.1/crtend.o
 .glue_7t       0x0001295c        0x0 /media/sda4/Documents/Visual Studio 2005/483/CMUCam/arm-2006q3/bin/../lib/gcc/arm-none-eabi/4.1.1/crtn.o
 *(.glue_7)
 .glue_7        0x0001295c        0x0 /media/sda4/Documents/Visual Studio 2005/483/CMUCam/arm-2006q3/bin/../lib/gcc/arm-none-eabi/4.1.1/crti.o
 .glue_7        0x0001295c        0x0 /media/sda4/Documents/Visual Studio 2005/483/CMUCam/arm-2006q3/bin/../lib/gcc/arm-none-eabi/4.1.1/crtbegin.o
 .glue_7        0x0001295c        0x0 lpc2106-cmucam3_buildfiles/cmucam2.o
 .glue_7        0x0001295c        0x0 ../../lib/cc3-ilp/libcc3-ilp_lpc2106-cmucam3.a(cc3_color_track.o)
 .glue_7        0x0001295c        0x0 ../../lib/cc3-ilp/libcc3-ilp_lpc2106-cmucam3.a(cc3_color_info.o)
 .glue_7        0x0001295c        0x0 ../../lib/cc3-ilp/libcc3-ilp_lpc2106-cmucam3.a(cc3_jpg.o)
 .glue_7        0x0001295c        0x0 ../../lib/cc3-ilp/libcc3-ilp_lpc2106-cmucam3.a(cc3_histogram.o)
 .glue_7        0x0001295c        0x0 ../../lib/cc3-ilp/libcc3-ilp_lpc2106-cmucam3.a(cc3_frame_diff.o)
 .glue_7        0x0001295c        0x0 ../../lib/cc3-ilp/libcc3-ilp_lpc2106-cmucam3.a(cc3_hsv.o)
 .glue_7        0x0001295c        0x0 ../../lib/cc3-ilp/libcc3-ilp_lpc2106-cmucam3.a(cc3_ilp.o)
 .glue_7        0x0001295c        0x0 ../../lib/jpeg-6b/libjpeg-6b_lpc2106-cmucam3.a(jcapimin.o)
 .glue_7        0x0001295c        0x0 ../../lib/jpeg-6b/libjpeg-6b_lpc2106-cmucam3.a(jcapistd.o)
 .glue_7        0x0001295c        0x0 ../../lib/jpeg-6b/libjpeg-6b_lpc2106-cmucam3.a(jcinit.o)
 .glue_7        0x0001295c        0x0 ../../lib/jpeg-6b/libjpeg-6b_lpc2106-cmucam3.a(jcmainct.o)
 .glue_7        0x0001295c        0x0 ../../lib/jpeg-6b/libjpeg-6b_lpc2106-cmucam3.a(jcmarker.o)
 .glue_7        0x0001295c        0x0 ../../lib/jpeg-6b/libjpeg-6b_lpc2106-cmucam3.a(jcmaster.o)
 .glue_7        0x0001295c        0x0 ../../lib/jpeg-6b/libjpeg-6b_lpc2106-cmucam3.a(jcomapi.o)
 .glue_7        0x0001295c        0x0 ../../lib/jpeg-6b/libjpeg-6b_lpc2106-cmucam3.a(jcparam.o)
 .glue_7        0x0001295c        0x0 ../../lib/jpeg-6b/libjpeg-6b_lpc2106-cmucam3.a(jcprepct.o)
 .glue_7        0x0001295c        0x0 ../../lib/jpeg-6b/libjpeg-6b_lpc2106-cmucam3.a(jcsample.o)
 .glue_7        0x0001295c        0x0 ../../lib/jpeg-6b/libjpeg-6b_lpc2106-cmucam3.a(jdatadst.o)
 .glue_7        0x0001295c        0x0 ../../lib/jpeg-6b/libjpeg-6b_lpc2106-cmucam3.a(jerror.o)
 .glue_7        0x0001295c        0x0 ../../lib/jpeg-6b/libjpeg-6b_lpc2106-cmucam3.a(jutils.o)
 .glue_7        0x0001295c        0x0 ../../lib/jpeg-6b/libjpeg-6b_lpc2106-cmucam3.a(jmemmgr.o)
 .glue_7        0x0001295c        0x0 ../../lib/jpeg-6b/libjpeg-6b_lpc2106-cmucam3.a(jmemnobs.o)
 .glue_7        0x0001295c        0x0 ../../lib/jpeg-6b/libjpeg-6b_lpc2106-cmucam3.a(jccoefct.o)
 .glue_7        0x0001295c        0x0 ../../lib/jpeg-6b/libjpeg-6b_lpc2106-cmucam3.a(jccolor.o)
 .glue_7        0x0001295c        0x0 ../../lib/jpeg-6b/libjpeg-6b_lpc2106-cmucam3.a(jcdctmgr.o)
 .glue_7        0x0001295c        0x0 ../../lib/jpeg-6b/libjpeg-6b_lpc2106-cmucam3.a(jchuff.o)
 .glue_7        0x0001295c        0x0 ../../lib/jpeg-6b/libjpeg-6b_lpc2106-cmucam3.a(jfdctint.o)
 .glue_7        0x0001295c        0x0 ../../hal/lpc2106-cmucam3/libhal-lpc2106-cmucam3.a(interrupt.o)
 .glue_7        0x0001295c        0x0 ../../hal/lpc2106-cmucam3/libhal-lpc2106-cmucam3.a(cc3.o)
 .glue_7        0x0001295c        0x0 ../../hal/lpc2106-cmucam3/libhal-lpc2106-cmucam3.a(cc3_hal.o)
 .glue_7        0x0001295c        0x0 ../../hal/lpc2106-cmucam3/libhal-lpc2106-cmucam3.a(syscalls.o)
 .glue_7        0x0001295c        0x0 ../../hal/lpc2106-cmucam3/libhal-lpc2106-cmucam3.a(serial.o)
 .glue_7        0x0001295c        0x0 ../../hal/lpc2106-cmucam3/libhal-lpc2106-cmucam3.a(servo.o)
 .glue_7        0x0001295c        0x0 ../../hal/lpc2106-cmucam3/libhal-lpc2106-cmucam3.a(rdcf2.o)
 .glue_7        0x0001295c        0x0 ../../hal/lpc2106-cmucam3/libhal-lpc2106-cmucam3.a(mmc_hardware.o)
 .glue_7        0x0001295c        0x0 ../../hal/lpc2106-cmucam3/libhal-lpc2106-cmucam3.a(mmc_driver.o)
 .glue_7        0x0001295c        0x0 ../../hal/lpc2106-cmucam3/libhal-lpc2106-cmucam3.a(gpio.o)
 .glue_7        0x0001295c        0x0 ../../hal/lpc2106-cmucam3/libhal-lpc2106-cmucam3.a(devices.o)
 .glue_7        0x0001295c        0x0 ../../hal/lpc2106-cmucam3/libhal-lpc2106-cmucam3.a(uart_driver.o)
 .glue_7        0x0001295c        0x0 ../../hal/lpc2106-cmucam3/libhal-lpc2106-cmucam3.a(startup.o)
 .glue_7        0x0001295c        0x0 /media/sda4/Documents/Visual Studio 2005/483/CMUCam/arm-2006q3/bin/../lib/gcc/arm-none-eabi/4.1.1/libgcc.a(_udivsi3.o)
 .glue_7        0x0001295c        0x0 /media/sda4/Documents/Visual Studio 2005/483/CMUCam/arm-2006q3/bin/../lib/gcc/arm-none-eabi/4.1.1/libgcc.a(_divsi3.o)
 .glue_7        0x0001295c        0x0 /media/sda4/Documents/Visual Studio 2005/483/CMUCam/arm-2006q3/bin/../lib/gcc/arm-none-eabi/4.1.1/libgcc.a(_dvmd_tls.o)
 .glue_7        0x0001295c        0x0 /media/sda4/Documents/Visual Studio 2005/483/CMUCam/arm-2006q3/bin/../lib/gcc/arm-none-eabi/4.1.1/../../../../arm-none-eabi/lib/libc.a(atoi.o)
 .glue_7        0x0001295c        0x0 /media/sda4/Documents/Visual Studio 2005/483/CMUCam/arm-2006q3/bin/../lib/gcc/arm-none-eabi/4.1.1/../../../../arm-none-eabi/lib/libc.a(calloc.o)
 .glue_7        0x0001295c        0x0 /media/sda4/Documents/Visual Studio 2005/483/CMUCam/arm-2006q3/bin/../lib/gcc/arm-none-eabi/4.1.1/../../../../arm-none-eabi/lib/libc.a(callocr.o)
 .glue_7        0x0001295c        0x0 /media/sda4/Documents/Visual Studio 2005/483/CMUCam/arm-2006q3/bin/../lib/gcc/arm-none-eabi/4.1.1/../../../../arm-none-eabi/lib/libc.a(ctype_.o)
 .glue_7        0x0001295c        0x0 /media/sda4/Documents/Visual Studio 2005/483/CMUCam/arm-2006q3/bin/../lib/gcc/arm-none-eabi/4.1.1/../../../../arm-none-eabi/lib/libc.a(exit.o)
 .glue_7        0x0001295c        0x0 /media/sda4/Documents/Visual Studio 2005/483/CMUCam/arm-2006q3/bin/../lib/gcc/arm-none-eabi/4.1.1/../../../../arm-none-eabi/lib/libc.a(ferror.o)
 .glue_7        0x0001295c        0x0 /media/sda4/Documents/Visual Studio 2005/483/CMUCam/arm-2006q3/bin/../lib/gcc/arm-none-eabi/4.1.1/../../../../arm-none-eabi/lib/libc.a(fflush.o)
 .glue_7        0x0001295c        0x0 /media/sda4/Documents/Visual Studio 2005/483/CMUCam/arm-2006q3/bin/../lib/gcc/arm-none-eabi/4.1.1/../../../../arm-none-eabi/lib/libc.a(findfp.o)
 .glue_7        0x0001295c        0x0 /media/sda4/Documents/Visual Studio 2005/483/CMUCam/arm-2006q3/bin/../lib/gcc/arm-none-eabi/4.1.1/../../../../arm-none-eabi/lib/libc.a(fiprintf.o)
 .glue_7        0x0001295c        0x0 /media/sda4/Documents/Visual Studio 2005/483/CMUCam/arm-2006q3/bin/../lib/gcc/arm-none-eabi/4.1.1/../../../../arm-none-eabi/lib/libc.a(fopen.o)
 .glue_7        0x0001295c        0x0 /media/sda4/Documents/Visual Studio 2005/483/CMUCam/arm-2006q3/bin/../lib/gcc/arm-none-eabi/4.1.1/../../../../arm-none-eabi/lib/libc.a(fseek.o)
 .glue_7        0x0001295c        0x0 /media/sda4/Documents/Visual Studio 2005/483/CMUCam/arm-2006q3/bin/../lib/gcc/arm-none-eabi/4.1.1/../../../../arm-none-eabi/lib/libc.a(fstatr.o)
 .glue_7        0x0001295c        0x0 /media/sda4/Documents/Visual Studio 2005/483/CMUCam/arm-2006q3/bin/../lib/gcc/arm-none-eabi/4.1.1/../../../../arm-none-eabi/lib/libc.a(fwalk.o)
 .glue_7        0x0001295c        0x0 /media/sda4/Documents/Visual Studio 2005/483/CMUCam/arm-2006q3/bin/../lib/gcc/arm-none-eabi/4.1.1/../../../../arm-none-eabi/lib/libc.a(fwrite.o)
 .glue_7        0x0001295c        0x0 /media/sda4/Documents/Visual Studio 2005/483/CMUCam/arm-2006q3/bin/../lib/gcc/arm-none-eabi/4.1.1/../../../../arm-none-eabi/lib/libc.a(impure.o)
 .glue_7        0x0001295c        0x0 /media/sda4/Documents/Visual Studio 2005/483/CMUCam/arm-2006q3/bin/../lib/gcc/arm-none-eabi/4.1.1/../../../../arm-none-eabi/lib/libc.a(iprintf.o)
 .glue_7        0x0001295c        0x0 /media/sda4/Documents/Visual Studio 2005/483/CMUCam/arm-2006q3/bin/../lib/gcc/arm-none-eabi/4.1.1/../../../../arm-none-eabi/lib/libc.a(lcltime_r.o)
 .glue_7        0x0001295c        0x0 /media/sda4/Documents/Visual Studio 2005/483/CMUCam/arm-2006q3/bin/../lib/gcc/arm-none-eabi/4.1.1/../../../../arm-none-eabi/lib/libc.a(makebuf.o)
 .glue_7        0x0001295c        0x0 /media/sda4/Documents/Visual Studio 2005/483/CMUCam/arm-2006q3/bin/../lib/gcc/arm-none-eabi/4.1.1/../../../../arm-none-eabi/lib/libc.a(malloc.o)
 .glue_7        0x0001295c        0x0 /media/sda4/Documents/Visual Studio 2005/483/CMUCam/arm-2006q3/bin/../lib/gcc/arm-none-eabi/4.1.1/../../../../arm-none-eabi/lib/libc.a(mallocr.o)
 .glue_7        0x0001295c        0x0 /media/sda4/Documents/Visual Studio 2005/483/CMUCam/arm-2006q3/bin/../lib/gcc/arm-none-eabi/4.1.1/../../../../arm-none-eabi/lib/libc.a(memcmp.o)
 .glue_7        0x0001295c        0x0 /media/sda4/Documents/Visual Studio 2005/483/CMUCam/arm-2006q3/bin/../lib/gcc/arm-none-eabi/4.1.1/../../../../arm-none-eabi/lib/libc.a(memcpy.o)
 .glue_7        0x0001295c        0x0 /media/sda4/Documents/Visual Studio 2005/483/CMUCam/arm-2006q3/bin/../lib/gcc/arm-none-eabi/4.1.1/../../../../arm-none-eabi/lib/libc.a(memset.o)
 .glue_7        0x0001295c        0x0 /media/sda4/Documents/Visual Studio 2005/483/CMUCam/arm-2006q3/bin/../lib/gcc/arm-none-eabi/4.1.1/../../../../arm-none-eabi/lib/libc.a(mktm_r.o)
 .glue_7        0x0001295c        0x0 /media/sda4/Documents/Visual Studio 2005/483/CMUCam/arm-2006q3/bin/../lib/gcc/arm-none-eabi/4.1.1/../../../../arm-none-eabi/lib/libc.a(mlock.o)
 .glue_7        0x0001295c        0x0 /media/sda4/Documents/Visual Studio 2005/483/CMUCam/arm-2006q3/bin/../lib/gcc/arm-none-eabi/4.1.1/../../../../arm-none-eabi/lib/libc.a(openr.o)
 .glue_7        0x0001295c        0x0 /media/sda4/Documents/Visual Studio 2005/483/CMUCam/arm-2006q3/bin/../lib/gcc/arm-none-eabi/4.1.1/../../../../arm-none-eabi/lib/libc.a(reent.o)
 .glue_7        0x0001295c        0x0 /media/sda4/Documents/Visual Studio 2005/483/CMUCam/arm-2006q3/bin/../lib/gcc/arm-none-eabi/4.1.1/../../../../arm-none-eabi/lib/libc.a(refill.o)
 .glue_7        0x0001295c        0x0 /media/sda4/Documents/Visual Studio 2005/483/CMUCam/arm-2006q3/bin/../lib/gcc/arm-none-eabi/4.1.1/../../../../arm-none-eabi/lib/libc.a(rget.o)
 .glue_7        0x0001295c        0x0 /media/sda4/Documents/Visual Studio 2005/483/CMUCam/arm-2006q3/bin/../lib/gcc/arm-none-eabi/4.1.1/../../../../arm-none-eabi/lib/libc.a(sbrkr.o)
 .glue_7        0x0001295c        0x0 /media/sda4/Documents/Visual Studio 2005/483/CMUCam/arm-2006q3/bin/../lib/gcc/arm-none-eabi/4.1.1/../../../../arm-none-eabi/lib/libc.a(setbuf.o)
 .glue_7        0x0001295c        0x0 /media/sda4/Documents/Visual Studio 2005/483/CMUCam/arm-2006q3/bin/../lib/gcc/arm-none-eabi/4.1.1/../../../../arm-none-eabi/lib/libc.a(setjmp.o)
 .glue_7        0x0001295c        0x0 /media/sda4/Documents/Visual Studio 2005/483/CMUCam/arm-2006q3/bin/../lib/gcc/arm-none-eabi/4.1.1/../../../../arm-none-eabi/lib/libc.a(setvbuf.o)
 .glue_7        0x0001295c        0x0 /media/sda4/Documents/Visual Studio 2005/483/CMUCam/arm-2006q3/bin/../lib/gcc/arm-none-eabi/4.1.1/../../../../arm-none-eabi/lib/libc.a(siprintf.o)
 .glue_7        0x0001295c        0x0 /media/sda4/Documents/Visual Studio 2005/483/CMUCam/arm-2006q3/bin/../lib/gcc/arm-none-eabi/4.1.1/../../../../arm-none-eabi/lib/libc.a(sniprintf.o)
 .glue_7        0x0001295c        0x0 /media/sda4/Documents/Visual Studio 2005/483/CMUCam/arm-2006q3/bin/../lib/gcc/arm-none-eabi/4.1.1/../../../../arm-none-eabi/lib/libc.a(stdio.o)
 .glue_7        0x0001295c        0x0 /media/sda4/Documents/Visual Studio 2005/483/CMUCam/arm-2006q3/bin/../lib/gcc/arm-none-eabi/4.1.1/../../../../arm-none-eabi/lib/libc.a(strcmp.o)
 .glue_7        0x0001295c        0x0 /media/sda4/Documents/Visual Studio 2005/483/CMUCam/arm-2006q3/bin/../lib/gcc/arm-none-eabi/4.1.1/../../../../arm-none-eabi/lib/libc.a(strdup.o)
 .glue_7        0x0001295c        0x0 /media/sda4/Documents/Visual Studio 2005/483/CMUCam/arm-2006q3/bin/../lib/gcc/arm-none-eabi/4.1.1/../../../../arm-none-eabi/lib/libc.a(strdup_r.o)
 .glue_7        0x0001295c        0x0 /media/sda4/Documents/Visual Studio 2005/483/CMUCam/arm-2006q3/bin/../lib/gcc/arm-none-eabi/4.1.1/../../../../arm-none-eabi/lib/libc.a(strlen.o)
 .glue_7        0x0001295c        0x0 /media/sda4/Documents/Visual Studio 2005/483/CMUCam/arm-2006q3/bin/../lib/gcc/arm-none-eabi/4.1.1/../../../../arm-none-eabi/lib/libc.a(strtok.o)
 .glue_7        0x0001295c        0x0 /media/sda4/Documents/Visual Studio 2005/483/CMUCam/arm-2006q3/bin/../lib/gcc/arm-none-eabi/4.1.1/../../../../arm-none-eabi/lib/libc.a(strtok_r.o)
 .glue_7        0x0001295c        0x0 /media/sda4/Documents/Visual Studio 2005/483/CMUCam/arm-2006q3/bin/../lib/gcc/arm-none-eabi/4.1.1/../../../../arm-none-eabi/lib/libc.a(strtol.o)
 .glue_7        0x0001295c        0x0 /media/sda4/Documents/Visual Studio 2005/483/CMUCam/arm-2006q3/bin/../lib/gcc/arm-none-eabi/4.1.1/../../../../arm-none-eabi/lib/libc.a(sysgettod.o)
 .glue_7        0x0001295c        0x0 /media/sda4/Documents/Visual Studio 2005/483/CMUCam/arm-2006q3/bin/../lib/gcc/arm-none-eabi/4.1.1/../../../../arm-none-eabi/lib/libc.a(tzlock.o)
 .glue_7        0x0001295c        0x0 /media/sda4/Documents/Visual Studio 2005/483/CMUCam/arm-2006q3/bin/../lib/gcc/arm-none-eabi/4.1.1/../../../../arm-none-eabi/lib/libc.a(tzvars.o)
 .glue_7        0x0001295c        0x0 /media/sda4/Documents/Visual Studio 2005/483/CMUCam/arm-2006q3/bin/../lib/gcc/arm-none-eabi/4.1.1/../../../../arm-none-eabi/lib/libc.a(vfiprintf.o)
 .glue_7        0x0001295c        0x0 /media/sda4/Documents/Visual Studio 2005/483/CMUCam/arm-2006q3/bin/../lib/gcc/arm-none-eabi/4.1.1/../../../../arm-none-eabi/lib/libc.a(wbuf.o)
 .glue_7        0x0001295c        0x0 /media/sda4/Documents/Visual Studio 2005/483/CMUCam/arm-2006q3/bin/../lib/gcc/arm-none-eabi/4.1.1/../../../../arm-none-eabi/lib/libc.a(wcrtomb.o)
 .glue_7        0x0001295c        0x0 /media/sda4/Documents/Visual Studio 2005/483/CMUCam/arm-2006q3/bin/../lib/gcc/arm-none-eabi/4.1.1/../../../../arm-none-eabi/lib/libc.a(wcsrtombs.o)
 .glue_7        0x0001295c        0x0 /media/sda4/Documents/Visual Studio 2005/483/CMUCam/arm-2006q3/bin/../lib/gcc/arm-none-eabi/4.1.1/../../../../arm-none-eabi/lib/libc.a(wctomb_r.o)
 .glue_7        0x0001295c        0x0 /media/sda4/Documents/Visual Studio 2005/483/CMUCam/arm-2006q3/bin/../lib/gcc/arm-none-eabi/4.1.1/../../../../arm-none-eabi/lib/libc.a(writer.o)
 .glue_7        0x0001295c        0x0 /media/sda4/Documents/Visual Studio 2005/483/CMUCam/arm-2006q3/bin/../lib/gcc/arm-none-eabi/4.1.1/../../../../arm-none-eabi/lib/libc.a(wsetup.o)
 .glue_7        0x0001295c        0x0 /media/sda4/Documents/Visual Studio 2005/483/CMUCam/arm-2006q3/bin/../lib/gcc/arm-none-eabi/4.1.1/../../../../arm-none-eabi/lib/libc.a(__call_atexit.o)
 .glue_7        0x0001295c        0x0 /media/sda4/Documents/Visual Studio 2005/483/CMUCam/arm-2006q3/bin/../lib/gcc/arm-none-eabi/4.1.1/../../../../arm-none-eabi/lib/libc.a(closer.o)
 .glue_7        0x0001295c        0x0 /media/sda4/Documents/Visual Studio 2005/483/CMUCam/arm-2006q3/bin/../lib/gcc/arm-none-eabi/4.1.1/../../../../arm-none-eabi/lib/libc.a(fclose.o)
 .glue_7        0x0001295c        0x0 /media/sda4/Documents/Visual Studio 2005/483/CMUCam/arm-2006q3/bin/../lib/gcc/arm-none-eabi/4.1.1/../../../../arm-none-eabi/lib/libc.a(flags.o)
 .glue_7        0x0001295c        0x0 /media/sda4/Documents/Visual Studio 2005/483/CMUCam/arm-2006q3/bin/../lib/gcc/arm-none-eabi/4.1.1/../../../../arm-none-eabi/lib/libc.a(freer.o)
 .glue_7        0x0001295c        0x0 /media/sda4/Documents/Visual Studio 2005/483/CMUCam/arm-2006q3/bin/../lib/gcc/arm-none-eabi/4.1.1/../../../../arm-none-eabi/lib/libc.a(fvwrite.o)
 .glue_7        0x0001295c        0x0 /media/sda4/Documents/Visual Studio 2005/483/CMUCam/arm-2006q3/bin/../lib/gcc/arm-none-eabi/4.1.1/../../../../arm-none-eabi/lib/libc.a(gettzinfo.o)
 .glue_7        0x0001295c        0x0 /media/sda4/Documents/Visual Studio 2005/483/CMUCam/arm-2006q3/bin/../lib/gcc/arm-none-eabi/4.1.1/../../../../arm-none-eabi/lib/libc.a(locale.o)
 .glue_7        0x0001295c        0x0 /media/sda4/Documents/Visual Studio 2005/483/CMUCam/arm-2006q3/bin/../lib/gcc/arm-none-eabi/4.1.1/../../../../arm-none-eabi/lib/libc.a(lseekr.o)
 .glue_7        0x0001295c        0x0 /media/sda4/Documents/Visual Studio 2005/483/CMUCam/arm-2006q3/bin/../lib/gcc/arm-none-eabi/4.1.1/../../../../arm-none-eabi/lib/libc.a(memchr.o)
 .glue_7        0x0001295c        0x0 /media/sda4/Documents/Visual Studio 2005/483/CMUCam/arm-2006q3/bin/../lib/gcc/arm-none-eabi/4.1.1/../../../../arm-none-eabi/lib/libc.a(memmove.o)
 .glue_7        0x0001295c        0x0 /media/sda4/Documents/Visual Studio 2005/483/CMUCam/arm-2006q3/bin/../lib/gcc/arm-none-eabi/4.1.1/../../../../arm-none-eabi/lib/libc.a(readr.o)
 .glue_7        0x0001295c        0x0 /media/sda4/Documents/Visual Studio 2005/483/CMUCam/arm-2006q3/bin/../lib/gcc/arm-none-eabi/4.1.1/../../../../arm-none-eabi/lib/libc.a(reallocr.o)
 .glue_7        0x0001295c        0x0 /media/sda4/Documents/Visual Studio 2005/483/CMUCam/arm-2006q3/bin/../lib/gcc/arm-none-eabi/4.1.1/libgcc.a(_aeabi_uldivmod.o)
 .glue_7        0x0001295c        0x0 /media/sda4/Documents/Visual Studio 2005/483/CMUCam/arm-2006q3/bin/../lib/gcc/arm-none-eabi/4.1.1/libgcc.a(bpabi.o)
 .glue_7        0x0001295c        0x0 /media/sda4/Documents/Visual Studio 2005/483/CMUCam/arm-2006q3/bin/../lib/gcc/arm-none-eabi/4.1.1/libgcc.a(_divdi3.o)
 .glue_7        0x0001295c        0x0 /media/sda4/Documents/Visual Studio 2005/483/CMUCam/arm-2006q3/bin/../lib/gcc/arm-none-eabi/4.1.1/libgcc.a(_udivdi3.o)
 .glue_7        0x0001295c        0x0 /media/sda4/Documents/Visual Studio 2005/483/CMUCam/arm-2006q3/bin/../lib/gcc/arm-none-eabi/4.1.1/libgcc.a(unwind-arm.o)
 .glue_7        0x0001295c        0x0 /media/sda4/Documents/Visual Studio 2005/483/CMUCam/arm-2006q3/bin/../lib/gcc/arm-none-eabi/4.1.1/libgcc.a(libunwind.o)
 .glue_7        0x0001295c        0x0 /media/sda4/Documents/Visual Studio 2005/483/CMUCam/arm-2006q3/bin/../lib/gcc/arm-none-eabi/4.1.1/libgcc.a(pr-support.o)
 .glue_7        0x0001295c        0x0 /media/sda4/Documents/Visual Studio 2005/483/CMUCam/arm-2006q3/bin/../lib/gcc/arm-none-eabi/4.1.1/libgcc.a(_clz.o)
 .glue_7        0x0001295c        0x0 /media/sda4/Documents/Visual Studio 2005/483/CMUCam/arm-2006q3/bin/../lib/gcc/arm-none-eabi/4.1.1/crtend.o
 .glue_7        0x0001295c        0x0 /media/sda4/Documents/Visual Studio 2005/483/CMUCam/arm-2006q3/bin/../lib/gcc/arm-none-eabi/4.1.1/crtn.o
 *(.vfp11_veneer)
 *(.rodata .rodata.* .gnu.linkonce.r.*)
 .rodata.str1.4
                0x0001295c       0xc5 lpc2106-cmucam3_buildfiles/cmucam2.o
                                 0xd8 (size before relaxing)
 *fill*         0x00012a21        0x3 00
 .rodata.VERSION_BANNER
                0x00012a24       0x14 lpc2106-cmucam3_buildfiles/cmucam2.o
 .rodata.cmucam2_cmds
                0x00012a38       0x7b lpc2106-cmucam3_buildfiles/cmucam2.o
 .rodata.val_ac_chrominance.3105
                0x00012ab3       0xa2 ../../lib/jpeg-6b/libjpeg-6b_lpc2106-cmucam3.a(jcparam.o)
 .rodata.bits_ac_chrominance.3104
                0x00012b55       0x11 ../../lib/jpeg-6b/libjpeg-6b_lpc2106-cmucam3.a(jcparam.o)
 .rodata.val_ac_luminance.3103
                0x00012b66       0xa2 ../../lib/jpeg-6b/libjpeg-6b_lpc2106-cmucam3.a(jcparam.o)
 .rodata.bits_ac_luminance.3102
                0x00012c08       0x11 ../../lib/jpeg-6b/libjpeg-6b_lpc2106-cmucam3.a(jcparam.o)
 .rodata.val_dc_chrominance.3101
                0x00012c19        0xc ../../lib/jpeg-6b/libjpeg-6b_lpc2106-cmucam3.a(jcparam.o)
 .rodata.bits_dc_chrominance.3100
                0x00012c25       0x11 ../../lib/jpeg-6b/libjpeg-6b_lpc2106-cmucam3.a(jcparam.o)
 .rodata.val_dc_luminance.3099
                0x00012c36        0xc ../../lib/jpeg-6b/libjpeg-6b_lpc2106-cmucam3.a(jcparam.o)
 .rodata.bits_dc_luminance.3098
                0x00012c42       0x11 ../../lib/jpeg-6b/libjpeg-6b_lpc2106-cmucam3.a(jcparam.o)
 *fill*         0x00012c53        0x1 00
 .rodata.std_chrominance_quant_tbl.3058
                0x00012c54      0x100 ../../lib/jpeg-6b/libjpeg-6b_lpc2106-cmucam3.a(jcparam.o)
 .rodata.std_luminance_quant_tbl.3057
                0x00012d54      0x100 ../../lib/jpeg-6b/libjpeg-6b_lpc2106-cmucam3.a(jcparam.o)
 .rodata.str1.4
                0x00012e54     0x128f ../../lib/jpeg-6b/libjpeg-6b_lpc2106-cmucam3.a(jerror.o)
                               0x1290 (size before relaxing)
 *fill*         0x000140e3        0x1 00
 .rodata.jpeg_std_message_table
                0x000140e4      0x1f4 ../../lib/jpeg-6b/libjpeg-6b_lpc2106-cmucam3.a(jerror.o)
                0x000140e4                jpeg_std_message_table
 .rodata.jpeg_natural_order
                0x000142d8      0x140 ../../lib/jpeg-6b/libjpeg-6b_lpc2106-cmucam3.a(jutils.o)
                0x000142d8                jpeg_natural_order
 .rodata.first_pool_slop
                0x00014418        0x8 ../../lib/jpeg-6b/libjpeg-6b_lpc2106-cmucam3.a(jmemmgr.o)
 .rodata.extra_pool_slop
                0x00014420        0x8 ../../lib/jpeg-6b/libjpeg-6b_lpc2106-cmucam3.a(jmemmgr.o)
 .rodata.str1.4
                0x00014428       0x2b ../../hal/lpc2106-cmucam3/libhal-lpc2106-cmucam3.a(interrupt.o)
                                 0x2c (size before relaxing)
 *fill*         0x00014453        0x1 00
 .rodata.str1.4
                0x00014454        0xb ../../hal/lpc2106-cmucam3/libhal-lpc2106-cmucam3.a(serial.o)
                                 0x10 (size before relaxing)
 *fill*         0x0001445f        0x1 00
 .rodata._cc3_servo_map
                0x00014460       0x10 ../../hal/lpc2106-cmucam3/libhal-lpc2106-cmucam3.a(servo.o)
                0x00014460                _cc3_servo_map
 .rodata._cc3_uart_driver
                0x00014470       0x2c ../../hal/lpc2106-cmucam3/libhal-lpc2106-cmucam3.a(uart_driver.o)
                0x00014470                _cc3_uart_driver
 .rodata        0x0001449c      0x101 /media/sda4/Documents/Visual Studio 2005/483/CMUCam/arm-2006q3/bin/../lib/gcc/arm-none-eabi/4.1.1/../../../../arm-none-eabi/lib/libc.a(ctype_.o)
                0x0001449c                _ctype_
 *fill*         0x0001459d        0x3 00
 .rodata        0x000145a0        0x4 /media/sda4/Documents/Visual Studio 2005/483/CMUCam/arm-2006q3/bin/../lib/gcc/arm-none-eabi/4.1.1/../../../../arm-none-eabi/lib/libc.a(impure.o)
                0x000145a0                _global_impure_ptr
 .rodata.str1.4
                0x000145a4        0x2 /media/sda4/Documents/Visual Studio 2005/483/CMUCam/arm-2006q3/bin/../lib/gcc/arm-none-eabi/4.1.1/../../../../arm-none-eabi/lib/libc.a(impure.o)
                                  0x4 (size before relaxing)
 *fill*         0x000145a6        0x2 00
 .rodata.str1.4
                0x000145a8       0x4b /media/sda4/Documents/Visual Studio 2005/483/CMUCam/arm-2006q3/bin/../lib/gcc/arm-none-eabi/4.1.1/../../../../arm-none-eabi/lib/libc.a(vfiprintf.o)
                                 0x4c (size before relaxing)
 .rodata        0x000145f3       0x20 /media/sda4/Documents/Visual Studio 2005/483/CMUCam/arm-2006q3/bin/../lib/gcc/arm-none-eabi/4.1.1/../../../../arm-none-eabi/lib/libc.a(vfiprintf.o)
 *fill*         0x00014613        0x1 00
 .rodata.str1.4
                0x00014614       0x20 /media/sda4/Documents/Visual Studio 2005/483/CMUCam/arm-2006q3/bin/../lib/gcc/arm-none-eabi/4.1.1/../../../../arm-none-eabi/lib/libc.a(wctomb_r.o)
 .rodata        0x00014634      0x100 /media/sda4/Documents/Visual Studio 2005/483/CMUCam/arm-2006q3/bin/../lib/gcc/arm-none-eabi/4.1.1/libgcc.a(_clz.o)
                0x00014634                __clz_tab
 *(.ARM.extab* .gnu.linkonce.armextab.*)
 *(.gcc_except_table)
 *(.eh_frame_hdr)
 *(.eh_frame)
 .eh_frame      0x00014734        0x0 /media/sda4/Documents/Visual Studio 2005/483/CMUCam/arm-2006q3/bin/../lib/gcc/arm-none-eabi/4.1.1/crtbegin.o
                0x00014734                . = ALIGN (0x4)
 *(.init)
 .init          0x00014734        0xc /media/sda4/Documents/Visual Studio 2005/483/CMUCam/arm-2006q3/bin/../lib/gcc/arm-none-eabi/4.1.1/crti.o
                0x00014734                _init
 .init          0x00014740        0xc /media/sda4/Documents/Visual Studio 2005/483/CMUCam/arm-2006q3/bin/../lib/gcc/arm-none-eabi/4.1.1/crtn.o
                0x0001474c                . = ALIGN (0x4)
                0x0001474c                __preinit_array_start = .
 *(.preinit_array)
                0x0001474c                __preinit_array_end = .
                0x0001474c                . = ALIGN (0x4)
                0x0001474c                __init_array_start = .
 *(SORT(.init_array.*))
 *(.init_array)
 .init_array    0x0001474c        0x4 /media/sda4/Documents/Visual Studio 2005/483/CMUCam/arm-2006q3/bin/../lib/gcc/arm-none-eabi/4.1.1/crtbegin.o
                0x00014750                __init_array_end = .
                0x00014750                . = ALIGN (0x4)
 *crtbegin.o(.ctors)
 *(EXCLUDE_FILE(*crtend.o) .ctors)
 *(SORT(.ctors.*))
 *crtend.o(.ctors)
                0x00014750                . = ALIGN (0x4)
 *(.fini)
 .fini          0x00014750        0xc /media/sda4/Documents/Visual Studio 2005/483/CMUCam/arm-2006q3/bin/../lib/gcc/arm-none-eabi/4.1.1/crti.o
                0x00014750                _fini
 .fini          0x0001475c        0xc /media/sda4/Documents/Visual Studio 2005/483/CMUCam/arm-2006q3/bin/../lib/gcc/arm-none-eabi/4.1.1/crtn.o
                0x00014768                . = ALIGN (0x4)
                0x00014768                __fini_array_start = .
 *(.fini_array)
 .fini_array    0x00014768        0x4 /media/sda4/Documents/Visual Studio 2005/483/CMUCam/arm-2006q3/bin/../lib/gcc/arm-none-eabi/4.1.1/crtbegin.o
 *(SORT(.fini_array.*))
                0x0001476c                __fini_array_end = .
 *crtbegin.o(.dtors)
 *(EXCLUDE_FILE(*crtend.o) .dtors)
 *(SORT(.dtors.*))
 *crtend.o(.dtors)
                0x0001476c                __exidx_start = .

.ARM.exidx
 *(.ARM.exidx* .gnu.linkonce.armexidx.*)
                0x0001476c                __exidx_end = .

.text.align     0x0001476c        0x4
                0x00014770                . = ALIGN (0x8)
 *fill*         0x0001476c        0x4 00
                0x00014770                _etext = .

.stack          0x40000000     0x2400
                0x40002400                . = (. + STACK_SIZE)
 *fill*         0x40000000     0x2400 00
                0x40002400                _stack = .

.data           0x40002400      0x840 load address 0x00014770
                0x40002400                _data = .
 *(.jcr)
 .jcr           0x40002400        0x0 /media/sda4/Documents/Visual Studio 2005/483/CMUCam/arm-2006q3/bin/../lib/gcc/arm-none-eabi/4.1.1/crtbegin.o
 .jcr           0x40002400        0x4 /media/sda4/Documents/Visual Studio 2005/483/CMUCam/arm-2006q3/bin/../lib/gcc/arm-none-eabi/4.1.1/crtend.o
 *(.got.plt)
 *(.got)
 *(.shdata)
 *(.data .data.* .gnu.linkonce.d.*)
 .data.servo_val
                0x40002404        0x4 ../../hal/lpc2106-cmucam3/libhal-lpc2106-cmucam3.a(servo.o)
 .data.device_driver_table
                0x40002408        0x8 ../../hal/lpc2106-cmucam3/libhal-lpc2106-cmucam3.a(devices.o)